Archive member included to satisfy reference by file (symbol)

d:/software/env/env_released_0.7.0/tools/gnu_gcc/arm_gcc/mingw/bin/../lib/gcc/arm-none-eabi/5.4.1/../../../../arm-none-eabi/lib/armv7e-m/fpu\libc.a(lib_a-atoi.o)
                              build\kernel\components\drivers\spi\spi_flash_sfud.o (atoi)
d:/software/env/env_released_0.7.0/tools/gnu_gcc/arm_gcc/mingw/bin/../lib/gcc/arm-none-eabi/5.4.1/../../../../arm-none-eabi/lib/armv7e-m/fpu\libc.a(lib_a-atol.o)
                              build\kernel\components\drivers\spi\spi_flash_sfud.o (atol)
d:/software/env/env_released_0.7.0/tools/gnu_gcc/arm_gcc/mingw/bin/../lib/gcc/arm-none-eabi/5.4.1/../../../../arm-none-eabi/lib/armv7e-m/fpu\libc.a(lib_a-exit.o)
                              d:/software/env/env_released_0.7.0/tools/gnu_gcc/arm_gcc/mingw/bin/../lib/gcc/arm-none-eabi/5.4.1/../../../../arm-none-eabi/lib/armv7e-m/fpu/crt0.o (exit)
d:/software/env/env_released_0.7.0/tools/gnu_gcc/arm_gcc/mingw/bin/../lib/gcc/arm-none-eabi/5.4.1/../../../../arm-none-eabi/lib/armv7e-m/fpu\libc.a(lib_a-fclose.o)
                              build\kernel\components\libc\compilers\newlib\stdio.o (fclose)
d:/software/env/env_released_0.7.0/tools/gnu_gcc/arm_gcc/mingw/bin/../lib/gcc/arm-none-eabi/5.4.1/../../../../arm-none-eabi/lib/armv7e-m/fpu\libc.a(lib_a-fflush.o)
                              d:/software/env/env_released_0.7.0/tools/gnu_gcc/arm_gcc/mingw/bin/../lib/gcc/arm-none-eabi/5.4.1/../../../../arm-none-eabi/lib/armv7e-m/fpu\libc.a(lib_a-fclose.o) (__sflush_r)
d:/software/env/env_released_0.7.0/tools/gnu_gcc/arm_gcc/mingw/bin/../lib/gcc/arm-none-eabi/5.4.1/../../../../arm-none-eabi/lib/armv7e-m/fpu\libc.a(lib_a-fileno.o)
                              build\kernel\components\libc\compilers\newlib\stdio.o (fileno)
d:/software/env/env_released_0.7.0/tools/gnu_gcc/arm_gcc/mingw/bin/../lib/gcc/arm-none-eabi/5.4.1/../../../../arm-none-eabi/lib/armv7e-m/fpu\libc.a(lib_a-findfp.o)
                              d:/software/env/env_released_0.7.0/tools/gnu_gcc/arm_gcc/mingw/bin/../lib/gcc/arm-none-eabi/5.4.1/../../../../arm-none-eabi/lib/armv7e-m/fpu\libc.a(lib_a-fclose.o) (__sinit)
d:/software/env/env_released_0.7.0/tools/gnu_gcc/arm_gcc/mingw/bin/../lib/gcc/arm-none-eabi/5.4.1/../../../../arm-none-eabi/lib/armv7e-m/fpu\libc.a(lib_a-fopen.o)
                              build\kernel\components\libc\compilers\newlib\stdio.o (fopen)
d:/software/env/env_released_0.7.0/tools/gnu_gcc/arm_gcc/mingw/bin/../lib/gcc/arm-none-eabi/5.4.1/../../../../arm-none-eabi/lib/armv7e-m/fpu\libc.a(lib_a-fseek.o)
                              d:/software/env/env_released_0.7.0/tools/gnu_gcc/arm_gcc/mingw/bin/../lib/gcc/arm-none-eabi/5.4.1/../../../../arm-none-eabi/lib/armv7e-m/fpu\libc.a(lib_a-fopen.o) (_fseek_r)
d:/software/env/env_released_0.7.0/tools/gnu_gcc/arm_gcc/mingw/bin/../lib/gcc/arm-none-eabi/5.4.1/../../../../arm-none-eabi/lib/armv7e-m/fpu\libc.a(lib_a-fseeko.o)
                              d:/software/env/env_released_0.7.0/tools/gnu_gcc/arm_gcc/mingw/bin/../lib/gcc/arm-none-eabi/5.4.1/../../../../arm-none-eabi/lib/armv7e-m/fpu\libc.a(lib_a-fseek.o) (_fseeko_r)
d:/software/env/env_released_0.7.0/tools/gnu_gcc/arm_gcc/mingw/bin/../lib/gcc/arm-none-eabi/5.4.1/../../../../arm-none-eabi/lib/armv7e-m/fpu\libc.a(lib_a-fwalk.o)
                              d:/software/env/env_released_0.7.0/tools/gnu_gcc/arm_gcc/mingw/bin/../lib/gcc/arm-none-eabi/5.4.1/../../../../arm-none-eabi/lib/armv7e-m/fpu\libc.a(lib_a-findfp.o) (_fwalk)
d:/software/env/env_released_0.7.0/tools/gnu_gcc/arm_gcc/mingw/bin/../lib/gcc/arm-none-eabi/5.4.1/../../../../arm-none-eabi/lib/armv7e-m/fpu\libc.a(lib_a-impure.o)
                              build\kernel\components\libc\compilers\newlib\stdio.o (_global_impure_ptr)
d:/software/env/env_released_0.7.0/tools/gnu_gcc/arm_gcc/mingw/bin/../lib/gcc/arm-none-eabi/5.4.1/../../../../arm-none-eabi/lib/armv7e-m/fpu\libc.a(lib_a-lcltime.o)
                              build\kernel\components\dfs\filesystems\elmfat\dfs_elm.o (localtime)
d:/software/env/env_released_0.7.0/tools/gnu_gcc/arm_gcc/mingw/bin/../lib/gcc/arm-none-eabi/5.4.1/../../../../arm-none-eabi/lib/armv7e-m/fpu\libc.a(lib_a-lcltime_r.o)
                              d:/software/env/env_released_0.7.0/tools/gnu_gcc/arm_gcc/mingw/bin/../lib/gcc/arm-none-eabi/5.4.1/../../../../arm-none-eabi/lib/armv7e-m/fpu\libc.a(lib_a-lcltime.o) (localtime_r)
d:/software/env/env_released_0.7.0/tools/gnu_gcc/arm_gcc/mingw/bin/../lib/gcc/arm-none-eabi/5.4.1/../../../../arm-none-eabi/lib/armv7e-m/fpu\libc.a(lib_a-makebuf.o)
                              d:/software/env/env_released_0.7.0/tools/gnu_gcc/arm_gcc/mingw/bin/../lib/gcc/arm-none-eabi/5.4.1/../../../../arm-none-eabi/lib/armv7e-m/fpu\libc.a(lib_a-fseeko.o) (__smakebuf_r)
d:/software/env/env_released_0.7.0/tools/gnu_gcc/arm_gcc/mingw/bin/../lib/gcc/arm-none-eabi/5.4.1/../../../../arm-none-eabi/lib/armv7e-m/fpu\libc.a(lib_a-memcmp.o)
[...]
Memory Configuration

Name             Origin             Length             Attributes
CODE             0x08000000         0x00100000         xr
DATA             0x20000000         0x00020000         rw
*default*        0x00000000         0xffffffff

Linker script and memory map

LOAD d:/software/env/env_released_0.7.0/tools/gnu_gcc/arm_gcc/mingw/bin/../lib/gcc/arm-none-eabi/5.4.1/armv7e-m/fpu/crti.o
LOAD d:/software/env/env_released_0.7.0/tools/gnu_gcc/arm_gcc/mingw/bin/../lib/gcc/arm-none-eabi/5.4.1/armv7e-m/fpu/crtbegin.o
LOAD d:/software/env/env_released_0.7.0/tools/gnu_gcc/arm_gcc/mingw/bin/../lib/gcc/arm-none-eabi/5.4.1/../../../../arm-none-eabi/lib/armv7e-m/fpu/crt0.o
LOAD build\applications\main.o
LOAD build\applications\mem_test.o
LOAD build\drivers\board.o
LOAD build\drivers\stm32f4xx_it.o
LOAD build\drivers\drv_sdcard.o
LOAD build\drivers\drv_sdram.o
LOAD build\drivers\drv_gpio.o
LOAD build\drivers\drv_usart.o
LOAD build\drivers\drv_spi.o
LOAD build\drivers\drv_romfs.o
LOAD build\Libraries\CMSIS\Device\ST\STM32F4xx\Source\Templates\system_stm32f4xx.o
LOAD build\Libraries\CMSIS\Device\ST\STM32F4xx\Source\Templates\gcc\startup_stm32f469xx.o
LOAD build\Libraries\STM32F4xx_HAL_Driver\Src\stm32f4xx_hal.o
LOAD build\Libraries\STM32F4xx_HAL_Driver\Src\stm32f4xx_hal_adc.o
LOAD build\Libraries\STM32F4xx_HAL_Driver\Src\stm32f4xx_hal_adc_ex.o
LOAD build\Libraries\STM32F4xx_HAL_Driver\Src\stm32f4xx_hal_can.o
LOAD build\Libraries\STM32F4xx_HAL_Driver\Src\stm32f4xx_hal_cec.o
LOAD build\Libraries\STM32F4xx_HAL_Driver\Src\stm32f4xx_hal_cortex.o
LOAD build\Libraries\STM32F4xx_HAL_Driver\Src\stm32f4xx_hal_crc.o
LOAD build\Libraries\STM32F4xx_HAL_Driver\Src\stm32f4xx_hal_cryp.o
LOAD build\Libraries\STM32F4xx_HAL_Driver\Src\stm32f4xx_hal_cryp_ex.o
LOAD build\Libraries\STM32F4xx_HAL_Driver\Src\stm32f4xx_hal_dac.o
LOAD build\Libraries\STM32F4xx_HAL_Driver\Src\stm32f4xx_hal_dac_ex.o
LOAD build\Libraries\STM32F4xx_HAL_Driver\Src\stm32f4xx_hal_dcmi.o
LOAD build\Libraries\STM32F4xx_HAL_Driver\Src\stm32f4xx_hal_dcmi_ex.o
LOAD build\Libraries\STM32F4xx_HAL_Driver\Src\stm32f4xx_hal_dfsdm.o
LOAD build\Libraries\STM32F4xx_HAL_Driver\Src\stm32f4xx_hal_dma.o
LOAD build\Libraries\STM32F4xx_HAL_Driver\Src\stm32f4xx_hal_dma2d.o
LOAD build\Libraries\STM32F4xx_HAL_Driver\Src\stm32f4xx_hal_dma_ex.o
LOAD build\Libraries\STM32F4xx_HAL_Driver\Src\stm32f4xx_hal_dsi.o
LOAD build\Libraries\STM32F4xx_HAL_Driver\Src\stm32f4xx_hal_eth.o
LOAD build\Libraries\STM32F4xx_HAL_Driver\Src\stm32f4xx_hal_flash.o
LOAD build\Libraries\STM32F4xx_HAL_Driver\Src\stm32f4xx_hal_flash_ex.o
LOAD build\Libraries\STM32F4xx_HAL_Driver\Src\stm32f4xx_hal_flash_ramfunc.o
LOAD build\Libraries\STM32F4xx_HAL_Driver\Src\stm32f4xx_hal_fmpi2c.o
LOAD build\Libraries\STM32F4xx_HAL_Driver\Src\stm32f4xx_hal_fmpi2c_ex.o
LOAD build\Libraries\STM32F4xx_HAL_Driver\Src\stm32f4xx_hal_gpio.o
LOAD build\Libraries\STM32F4xx_HAL_Driver\Src\stm32f4xx_hal_hash.o
LOAD build\Libraries\STM32F4xx_HAL_Driver\Src\stm32f4xx_hal_hash_ex.o
LOAD build\Libraries\STM32F4xx_HAL_Driver\Src\stm32f4xx_hal_hcd.o
LOAD build\Libraries\STM32F4xx_HAL_Driver\Src\stm32f4xx_hal_i2c.o
LOAD build\Libraries\STM32F4xx_HAL_Driver\Src\stm32f4xx_hal_i2c_ex.o
LOAD build\Libraries\STM32F4xx_HAL_Driver\Src\stm32f4xx_hal_i2s.o
LOAD build\Libraries\STM32F4xx_HAL_Driver\Src\stm32f4xx_hal_i2s_ex.o
LOAD build\Libraries\STM32F4xx_HAL_Driver\Src\stm32f4xx_hal_irda.o
LOAD build\Libraries\STM32F4xx_HAL_Driver\Src\stm32f4xx_hal_iwdg.o
LOAD build\Libraries\STM32F4xx_HAL_Driver\Src\stm32f4xx_hal_lptim.o
LOAD build\Libraries\STM32F4xx_HAL_Driver\Src\stm32f4xx_hal_ltdc.o
LOAD build\Libraries\STM32F4xx_HAL_Driver\Src\stm32f4xx_hal_ltdc_ex.o
LOAD build\Libraries\STM32F4xx_HAL_Driver\Src\stm32f4xx_hal_mmc.o
LOAD build\Libraries\STM32F4xx_HAL_Driver\Src\stm32f4xx_hal_nand.o
LOAD build\Libraries\STM32F4xx_HAL_Driver\Src\stm32f4xx_hal_nor.o
LOAD build\Libraries\STM32F4xx_HAL_Driver\Src\stm32f4xx_hal_pccard.o
LOAD build\Libraries\STM32F4xx_HAL_Driver\Src\stm32f4xx_hal_pcd.o
LOAD build\Libraries\STM32F4xx_HAL_Driver\Src\stm32f4xx_hal_pcd_ex.o
LOAD build\Libraries\STM32F4xx_HAL_Driver\Src\stm32f4xx_hal_pwr.o
LOAD build\Libraries\STM32F4xx_HAL_Driver\Src\stm32f4xx_hal_pwr_ex.o
LOAD build\Libraries\STM32F4xx_HAL_Driver\Src\stm32f4xx_hal_qspi.o
LOAD build\Libraries\STM32F4xx_HAL_Driver\Src\stm32f4xx_hal_rcc.o
LOAD build\Libraries\STM32F4xx_HAL_Driver\Src\stm32f4xx_hal_rcc_ex.o
LOAD build\Libraries\STM32F4xx_HAL_Driver\Src\stm32f4xx_hal_rng.o
LOAD build\Libraries\STM32F4xx_HAL_Driver\Src\stm32f4xx_hal_rtc.o
LOAD build\Libraries\STM32F4xx_HAL_Driver\Src\stm32f4xx_hal_rtc_ex.o
LOAD build\Libraries\STM32F4xx_HAL_Driver\Src\stm32f4xx_hal_sai.o
LOAD build\Libraries\STM32F4xx_HAL_Driver\Src\stm32f4xx_hal_sai_ex.o
LOAD build\Libraries\STM32F4xx_HAL_Driver\Src\stm32f4xx_hal_sd.o
LOAD build\Libraries\STM32F4xx_HAL_Driver\Src\stm32f4xx_hal_sdram.o
LOAD build\Libraries\STM32F4xx_HAL_Driver\Src\stm32f4xx_hal_smartcard.o
LOAD build\Libraries\STM32F4xx_HAL_Driver\Src\stm32f4xx_hal_spdifrx.o
LOAD build\Libraries\STM32F4xx_HAL_Driver\Src\stm32f4xx_hal_spi.o
LOAD build\Libraries\STM32F4xx_HAL_Driver\Src\stm32f4xx_hal_sram.o
LOAD build\Libraries\STM32F4xx_HAL_Driver\Src\stm32f4xx_hal_tim.o
LOAD build\Libraries\STM32F4xx_HAL_Driver\Src\stm32f4xx_hal_tim_ex.o
LOAD build\Libraries\STM32F4xx_HAL_Driver\Src\stm32f4xx_hal_uart.o
LOAD build\Libraries\STM32F4xx_HAL_Driver\Src\stm32f4xx_hal_usart.o
LOAD build\Libraries\STM32F4xx_HAL_Driver\Src\stm32f4xx_hal_wwdg.o
LOAD build\Libraries\STM32F4xx_HAL_Driver\Src\stm32f4xx_ll_adc.o
LOAD build\Libraries\STM32F4xx_HAL_Driver\Src\stm32f4xx_ll_crc.o
LOAD build\Libraries\STM32F4xx_HAL_Driver\Src\stm32f4xx_ll_dac.o
LOAD build\Libraries\STM32F4xx_HAL_Driver\Src\stm32f4xx_ll_dma.o
LOAD build\Libraries\STM32F4xx_HAL_Driver\Src\stm32f4xx_ll_dma2d.o
LOAD build\Libraries\STM32F4xx_HAL_Driver\Src\stm32f4xx_ll_exti.o
LOAD build\Libraries\STM32F4xx_HAL_Driver\Src\stm32f4xx_ll_fmc.o
LOAD build\Libraries\STM32F4xx_HAL_Driver\Src\stm32f4xx_ll_fsmc.o
LOAD build\Libraries\STM32F4xx_HAL_Driver\Src\stm32f4xx_ll_gpio.o
LOAD build\Libraries\STM32F4xx_HAL_Driver\Src\stm32f4xx_ll_i2c.o
LOAD build\Libraries\STM32F4xx_HAL_Driver\Src\stm32f4xx_ll_lptim.o
LOAD build\Libraries\STM32F4xx_HAL_Driver\Src\stm32f4xx_ll_pwr.o
LOAD build\Libraries\STM32F4xx_HAL_Driver\Src\stm32f4xx_ll_rcc.o
LOAD build\Libraries\STM32F4xx_HAL_Driver\Src\stm32f4xx_ll_rng.o
LOAD build\Libraries\STM32F4xx_HAL_Driver\Src\stm32f4xx_ll_rtc.o
LOAD build\Libraries\STM32F4xx_HAL_Driver\Src\stm32f4xx_ll_sdmmc.o
LOAD build\Libraries\STM32F4xx_HAL_Driver\Src\stm32f4xx_ll_spi.o
LOAD build\Libraries\STM32F4xx_HAL_Driver\Src\stm32f4xx_ll_tim.o
LOAD build\Libraries\STM32F4xx_HAL_Driver\Src\stm32f4xx_ll_usart.o
LOAD build\Libraries\STM32F4xx_HAL_Driver\Src\stm32f4xx_ll_usb.o
LOAD build\Libraries\STM32F4xx_HAL_Driver\Src\stm32f4xx_ll_utils.o
LOAD build\kernel\src\clock.o
LOAD build\kernel\src\components.o
LOAD build\kernel\src\device.o
LOAD build\kernel\src\idle.o
LOAD build\kernel\src\ipc.o
LOAD build\kernel\src\irq.o
LOAD build\kernel\src\kservice.o
LOAD build\kernel\src\memheap.o
LOAD build\kernel\src\object.o
LOAD build\kernel\src\scheduler.o
LOAD build\kernel\src\signal.o
LOAD build\kernel\src\thread.o
LOAD build\kernel\src\timer.o
LOAD build\kernel\libcpu\arm\cortex-m4\cpuport.o
LOAD build\kernel\libcpu\arm\cortex-m4\context_gcc.o
LOAD build\kernel\libcpu\arm\common\backtrace.o
LOAD build\kernel\libcpu\arm\common\div0.o
LOAD build\kernel\libcpu\arm\common\showmem.o
LOAD build\kernel\components\dfs\src\dfs.o
LOAD build\kernel\components\dfs\src\dfs_file.o
LOAD build\kernel\components\dfs\src\dfs_fs.o
LOAD build\kernel\components\dfs\src\dfs_posix.o
LOAD build\kernel\components\dfs\filesystems\devfs\devfs.o
LOAD build\kernel\components\dfs\filesystems\elmfat\dfs_elm.o
LOAD build\kernel\components\dfs\filesystems\elmfat\ff.o
LOAD build\kernel\components\dfs\filesystems\elmfat\option\ccsbcs.o
LOAD build\kernel\components\dfs\filesystems\romfs\dfs_romfs.o
LOAD build\kernel\components\dfs\filesystems\romfs\romfs.o
LOAD build\kernel\components\finsh\shell.o
LOAD build\kernel\components\finsh\symbol.o
LOAD build\kernel\components\finsh\cmd.o
LOAD build\kernel\components\finsh\msh.o
LOAD build\kernel\components\finsh\msh_cmd.o
LOAD build\kernel\components\finsh\msh_file.o
LOAD build\kernel\components\libc\compilers\newlib\libc.o
LOAD build\kernel\components\libc\compilers\newlib\libc_syms.o
LOAD build\kernel\components\libc\compilers\newlib\stdio.o
LOAD build\kernel\components\libc\compilers\newlib\syscalls.o
LOAD build\kernel\components\libc\compilers\newlib\time.o
LOAD build\kernel\components\drivers\misc\pin.o
LOAD build\kernel\components\drivers\serial\serial.o
LOAD build\kernel\components\drivers\spi\spi_core.o
LOAD build\kernel\components\drivers\spi\spi_dev.o
LOAD build\kernel\components\drivers\spi\spi_flash_sfud.o
LOAD build\kernel\components\drivers\spi\sfud\src\sfud.o
LOAD build\kernel\components\drivers\spi\sfud\src\sfud_sfdp.o
LOAD build\kernel\components\drivers\src\completion.o
LOAD build\kernel\components\drivers\src\dataqueue.o
LOAD build\kernel\components\drivers\src\pipe.o
LOAD build\kernel\components\drivers\src\ringbuffer.o
LOAD build\kernel\components\drivers\src\waitqueue.o
LOAD build\kernel\components\drivers\src\workqueue.o
LOAD d:/software/env/env_released_0.7.0/tools/gnu_gcc/arm_gcc/mingw/bin/../lib/gcc/arm-none-eabi/5.4.1/../../../../arm-none-eabi/lib/armv7e-m/fpu\libc.a
LOAD d:/software/env/env_released_0.7.0/tools/gnu_gcc/arm_gcc/mingw/bin/../lib/gcc/arm-none-eabi/5.4.1/../../../../arm-none-eabi/lib/armv7e-m/fpu\libm.a
START GROUP
LOAD d:/software/env/env_released_0.7.0/tools/gnu_gcc/arm_gcc/mingw/bin/../lib/gcc/arm-none-eabi/5.4.1/armv7e-m/fpu\libgcc.a
LOAD d:/software/env/env_released_0.7.0/tools/gnu_gcc/arm_gcc/mingw/bin/../lib/gcc/arm-none-eabi/5.4.1/../../../../arm-none-eabi/lib/armv7e-m/fpu\libc.a
END GROUP
LOAD d:/software/env/env_released_0.7.0/tools/gnu_gcc/arm_gcc/mingw/bin/../lib/gcc/arm-none-eabi/5.4.1/armv7e-m/fpu/crtend.o
LOAD d:/software/env/env_released_0.7.0/tools/gnu_gcc/arm_gcc/mingw/bin/../lib/gcc/arm-none-eabi/5.4.1/armv7e-m/fpu/crtn.o
                0x00000200                _system_stack_size = 0x200

.text           0x08000000    0x26d84
                0x08000000                . = ALIGN (0x4)
                0x08000000                _stext = .
 *(.isr_vector)
 .isr_vector    0x08000000      0x1b4 build\Libraries\CMSIS\Device\ST\STM32F4xx\Source\Templates\gcc\startup_stm32f469xx.o
                0x08000000                g_pfnVectors
                0x080001b4                . = ALIGN (0x4)
 *(.text)
 .text          0x080001b4      0x114 build\kernel\libcpu\arm\cortex-m4\context_gcc.o
                0x080001b4                rt_hw_interrupt_disable
                0x080001bc                rt_hw_interrupt_enable
                0x080001c2                rt_hw_context_switch_interrupt
                0x080001c2                rt_hw_context_switch
                0x080001e2                PendSV_Handler
                0x0800024e                rt_hw_context_switch_to
                0x08000296                rt_hw_interrupt_thread_switch
                0x0800029a                HardFault_Handler
 .text          0x080002c8      0x134 d:/software/env/env_released_0.7.0/tools/gnu_gcc/arm_gcc/mingw/bin/../lib/gcc/arm-none-eabi/5.4.1/../../../../arm-none-eabi/lib/armv7e-m/fpu\libc.a(lib_a-memcpy.o)
                0x080002c8                memcpy
 *fill*         0x080003fc        0x4 00000000
 .text          0x08000400      0x2dc d:/software/env/env_released_0.7.0/tools/gnu_gcc/arm_gcc/mingw/bin/../lib/gcc/arm-none-eabi/5.4.1/../../../../arm-none-eabi/lib/armv7e-m/fpu\libc.a(lib_a-strcmp.o)
                0x08000408                strcmp
 *fill*         0x080006dc       0x24 00000000
 .text          0x08000700       0xdc d:/software/env/env_released_0.7.0/tools/gnu_gcc/arm_gcc/mingw/bin/../lib/gcc/arm-none-eabi/5.4.1/../../../../arm-none-eabi/lib/armv7e-m/fpu\libc.a(lib_a-strlen.o)
                0x08000700                strlen
 *fill*         0x080007dc        0x4 00000000
 .text          0x080007e0       0xa0 d:/software/env/env_released_0.7.0/tools/gnu_gcc/arm_gcc/mingw/bin/../lib/gcc/arm-none-eabi/5.4.1/../../../../arm-none-eabi/lib/armv7e-m/fpu\libc.a(lib_a-memchr.o)
                0x080007e0                memchr
 .text          0x08000880      0x370 d:/software/env/env_released_0.7.0/tools/gnu_gcc/arm_gcc/mingw/bin/../lib/gcc/arm-none-eabi/5.4.1/armv7e-m/fpu\libgcc.a(_arm_addsubdf3.o)
                0x08000880                __aeabi_drsub
                0x08000888                __aeabi_dsub
                0x08000888                __subdf3
                0x0800088c                __aeabi_dadd
                0x0800088c                __adddf3
                0x08000b04                __floatunsidf
                0x08000b04                __aeabi_ui2d
                0x08000b24                __floatsidf
                0x08000b24                __aeabi_i2d
                0x08000b48                __aeabi_f2d
                0x08000b48                __extendsfdf2
                0x08000b84                __floatundidf
                0x08000b84                __aeabi_ul2d
                0x08000b94                __floatdidf
                0x08000b94                __aeabi_l2d
 .text          0x08000bf0      0x424 d:/software/env/env_released_0.7.0/tools/gnu_gcc/arm_gcc/mingw/bin/../lib/gcc/arm-none-eabi/5.4.1/armv7e-m/fpu\libgcc.a(_arm_muldivdf3.o)
                0x08000bf0                __aeabi_dmul
                0x08000bf0                __muldf3
                0x08000e44                __divdf3
                0x08000e44                __aeabi_ddiv
 .text          0x08001014      0x110 d:/software/env/env_released_0.7.0/tools/gnu_gcc/arm_gcc/mingw/bin/../lib/gcc/arm-none-eabi/5.4.1/armv7e-m/fpu\libgcc.a(_arm_cmpdf2.o)
                0x08001014                __gtdf2
                0x08001014                __gedf2
                0x0800101c                __ltdf2
                0x0800101c                __ledf2
                0x08001024                __nedf2
                0x08001024                __eqdf2
                0x08001024                __cmpdf2
                0x080010a0                __aeabi_cdrcmple
                0x080010b0                __aeabi_cdcmpeq
                0x080010b0                __aeabi_cdcmple
                0x080010c0                __aeabi_dcmpeq
                0x080010d4                __aeabi_dcmplt
                0x080010e8                __aeabi_dcmple
                0x080010fc                __aeabi_dcmpge
                0x08001110                __aeabi_dcmpgt
 .text          0x08001124       0x2c d:/software/env/env_released_0.7.0/tools/gnu_gcc/arm_gcc/mingw/bin/../lib/gcc/arm-none-eabi/5.4.1/armv7e-m/fpu\libgcc.a(_arm_unorddf2.o)
                0x08001124                __unorddf2
                0x08001124                __aeabi_dcmpun
 .text          0x08001150       0x50 d:/software/env/env_released_0.7.0/tools/gnu_gcc/arm_gcc/mingw/bin/../lib/gcc/arm-none-eabi/5.4.1/armv7e-m/fpu\libgcc.a(_arm_fixdfsi.o)
                0x08001150                __aeabi_d2iz
                0x08001150                __fixdfsi
 .text          0x080011a0       0x30 d:/software/env/env_released_0.7.0/tools/gnu_gcc/arm_gcc/mingw/bin/../lib/gcc/arm-none-eabi/5.4.1/armv7e-m/fpu\libgcc.a(_aeabi_uldivmod.o)
                0x080011a0                __aeabi_uldivmod
 .text          0x080011d0      0x2e4 d:/software/env/env_released_0.7.0/tools/gnu_gcc/arm_gcc/mingw/bin/../lib/gcc/arm-none-eabi/5.4.1/armv7e-m/fpu\libgcc.a(_udivmoddi4.o)
                0x080011d0                __udivmoddi4
 .text          0x080014b4        0x4 d:/software/env/env_released_0.7.0/tools/gnu_gcc/arm_gcc/mingw/bin/../lib/gcc/arm-none-eabi/5.4.1/armv7e-m/fpu\libgcc.a(_dvmd_tls.o)
                0x080014b4                __aeabi_idiv0
                0x080014b4                __aeabi_ldiv0
 *(.text.*)
 .text.main     0x080014b8       0x50 build\applications\main.o
                0x080014b8                main
 .text.mem_test
                0x08001508      0x1e4 build\applications\mem_test.o
                0x08001508                mem_test
 .text.SystemClock_Config
                0x080016ec      0x10c build\drivers\board.o
 .text.SysTick_Handler
                0x080017f8       0x18 build\drivers\board.o
                0x080017f8                SysTick_Handler
 .text.HAL_InitTick
                0x08001810       0x38 build\drivers\board.o
                0x08001810                HAL_InitTick
 .text.HAL_Delay
                0x08001848       0x18 build\drivers\board.o
                0x08001848                HAL_Delay
 .text.HAL_MspInit
                0x08001860       0x64 build\drivers\board.o
                0x08001860                HAL_MspInit
 .text.rt_hw_board_init
                0x080018c4       0x30 build\drivers\board.o
                0x080018c4                rt_hw_board_init
 .text.NMI_Handler
                0x080018f4       0x10 build\drivers\stm32f4xx_it.o
                0x080018f4                NMI_Handler
 .text.MemManage_Handler
                0x08001904        0x8 build\drivers\stm32f4xx_it.o
                0x08001904                MemManage_Handler
 .text.BusFault_Handler
                0x0800190c        0x8 build\drivers\stm32f4xx_it.o
                0x0800190c                BusFault_Handler
 .text.UsageFault_Handler
                0x08001914        0x8 build\drivers\stm32f4xx_it.o
                0x08001914                UsageFault_Handler
 .text.SVC_Handler
                0x0800191c       0x10 build\drivers\stm32f4xx_it.o
                0x0800191c                SVC_Handler
 .text.sdcard_init
                0x0800192c       0x6c build\drivers\drv_sdcard.o
                0x0800192c                sdcard_init
 .text.HAL_SD_MspInit
                0x08001998       0xa4 build\drivers\drv_sdcard.o
                0x08001998                HAL_SD_MspInit
 .text.sdcard_read_blocks
                0x08001a3c       0x94 build\drivers\drv_sdcard.o
                0x08001a3c                sdcard_read_blocks
 .text.sdcard_write_blocks
                0x08001ad0       0x94 build\drivers\drv_sdcard.o
                0x08001ad0                sdcard_write_blocks
 .text.rt_sdcard_init
                0x08001b64       0x30 build\drivers\drv_sdcard.o
 .text.rt_sdcard_open
                0x08001b94       0x1c build\drivers\drv_sdcard.o
 .text.rt_sdcard_close
                0x08001bb0       0x18 build\drivers\drv_sdcard.o
 .text.rt_sdcard_read
                0x08001bc8       0x5c build\drivers\drv_sdcard.o
 .text.rt_sdcard_write
                0x08001c24       0x5c build\drivers\drv_sdcard.o
 .text.rt_sdcard_control
                0x08001c80       0x58 build\drivers\drv_sdcard.o
 .text.rt_hw_sdcard_init
                0x08001cd8       0x84 build\drivers\drv_sdcard.o
                0x08001cd8                rt_hw_sdcard_init
 .text.stm32_sdram_init_seq
                0x08001d5c      0x144 build\drivers\drv_sdram.o
 .text.stm32_sdram_init
                0x08001ea0      0x254 build\drivers\drv_sdram.o
 .text.rt_hw_sdram_init
                0x080020f4       0x30 build\drivers\drv_sdram.o
                0x080020f4                rt_hw_sdram_init
 .text.GPIOA_CLK_ENABLE
                0x08002124       0x34 build\drivers\drv_gpio.o
 .text.GPIOB_CLK_ENABLE
                0x08002158       0x34 build\drivers\drv_gpio.o
 .text.GPIOC_CLK_ENABLE
                0x0800218c       0x34 build\drivers\drv_gpio.o
 .text.GPIOD_CLK_ENABLE
                0x080021c0       0x34 build\drivers\drv_gpio.o
 .text.GPIOE_CLK_ENABLE
                0x080021f4       0x34 build\drivers\drv_gpio.o
 .text.GPIOF_CLK_ENABLE
                0x08002228       0x34 build\drivers\drv_gpio.o
 .text.GPIOG_CLK_ENABLE
                0x0800225c       0x34 build\drivers\drv_gpio.o
 .text.GPIOH_CLK_ENABLE
                0x08002290       0x34 build\drivers\drv_gpio.o
 .text.GPIOI_CLK_ENABLE
                0x080022c4       0x34 build\drivers\drv_gpio.o
 .text.GPIOJ_CLK_ENABLE
                0x080022f8       0x34 build\drivers\drv_gpio.o
 .text.GPIOK_CLK_ENABLE
                0x0800232c       0x34 build\drivers\drv_gpio.o
 .text.get_pin  0x08002360       0x40 build\drivers\drv_gpio.o
                0x08002360                get_pin
 .text.stm32_pin_write
                0x080023a0       0x3c build\drivers\drv_gpio.o
                0x080023a0                stm32_pin_write
 .text.stm32_pin_read
                0x080023dc       0x44 build\drivers\drv_gpio.o
                0x080023dc                stm32_pin_read
 .text.stm32_pin_mode
                0x08002420       0xa0 build\drivers\drv_gpio.o
                0x08002420                stm32_pin_mode
 .text.bit2bitno
                0x080024c0       0x40 build\drivers\drv_gpio.o
 .text.get_pin_irq_map
                0x08002500       0x34 build\drivers\drv_gpio.o
 .text.stm32_pin_attach_irq
                0x08002534      0x148 build\drivers\drv_gpio.o
                0x08002534                stm32_pin_attach_irq
 .text.stm32_pin_dettach_irq
                0x0800267c       0xd0 build\drivers\drv_gpio.o
                0x0800267c                stm32_pin_dettach_irq
 .text.stm32_pin_irq_enable
                0x0800274c      0x140 build\drivers\drv_gpio.o
                0x0800274c                stm32_pin_irq_enable
 .text.rt_hw_pin_init
                0x0800288c       0x24 build\drivers\drv_gpio.o
                0x0800288c                rt_hw_pin_init
 .text.pin_irq_hdr
                0x080028b0       0x54 build\drivers\drv_gpio.o
 .text.HAL_GPIO_EXTI_Callback
                0x08002904       0x24 build\drivers\drv_gpio.o
                0x08002904                HAL_GPIO_EXTI_Callback
 .text.EXTI0_IRQHandler
                0x08002928       0x18 build\drivers\drv_gpio.o
                0x08002928                EXTI0_IRQHandler
 .text.EXTI1_IRQHandler
                0x08002940       0x18 build\drivers\drv_gpio.o
                0x08002940                EXTI1_IRQHandler
 .text.EXTI2_IRQHandler
                0x08002958       0x18 build\drivers\drv_gpio.o
                0x08002958                EXTI2_IRQHandler
 .text.EXTI3_IRQHandler
                0x08002970       0x18 build\drivers\drv_gpio.o
                0x08002970                EXTI3_IRQHandler
 .text.EXTI4_IRQHandler
                0x08002988       0x18 build\drivers\drv_gpio.o
                0x08002988                EXTI4_IRQHandler
 .text.EXTI9_5_IRQHandler
                0x080029a0       0x34 build\drivers\drv_gpio.o
                0x080029a0                EXTI9_5_IRQHandler
 .text.EXTI15_10_IRQHandler
                0x080029d4       0x40 build\drivers\drv_gpio.o
                0x080029d4                EXTI15_10_IRQHandler
 .text.NVIC_EnableIRQ
                0x08002a14       0x34 build\drivers\drv_usart.o
 .text.NVIC_DisableIRQ
                0x08002a48       0x34 build\drivers\drv_usart.o
 .text.drv_configure
                0x08002a7c      0x108 build\drivers\drv_usart.o
 .text.drv_control
                0x08002b84       0x7c build\drivers\drv_usart.o
 .text.drv_putc
                0x08002c00       0x4c build\drivers\drv_usart.o
 .text.drv_getc
                0x08002c4c       0x50 build\drivers\drv_usart.o
 .text.USART3_IRQHandler
                0x08002c9c       0x50 build\drivers\drv_usart.o
                0x08002c9c                USART3_IRQHandler
 .text.USART6_IRQHandler
                0x08002cec       0x50 build\drivers\drv_usart.o
                0x08002cec                USART6_IRQHandler
 .text.HAL_UART_MspInit
                0x08002d3c      0x1c4 build\drivers\drv_usart.o
                0x08002d3c                HAL_UART_MspInit
 .text.hw_usart_init
                0x08002f00       0xac build\drivers\drv_usart.o
                0x08002f00                hw_usart_init
 .text.stm32_spi_init
                0x08002fac      0x198 build\drivers\drv_spi.o
 .text.spitxrx1b
                0x08003144       0xb0 build\drivers\drv_spi.o
 .text.spixfer  0x080031f4      0x120 build\drivers\drv_spi.o
 .text.spi_configure
                0x08003314       0x30 build\drivers\drv_spi.o
                0x08003314                spi_configure
 .text.stm32_spi_register_bus
                0x08003344       0x90 build\drivers\drv_spi.o
                0x08003344                stm32_spi_register_bus
 .text.stm32_hw_spi_init
                0x080033d4       0x28 build\drivers\drv_spi.o
                0x080033d4                stm32_hw_spi_init
 .text.HAL_SPI_MspInit
                0x080033fc      0x15c build\drivers\drv_spi.o
                0x080033fc                HAL_SPI_MspInit
 .text.rt_hw_romfs_init
                0x08003558       0x2c build\drivers\drv_romfs.o
                0x08003558                rt_hw_romfs_init
 .text.SystemInit
                0x08003584       0x6c build\Libraries\CMSIS\Device\ST\STM32F4xx\Source\Templates\system_stm32f4xx.o
                0x08003584                SystemInit
 .text.Reset_Handler
                0x080035f0       0x4c build\Libraries\CMSIS\Device\ST\STM32F4xx\Source\Templates\gcc\startup_stm32f469xx.o
                0x080035f0                Reset_Handler
 .text.Default_Handler
                0x0800363c        0x2 build\Libraries\CMSIS\Device\ST\STM32F4xx\Source\Templates\gcc\startup_stm32f469xx.o
                0x0800363c                RTC_Alarm_IRQHandler
                0x0800363c                HASH_RNG_IRQHandler
                0x0800363c                TIM8_CC_IRQHandler
                0x0800363c                DebugMon_Handler
                0x0800363c                UART8_IRQHandler
                0x0800363c                SPI4_IRQHandler
                0x0800363c                TIM1_CC_IRQHandler
                0x0800363c                DMA2_Stream5_IRQHandler
                0x0800363c                DMA1_Stream5_IRQHandler
                0x0800363c                PVD_IRQHandler
                0x0800363c                SDIO_IRQHandler
                0x0800363c                TAMP_STAMP_IRQHandler
                0x0800363c                CAN2_RX1_IRQHandler
                0x0800363c                TIM8_TRG_COM_TIM14_IRQHandler
                0x0800363c                TIM1_UP_TIM10_IRQHandler
                0x0800363c                TIM8_UP_TIM13_IRQHandler
                0x0800363c                I2C3_ER_IRQHandler
                0x0800363c                I2C2_EV_IRQHandler
                0x0800363c                DMA1_Stream2_IRQHandler
                0x0800363c                CAN1_RX0_IRQHandler
                0x0800363c                FPU_IRQHandler
                0x0800363c                OTG_HS_WKUP_IRQHandler
                0x0800363c                LTDC_ER_IRQHandler
                0x0800363c                CAN2_SCE_IRQHandler
                0x0800363c                DMA2_Stream2_IRQHandler
                0x0800363c                SPI1_IRQHandler
                0x0800363c                TIM6_DAC_IRQHandler
                0x0800363c                TIM1_BRK_TIM9_IRQHandler
                0x0800363c                DCMI_IRQHandler
                0x0800363c                CAN2_RX0_IRQHandler
                0x0800363c                DMA2_Stream3_IRQHandler
                0x0800363c                CAN1_RX1_IRQHandler
                0x0800363c                UART5_IRQHandler
                0x0800363c                DMA2_Stream0_IRQHandler
                0x0800363c                TIM4_IRQHandler
                0x0800363c                QUADSPI_IRQHandler
                0x0800363c                I2C1_EV_IRQHandler
                0x0800363c                DMA1_Stream6_IRQHandler
                0x0800363c                DMA1_Stream1_IRQHandler
                0x0800363c                UART4_IRQHandler
                0x0800363c                TIM3_IRQHandler
                0x0800363c                RCC_IRQHandler
                0x0800363c                TIM8_BRK_TIM12_IRQHandler
                0x0800363c                Default_Handler
                0x0800363c                ADC_IRQHandler
                0x0800363c                DMA1_Stream7_IRQHandler
                0x0800363c                SPI5_IRQHandler
                0x0800363c                TIM7_IRQHandler
                0x0800363c                CAN2_TX_IRQHandler
                0x0800363c                TIM5_IRQHandler
                0x0800363c                DMA2_Stream7_IRQHandler
                0x0800363c                I2C3_EV_IRQHandler
                0x0800363c                RTC_WKUP_IRQHandler
                0x0800363c                LTDC_IRQHandler
                0x0800363c                ETH_WKUP_IRQHandler
                0x0800363c                SPI2_IRQHandler
                0x0800363c                OTG_HS_EP1_IN_IRQHandler
                0x0800363c                DMA1_Stream0_IRQHandler
                0x0800363c                CAN1_TX_IRQHandler
                0x0800363c                DSI_IRQHandler
                0x0800363c                ETH_IRQHandler
                0x0800363c                OTG_HS_EP1_OUT_IRQHandler
                0x0800363c                WWDG_IRQHandler
                0x0800363c                SPI6_IRQHandler
                0x0800363c                TIM2_IRQHandler
                0x0800363c                OTG_FS_WKUP_IRQHandler
                0x0800363c                TIM1_TRG_COM_TIM11_IRQHandler
                0x0800363c                OTG_HS_IRQHandler
                0x0800363c                DMA2D_IRQHandler
                0x0800363c                UART7_IRQHandler
                0x0800363c                USART2_IRQHandler
                0x0800363c                I2C2_ER_IRQHandler
                0x0800363c                DMA2_Stream1_IRQHandler
                0x0800363c                CAN1_SCE_IRQHandler
                0x0800363c                FLASH_IRQHandler
                0x0800363c                DMA2_Stream4_IRQHandler
                0x0800363c                USART1_IRQHandler
                0x0800363c                OTG_FS_IRQHandler
                0x0800363c                SPI3_IRQHandler
                0x0800363c                DMA1_Stream4_IRQHandler
                0x0800363c                I2C1_ER_IRQHandler
                0x0800363c                FMC_IRQHandler
                0x0800363c                DMA2_Stream6_IRQHandler
                0x0800363c                SAI1_IRQHandler
                0x0800363c                DMA1_Stream3_IRQHandler
 *fill*         0x0800363e        0x2 00000000
 .text.HAL_Init
                0x08003640       0x44 build\Libraries\STM32F4xx_HAL_Driver\Src\stm32f4xx_hal.o
                0x08003640                HAL_Init
 .text.HAL_IncTick
                0x08003684       0x1c build\Libraries\STM32F4xx_HAL_Driver\Src\stm32f4xx_hal.o
                0x08003684                HAL_IncTick
 .text.HAL_GetTick
                0x080036a0       0x18 build\Libraries\STM32F4xx_HAL_Driver\Src\stm32f4xx_hal.o
                0x080036a0                HAL_GetTick
 .text.NVIC_SetPriorityGrouping
                0x080036b8       0x48 build\Libraries\STM32F4xx_HAL_Driver\Src\stm32f4xx_hal_cortex.o
 .text.NVIC_GetPriorityGrouping
                0x08003700       0x1c build\Libraries\STM32F4xx_HAL_Driver\Src\stm32f4xx_hal_cortex.o
 .text.NVIC_EnableIRQ
                0x0800371c       0x34 build\Libraries\STM32F4xx_HAL_Driver\Src\stm32f4xx_hal_cortex.o
 .text.NVIC_DisableIRQ
                0x08003750       0x34 build\Libraries\STM32F4xx_HAL_Driver\Src\stm32f4xx_hal_cortex.o
 .text.NVIC_SetPriority
                0x08003784       0x54 build\Libraries\STM32F4xx_HAL_Driver\Src\stm32f4xx_hal_cortex.o
 .text.NVIC_EncodePriority
                0x080037d8       0x64 build\Libraries\STM32F4xx_HAL_Driver\Src\stm32f4xx_hal_cortex.o
 .text.SysTick_Config
                0x0800383c       0x44 build\Libraries\STM32F4xx_HAL_Driver\Src\stm32f4xx_hal_cortex.o
 .text.HAL_NVIC_SetPriorityGrouping
                0x08003880       0x18 build\Libraries\STM32F4xx_HAL_Driver\Src\stm32f4xx_hal_cortex.o
                0x08003880                HAL_NVIC_SetPriorityGrouping
 .text.HAL_NVIC_SetPriority
                0x08003898       0x38 build\Libraries\STM32F4xx_HAL_Driver\Src\stm32f4xx_hal_cortex.o
                0x08003898                HAL_NVIC_SetPriority
 .text.HAL_NVIC_EnableIRQ
                0x080038d0       0x1c build\Libraries\STM32F4xx_HAL_Driver\Src\stm32f4xx_hal_cortex.o
                0x080038d0                HAL_NVIC_EnableIRQ
 .text.HAL_NVIC_DisableIRQ
                0x080038ec       0x1c build\Libraries\STM32F4xx_HAL_Driver\Src\stm32f4xx_hal_cortex.o
                0x080038ec                HAL_NVIC_DisableIRQ
 .text.HAL_SYSTICK_Config
                0x08003908       0x18 build\Libraries\STM32F4xx_HAL_Driver\Src\stm32f4xx_hal_cortex.o
                0x08003908                HAL_SYSTICK_Config
 .text.HAL_GPIO_Init
                0x08003920      0x354 build\Libraries\STM32F4xx_HAL_Driver\Src\stm32f4xx_hal_gpio.o
                0x08003920                HAL_GPIO_Init
 .text.HAL_GPIO_ReadPin
                0x08003c74       0x30 build\Libraries\STM32F4xx_HAL_Driver\Src\stm32f4xx_hal_gpio.o
                0x08003c74                HAL_GPIO_ReadPin
 .text.HAL_GPIO_WritePin
                0x08003ca4       0x34 build\Libraries\STM32F4xx_HAL_Driver\Src\stm32f4xx_hal_gpio.o
                0x08003ca4                HAL_GPIO_WritePin
 .text.HAL_GPIO_EXTI_IRQHandler
                0x08003cd8       0x30 build\Libraries\STM32F4xx_HAL_Driver\Src\stm32f4xx_hal_gpio.o
                0x08003cd8                HAL_GPIO_EXTI_IRQHandler
 .text.HAL_PWREx_EnableOverDrive
                0x08003d08       0x9c build\Libraries\STM32F4xx_HAL_Driver\Src\stm32f4xx_hal_pwr_ex.o
                0x08003d08                HAL_PWREx_EnableOverDrive
 .text.HAL_RCC_ClockConfig
                0x08003da4      0x1c4 build\Libraries\STM32F4xx_HAL_Driver\Src\stm32f4xx_hal_rcc.o
                0x08003da4                HAL_RCC_ClockConfig
 .text.HAL_RCC_GetSysClockFreq
                0x08003f68      0x1ac build\Libraries\STM32F4xx_HAL_Driver\Src\stm32f4xx_hal_rcc.o
                0x08003f68                HAL_RCC_GetSysClockFreq
 .text.HAL_RCC_GetHCLKFreq
                0x08004114       0x18 build\Libraries\STM32F4xx_HAL_Driver\Src\stm32f4xx_hal_rcc.o
                0x08004114                HAL_RCC_GetHCLKFreq
 .text.HAL_RCC_GetPCLK1Freq
                0x0800412c       0x28 build\Libraries\STM32F4xx_HAL_Driver\Src\stm32f4xx_hal_rcc.o
                0x0800412c                HAL_RCC_GetPCLK1Freq
 .text.HAL_RCC_GetPCLK2Freq
                0x08004154       0x28 build\Libraries\STM32F4xx_HAL_Driver\Src\stm32f4xx_hal_rcc.o
                0x08004154                HAL_RCC_GetPCLK2Freq
 .text.HAL_RCCEx_PeriphCLKConfig
                0x0800417c      0x478 build\Libraries\STM32F4xx_HAL_Driver\Src\stm32f4xx_hal_rcc_ex.o
                0x0800417c                HAL_RCCEx_PeriphCLKConfig
 .text.HAL_RCC_OscConfig
                0x080045f4      0x450 build\Libraries\STM32F4xx_HAL_Driver\Src\stm32f4xx_hal_rcc_ex.o
                0x080045f4                HAL_RCC_OscConfig
 .text.HAL_SD_Init
                0x08004a44       0x58 build\Libraries\STM32F4xx_HAL_Driver\Src\stm32f4xx_hal_sd.o
                0x08004a44                HAL_SD_Init
 .text.HAL_SD_InitCard
                0x08004a9c       0xb8 build\Libraries\STM32F4xx_HAL_Driver\Src\stm32f4xx_hal_sd.o
                0x08004a9c                HAL_SD_InitCard
 .text.HAL_SD_DeInit
                0x08004b54       0x40 build\Libraries\STM32F4xx_HAL_Driver\Src\stm32f4xx_hal_sd.o
                0x08004b54                HAL_SD_DeInit
 .text.HAL_SD_MspDeInit
                0x08004b94       0x14 build\Libraries\STM32F4xx_HAL_Driver\Src\stm32f4xx_hal_sd.o
                0x08004b94                HAL_SD_MspDeInit
 .text.HAL_SD_ReadBlocks
                0x08004ba8      0x32c build\Libraries\STM32F4xx_HAL_Driver\Src\stm32f4xx_hal_sd.o
                0x08004ba8                HAL_SD_ReadBlocks
 .text.HAL_SD_WriteBlocks
                0x08004ed4      0x2d0 build\Libraries\STM32F4xx_HAL_Driver\Src\stm32f4xx_hal_sd.o
                0x08004ed4                HAL_SD_WriteBlocks
 .text.HAL_SD_GetState
                0x080051a4       0x1c build\Libraries\STM32F4xx_HAL_Driver\Src\stm32f4xx_hal_sd.o
                0x080051a4                HAL_SD_GetState
 .text.HAL_SD_GetCardCSD
                0x080051c0      0x458 build\Libraries\STM32F4xx_HAL_Driver\Src\stm32f4xx_hal_sd.o
                0x080051c0                HAL_SD_GetCardCSD
 .text.HAL_SD_ConfigWideBusOperation
                0x08005618       0xf8 build\Libraries\STM32F4xx_HAL_Driver\Src\stm32f4xx_hal_sd.o
                0x08005618                HAL_SD_ConfigWideBusOperation
 .text.HAL_SD_GetCardState
                0x08005710       0x4c build\Libraries\STM32F4xx_HAL_Driver\Src\stm32f4xx_hal_sd.o
                0x08005710                HAL_SD_GetCardState
 .text.SD_InitCard
                0x0800575c      0x194 build\Libraries\STM32F4xx_HAL_Driver\Src\stm32f4xx_hal_sd.o
 .text.SD_PowerON
                0x080058f0      0x150 build\Libraries\STM32F4xx_HAL_Driver\Src\stm32f4xx_hal_sd.o
 .text.SD_PowerOFF
                0x08005a40       0x1c build\Libraries\STM32F4xx_HAL_Driver\Src\stm32f4xx_hal_sd.o
 .text.SD_SendStatus
                0x08005a5c       0x54 build\Libraries\STM32F4xx_HAL_Driver\Src\stm32f4xx_hal_sd.o
 .text.SD_WideBus_Enable
                0x08005ab0       0x98 build\Libraries\STM32F4xx_HAL_Driver\Src\stm32f4xx_hal_sd.o
 .text.SD_WideBus_Disable
                0x08005b48       0x98 build\Libraries\STM32F4xx_HAL_Driver\Src\stm32f4xx_hal_sd.o
 .text.SD_FindSCR
                0x08005be0      0x190 build\Libraries\STM32F4xx_HAL_Driver\Src\stm32f4xx_hal_sd.o
 .text.HAL_SDRAM_Init
                0x08005d70       0x68 build\Libraries\STM32F4xx_HAL_Driver\Src\stm32f4xx_hal_sdram.o
                0x08005d70                HAL_SDRAM_Init
 .text.HAL_SDRAM_MspInit
                0x08005dd8       0x14 build\Libraries\STM32F4xx_HAL_Driver\Src\stm32f4xx_hal_sdram.o
                0x08005dd8                HAL_SDRAM_MspInit
 .text.HAL_SDRAM_SendCommand
                0x08005dec       0x58 build\Libraries\STM32F4xx_HAL_Driver\Src\stm32f4xx_hal_sdram.o
                0x08005dec                HAL_SDRAM_SendCommand
 .text.HAL_SDRAM_ProgramRefreshRate
                0x08005e44       0x40 build\Libraries\STM32F4xx_HAL_Driver\Src\stm32f4xx_hal_sdram.o
                0x08005e44                HAL_SDRAM_ProgramRefreshRate
 .text.HAL_SPI_Init
                0x08005e84       0xc8 build\Libraries\STM32F4xx_HAL_Driver\Src\stm32f4xx_hal_spi.o
                0x08005e84                HAL_SPI_Init
 .text.HAL_UART_Init
                0x08005f4c       0x9c build\Libraries\STM32F4xx_HAL_Driver\Src\stm32f4xx_hal_uart.o
                0x08005f4c                HAL_UART_Init
 .text.UART_SetConfig
                0x08005fe8      0x438 build\Libraries\STM32F4xx_HAL_Driver\Src\stm32f4xx_hal_uart.o
 .text.FMC_SDRAM_Init
                0x08006420       0xe8 build\Libraries\STM32F4xx_HAL_Driver\Src\stm32f4xx_ll_fmc.o
                0x08006420                FMC_SDRAM_Init
 .text.FMC_SDRAM_Timing_Init
                0x08006508      0x100 build\Libraries\STM32F4xx_HAL_Driver\Src\stm32f4xx_ll_fmc.o
                0x08006508                FMC_SDRAM_Timing_Init
 .text.FMC_SDRAM_SendCommand
                0x08006608       0x78 build\Libraries\STM32F4xx_HAL_Driver\Src\stm32f4xx_ll_fmc.o
                0x08006608                FMC_SDRAM_SendCommand
 .text.FMC_SDRAM_ProgramRefreshRate
                0x08006680       0x28 build\Libraries\STM32F4xx_HAL_Driver\Src\stm32f4xx_ll_fmc.o
                0x08006680                FMC_SDRAM_ProgramRefreshRate
 .text.SDIO_Init
                0x080066a8       0x58 build\Libraries\STM32F4xx_HAL_Driver\Src\stm32f4xx_ll_sdmmc.o
                0x080066a8                SDIO_Init
 .text.SDIO_ReadFIFO
                0x08006700       0x1c build\Libraries\STM32F4xx_HAL_Driver\Src\stm32f4xx_ll_sdmmc.o
                0x08006700                SDIO_ReadFIFO
 .text.SDIO_WriteFIFO
                0x0800671c       0x24 build\Libraries\STM32F4xx_HAL_Driver\Src\stm32f4xx_ll_sdmmc.o
                0x0800671c                SDIO_WriteFIFO
 .text.SDIO_PowerState_ON
                0x08006740       0x1c build\Libraries\STM32F4xx_HAL_Driver\Src\stm32f4xx_ll_sdmmc.o
                0x08006740                SDIO_PowerState_ON
 .text.SDIO_PowerState_OFF
                0x0800675c       0x1c build\Libraries\STM32F4xx_HAL_Driver\Src\stm32f4xx_ll_sdmmc.o
                0x0800675c                SDIO_PowerState_OFF
 .text.SDIO_GetPowerState
                0x08006778       0x1c build\Libraries\STM32F4xx_HAL_Driver\Src\stm32f4xx_ll_sdmmc.o
                0x08006778                SDIO_GetPowerState
 .text.SDIO_SendCommand
                0x08006794       0x54 build\Libraries\STM32F4xx_HAL_Driver\Src\stm32f4xx_ll_sdmmc.o
                0x08006794                SDIO_SendCommand
 .text.SDIO_GetCommandResponse
                0x080067e8       0x1c build\Libraries\STM32F4xx_HAL_Driver\Src\stm32f4xx_ll_sdmmc.o
                0x080067e8                SDIO_GetCommandResponse
 .text.SDIO_GetResponse
                0x08006804       0x2c build\Libraries\STM32F4xx_HAL_Driver\Src\stm32f4xx_ll_sdmmc.o
                0x08006804                SDIO_GetResponse
 .text.SDIO_ConfigData
                0x08006830       0x58 build\Libraries\STM32F4xx_HAL_Driver\Src\stm32f4xx_ll_sdmmc.o
                0x08006830                SDIO_ConfigData
 .text.SDMMC_CmdBlockLength
                0x08006888       0x48 build\Libraries\STM32F4xx_HAL_Driver\Src\stm32f4xx_ll_sdmmc.o
                0x08006888                SDMMC_CmdBlockLength
 .text.SDMMC_CmdReadSingleBlock
                0x080068d0       0x48 build\Libraries\STM32F4xx_HAL_Driver\Src\stm32f4xx_ll_sdmmc.o
                0x080068d0                SDMMC_CmdReadSingleBlock
 .text.SDMMC_CmdReadMultiBlock
                0x08006918       0x48 build\Libraries\STM32F4xx_HAL_Driver\Src\stm32f4xx_ll_sdmmc.o
                0x08006918                SDMMC_CmdReadMultiBlock
 .text.SDMMC_CmdWriteSingleBlock
                0x08006960       0x48 build\Libraries\STM32F4xx_HAL_Driver\Src\stm32f4xx_ll_sdmmc.o
                0x08006960                SDMMC_CmdWriteSingleBlock
 .text.SDMMC_CmdWriteMultiBlock
                0x080069a8       0x48 build\Libraries\STM32F4xx_HAL_Driver\Src\stm32f4xx_ll_sdmmc.o
                0x080069a8                SDMMC_CmdWriteMultiBlock
 .text.SDMMC_CmdStopTransfer
                0x080069f0       0x48 build\Libraries\STM32F4xx_HAL_Driver\Src\stm32f4xx_ll_sdmmc.o
                0x080069f0                SDMMC_CmdStopTransfer
 .text.SDMMC_CmdSelDesel
                0x08006a38       0x4c build\Libraries\STM32F4xx_HAL_Driver\Src\stm32f4xx_ll_sdmmc.o
                0x08006a38                SDMMC_CmdSelDesel
 .text.SDMMC_CmdGoIdleState
                0x08006a84       0x40 build\Libraries\STM32F4xx_HAL_Driver\Src\stm32f4xx_ll_sdmmc.o
                0x08006a84                SDMMC_CmdGoIdleState
 .text.SDMMC_CmdOperCond
                0x08006ac4       0x44 build\Libraries\STM32F4xx_HAL_Driver\Src\stm32f4xx_ll_sdmmc.o
                0x08006ac4                SDMMC_CmdOperCond
 .text.SDMMC_CmdAppCommand
                0x08006b08       0x48 build\Libraries\STM32F4xx_HAL_Driver\Src\stm32f4xx_ll_sdmmc.o
                0x08006b08                SDMMC_CmdAppCommand
 .text.SDMMC_CmdAppOperCommand
                0x08006b50       0x4c build\Libraries\STM32F4xx_HAL_Driver\Src\stm32f4xx_ll_sdmmc.o
                0x08006b50                SDMMC_CmdAppOperCommand
 .text.SDMMC_CmdBusWidth
                0x08006b9c       0x48 build\Libraries\STM32F4xx_HAL_Driver\Src\stm32f4xx_ll_sdmmc.o
                0x08006b9c                SDMMC_CmdBusWidth
 .text.SDMMC_CmdSendSCR
                0x08006be4       0x48 build\Libraries\STM32F4xx_HAL_Driver\Src\stm32f4xx_ll_sdmmc.o
                0x08006be4                SDMMC_CmdSendSCR
 .text.SDMMC_CmdSendCID
                0x08006c2c       0x40 build\Libraries\STM32F4xx_HAL_Driver\Src\stm32f4xx_ll_sdmmc.o
                0x08006c2c                SDMMC_CmdSendCID
 .text.SDMMC_CmdSendCSD
                0x08006c6c       0x44 build\Libraries\STM32F4xx_HAL_Driver\Src\stm32f4xx_ll_sdmmc.o
                0x08006c6c                SDMMC_CmdSendCSD
 .text.SDMMC_CmdSetRelAdd
                0x08006cb0       0x48 build\Libraries\STM32F4xx_HAL_Driver\Src\stm32f4xx_ll_sdmmc.o
                0x08006cb0                SDMMC_CmdSetRelAdd
 .text.SDMMC_CmdSendStatus
                0x08006cf8       0x48 build\Libraries\STM32F4xx_HAL_Driver\Src\stm32f4xx_ll_sdmmc.o
                0x08006cf8                SDMMC_CmdSendStatus
 .text.SDMMC_GetCmdError
                0x08006d40       0x54 build\Libraries\STM32F4xx_HAL_Driver\Src\stm32f4xx_ll_sdmmc.o
 .text.SDMMC_GetCmdResp1
                0x08006d94      0x1cc build\Libraries\STM32F4xx_HAL_Driver\Src\stm32f4xx_ll_sdmmc.o
 .text.SDMMC_GetCmdResp2
                0x08006f60       0x80 build\Libraries\STM32F4xx_HAL_Driver\Src\stm32f4xx_ll_sdmmc.o
 .text.SDMMC_GetCmdResp3
                0x08006fe0       0x68 build\Libraries\STM32F4xx_HAL_Driver\Src\stm32f4xx_ll_sdmmc.o
 .text.SDMMC_GetCmdResp6
                0x08007048       0xdc build\Libraries\STM32F4xx_HAL_Driver\Src\stm32f4xx_ll_sdmmc.o
 .text.SDMMC_GetCmdResp7
                0x08007124       0x74 build\Libraries\STM32F4xx_HAL_Driver\Src\stm32f4xx_ll_sdmmc.o
 .text.rt_tick_get
                0x08007198       0x18 build\kernel\src\clock.o
                0x08007198                rt_tick_get
 .text.rt_tick_increase
                0x080071b0       0x44 build\kernel\src\clock.o
                0x080071b0                rt_tick_increase
 .text.rti_start
                0x080071f4       0x10 build\kernel\src\components.o
 .text.rti_board_start
                0x08007204       0x10 build\kernel\src\components.o
 .text.rti_board_end
                0x08007214       0x10 build\kernel\src\components.o
 .text.rti_end  0x08007224       0x10 build\kernel\src\components.o
 .text.rt_components_board_init
                0x08007234       0x30 build\kernel\src\components.o
                0x08007234                rt_components_board_init
 .text.rt_components_init
                0x08007264       0x30 build\kernel\src\components.o
                0x08007264                rt_components_init
 .text.entry    0x08007294       0x14 build\kernel\src\components.o
                0x08007294                entry
 .text.main_thread_entry
                0x080072a8       0x18 build\kernel\src\components.o
                0x080072a8                main_thread_entry
 .text.rt_application_init
                0x080072c0       0x4c build\kernel\src\components.o
                0x080072c0                rt_application_init
 .text.rtthread_startup
                0x0800730c       0x30 build\kernel\src\components.o
                0x0800730c                rtthread_startup
 .text.rt_device_register
                0x0800733c       0x54 build\kernel\src\device.o
                0x0800733c                rt_device_register
 .text.rt_device_unregister
                0x08007390       0x34 build\kernel\src\device.o
                0x08007390                rt_device_unregister
 .text.rt_device_find
                0x080073c4       0x90 build\kernel\src\device.o
                0x080073c4                rt_device_find
 .text.rt_device_open
                0x08007454      0x100 build\kernel\src\device.o
                0x08007454                rt_device_open
 .text.rt_device_close
                0x08007554       0x7c build\kernel\src\device.o
                0x08007554                rt_device_close
 .text.rt_device_read
                0x080075d0       0x68 build\kernel\src\device.o
                0x080075d0                rt_device_read
 .text.rt_device_write
                0x08007638       0x68 build\kernel\src\device.o
                0x08007638                rt_device_write
 .text.rt_device_control
                0x080076a0       0x4c build\kernel\src\device.o
                0x080076a0                rt_device_control
 .text.rt_device_set_rx_indicate
                0x080076ec       0x34 build\kernel\src\device.o
                0x080076ec                rt_device_set_rx_indicate
 .text.rt_list_remove
                0x08007720       0x38 build\kernel\src\idle.o
 .text._has_defunct_thread
                0x08007758       0x2c build\kernel\src\idle.o
 .text.rt_thread_idle_excute
                0x08007784       0xc4 build\kernel\src\idle.o
                0x08007784                rt_thread_idle_excute
 .text.rt_thread_idle_entry
                0x08007848       0x20 build\kernel\src\idle.o
 .text.rt_thread_idle_init
                0x08007868       0x40 build\kernel\src\idle.o
                0x08007868                rt_thread_idle_init
 .text.rt_list_init
                0x080078a8       0x24 build\kernel\src\ipc.o
 .text.rt_list_insert_before
                0x080078cc       0x34 build\kernel\src\ipc.o
 .text.rt_list_isempty
                0x08007900       0x24 build\kernel\src\ipc.o
 .text.rt_ipc_object_init
                0x08007924       0x1c build\kernel\src\ipc.o
 .text.rt_ipc_list_suspend
                0x08007940       0x90 build\kernel\src\ipc.o
 .text.rt_ipc_list_resume
                0x080079d0       0x20 build\kernel\src\ipc.o
 .text.rt_ipc_list_resume_all
                0x080079f0       0x48 build\kernel\src\ipc.o
 .text.rt_sem_init
                0x08007a38       0x54 build\kernel\src\ipc.o
                0x08007a38                rt_sem_init
 .text.rt_sem_take
                0x08007a8c      0x144 build\kernel\src\ipc.o
                0x08007a8c                rt_sem_take
 .text.rt_sem_release
                0x08007bd0       0x68 build\kernel\src\ipc.o
                0x08007bd0                rt_sem_release
 .text.rt_mutex_init
                0x08007c38       0x64 build\kernel\src\ipc.o
                0x08007c38                rt_mutex_init
 .text.rt_mutex_detach
                0x08007c9c       0x40 build\kernel\src\ipc.o
                0x08007c9c                rt_mutex_detach
 .text.rt_mutex_create
                0x08007cdc       0x88 build\kernel\src\ipc.o
                0x08007cdc                rt_mutex_create
 .text.rt_mutex_delete
                0x08007d64       0x70 build\kernel\src\ipc.o
                0x08007d64                rt_mutex_delete
 .text.rt_mutex_take
                0x08007dd4      0x1b4 build\kernel\src\ipc.o
                0x08007dd4                rt_mutex_take
 .text.rt_mutex_release
                0x08007f88      0x15c build\kernel\src\ipc.o
                0x08007f88                rt_mutex_release
 .text.rt_interrupt_enter
                0x080080e4       0x40 build\kernel\src\irq.o
                0x080080e4                rt_interrupt_enter
 .text.rt_interrupt_leave
                0x08008124       0x40 build\kernel\src\irq.o
                0x08008124                rt_interrupt_leave
 .text.rt_interrupt_get_nest
                0x08008164       0x18 build\kernel\src\irq.o
                0x08008164                rt_interrupt_get_nest
 .text.rt_set_errno
                0x0800817c       0x40 build\kernel\src\kservice.o
                0x0800817c                rt_set_errno
 .text.rt_memset
                0x080081bc       0xb8 build\kernel\src\kservice.o
                0x080081bc                rt_memset
 .text.rt_memcpy
                0x08008274       0xd4 build\kernel\src\kservice.o
                0x08008274                rt_memcpy
 .text.rt_memmove
                0x08008348       0x84 build\kernel\src\kservice.o
                0x08008348                rt_memmove
 .text.rt_strncpy
                0x080083cc       0x64 build\kernel\src\kservice.o
                0x080083cc                rt_strncpy
 .text.rt_strncmp
                0x08008430       0x4c build\kernel\src\kservice.o
                0x08008430                rt_strncmp
 .text.rt_strcmp
                0x0800847c       0x44 build\kernel\src\kservice.o
                0x0800847c                rt_strcmp
 .text.rt_strlen
                0x080084c0       0x30 build\kernel\src\kservice.o
                0x080084c0                rt_strlen
 .text.rt_strdup
                0x080084f0       0x3c build\kernel\src\kservice.o
                0x080084f0                rt_strdup
 .text.rt_show_version
                0x0800852c       0x44 build\kernel\src\kservice.o
                0x0800852c                rt_show_version
 .text.divide   0x08008570       0x68 build\kernel\src\kservice.o
 .text.skip_atoi
                0x080085d8       0x40 build\kernel\src\kservice.o
 .text.print_number
                0x08008618      0x1d4 build\kernel\src\kservice.o
 .text.rt_vsnprintf
                0x080087ec      0x544 build\kernel\src\kservice.o
                0x080087ec                rt_vsnprintf
 .text.rt_snprintf
                0x08008d30       0x30 build\kernel\src\kservice.o
                0x08008d30                rt_snprintf
 .text.rt_console_get_device
                0x08008d60       0x18 build\kernel\src\kservice.o
                0x08008d60                rt_console_get_device
 .text.rt_console_set_device
                0x08008d78       0x4c build\kernel\src\kservice.o
                0x08008d78                rt_console_set_device
 .text.rt_hw_console_output
                0x08008dc4       0x14 build\kernel\src\kservice.o
                0x08008dc4                rt_hw_console_output
 .text.rt_kprintf
                0x08008dd8       0x84 build\kernel\src\kservice.o
                0x08008dd8                rt_kprintf
 .text.__rt_ffs
                0x08008e5c       0x70 build\kernel\src\kservice.o
                0x08008e5c                __rt_ffs
 .text.rt_assert_handler
                0x08008ecc       0x4c build\kernel\src\kservice.o
                0x08008ecc                rt_assert_handler
 .text.rt_memheap_init
                0x08008f18      0x144 build\kernel\src\memheap.o
                0x08008f18                rt_memheap_init
 .text.rt_memheap_alloc
                0x0800905c      0x1dc build\kernel\src\memheap.o
                0x0800905c                rt_memheap_alloc
 .text.rt_memheap_realloc
                0x08009238      0x2d8 build\kernel\src\memheap.o
                0x08009238                rt_memheap_realloc
 .text.rt_memheap_free
                0x08009510      0x184 build\kernel\src\memheap.o
                0x08009510                rt_memheap_free
 .text.rt_system_heap_init
                0x08009694       0x2c build\kernel\src\memheap.o
                0x08009694                rt_system_heap_init
 .text.rt_malloc
                0x080096c0       0x8c build\kernel\src\memheap.o
                0x080096c0                rt_malloc
 .text.rt_free  0x0800974c       0x18 build\kernel\src\memheap.o
                0x0800974c                rt_free
 .text.rt_realloc
                0x08009764       0x9c build\kernel\src\memheap.o
                0x08009764                rt_realloc
 .text.rt_calloc
                0x08009800       0x38 build\kernel\src\memheap.o
                0x08009800                rt_calloc
 .text.rt_list_insert_after
                0x08009838       0x34 build\kernel\src\object.o
 .text.rt_list_remove
                0x0800986c       0x38 build\kernel\src\object.o
 .text.rt_object_get_information
                0x080098a4       0x48 build\kernel\src\object.o
                0x080098a4                rt_object_get_information
 .text.rt_object_init
                0x080098ec       0x84 build\kernel\src\object.o
                0x080098ec                rt_object_init
 .text.rt_object_detach
                0x08009970       0x54 build\kernel\src\object.o
                0x08009970                rt_object_detach
 .text.rt_object_allocate
                0x080099c4       0xcc build\kernel\src\object.o
                0x080099c4                rt_object_allocate
 .text.rt_object_delete
                0x08009a90       0x74 build\kernel\src\object.o
                0x08009a90                rt_object_delete
 .text.rt_object_is_systemobject
                0x08009b04       0x3c build\kernel\src\object.o
                0x08009b04                rt_object_is_systemobject
 .text.rt_list_init
                0x08009b40       0x24 build\kernel\src\scheduler.o
 .text.rt_list_insert_before
                0x08009b64       0x34 build\kernel\src\scheduler.o
 .text.rt_list_remove
                0x08009b98       0x38 build\kernel\src\scheduler.o
 .text.rt_list_isempty
                0x08009bd0       0x24 build\kernel\src\scheduler.o
 .text._rt_scheduler_stack_check
                0x08009bf4       0x98 build\kernel\src\scheduler.o
 .text.rt_system_scheduler_init
                0x08009c8c       0x54 build\kernel\src\scheduler.o
                0x08009c8c                rt_system_scheduler_init
 .text.rt_system_scheduler_start
                0x08009ce0       0x3c build\kernel\src\scheduler.o
                0x08009ce0                rt_system_scheduler_start
 .text.rt_schedule
                0x08009d1c       0xd4 build\kernel\src\scheduler.o
                0x08009d1c                rt_schedule
 .text.rt_schedule_insert_thread
                0x08009df0       0x80 build\kernel\src\scheduler.o
                0x08009df0                rt_schedule_insert_thread
 .text.rt_schedule_remove_thread
                0x08009e70       0x70 build\kernel\src\scheduler.o
                0x08009e70                rt_schedule_remove_thread
 .text.rt_enter_critical
                0x08009ee0       0x2c build\kernel\src\scheduler.o
                0x08009ee0                rt_enter_critical
 .text.rt_exit_critical
                0x08009f0c       0x48 build\kernel\src\scheduler.o
                0x08009f0c                rt_exit_critical
 .text.rt_list_init
                0x08009f54       0x24 build\kernel\src\thread.o
 .text.rt_list_insert_after
                0x08009f78       0x34 build\kernel\src\thread.o
 .text.rt_list_insert_before
                0x08009fac       0x34 build\kernel\src\thread.o
 .text.rt_list_remove
                0x08009fe0       0x38 build\kernel\src\thread.o
 .text.rt_thread_exit
                0x0800a018       0x6c build\kernel\src\thread.o
                0x0800a018                rt_thread_exit
 .text._rt_thread_init
                0x0800a084       0xf8 build\kernel\src\thread.o
 .text.rt_thread_init
                0x0800a17c       0x6c build\kernel\src\thread.o
                0x0800a17c                rt_thread_init
 .text.rt_thread_self
                0x0800a1e8       0x18 build\kernel\src\thread.o
                0x0800a1e8                rt_thread_self
 .text.rt_thread_startup
                0x0800a200       0x84 build\kernel\src\thread.o
                0x0800a200                rt_thread_startup
 .text.rt_thread_create
                0x0800a284       0x64 build\kernel\src\thread.o
                0x0800a284                rt_thread_create
 .text.rt_thread_delete
                0x0800a2e8       0x70 build\kernel\src\thread.o
                0x0800a2e8                rt_thread_delete
 .text.rt_thread_yield
                0x0800a358       0x74 build\kernel\src\thread.o
                0x0800a358                rt_thread_yield
 .text.rt_thread_sleep
                0x0800a3cc       0x74 build\kernel\src\thread.o
                0x0800a3cc                rt_thread_sleep
 .text.rt_thread_delay
                0x0800a440       0x18 build\kernel\src\thread.o
                0x0800a440                rt_thread_delay
 .text.rt_thread_control
                0x0800a458       0xb8 build\kernel\src\thread.o
                0x0800a458                rt_thread_control
 .text.rt_thread_suspend
                0x0800a510       0x8c build\kernel\src\thread.o
                0x0800a510                rt_thread_suspend
 .text.rt_thread_resume
                0x0800a59c       0x7c build\kernel\src\thread.o
                0x0800a59c                rt_thread_resume
 .text.rt_thread_timeout
                0x0800a618       0x68 build\kernel\src\thread.o
                0x0800a618                rt_thread_timeout
 .text.rt_list_init
                0x0800a680       0x24 build\kernel\src\timer.o
 .text.rt_list_insert_after
                0x0800a6a4       0x34 build\kernel\src\timer.o
 .text.rt_list_remove
                0x0800a6d8       0x38 build\kernel\src\timer.o
 .text.rt_list_isempty
                0x0800a710       0x24 build\kernel\src\timer.o
 .text._rt_timer_init
                0x0800a734       0x68 build\kernel\src\timer.o
 .text._rt_timer_remove
                0x0800a79c       0x34 build\kernel\src\timer.o
 .text.rt_timer_init
                0x0800a7d0       0x48 build\kernel\src\timer.o
                0x0800a7d0                rt_timer_init
 .text.rt_timer_detach
                0x0800a818       0x44 build\kernel\src\timer.o
                0x0800a818                rt_timer_detach
 .text.rt_timer_start
                0x0800a85c      0x1e0 build\kernel\src\timer.o
                0x0800a85c                rt_timer_start
 .text.rt_timer_stop
                0x0800aa3c       0x74 build\kernel\src\timer.o
                0x0800aa3c                rt_timer_stop
 .text.rt_timer_control
                0x0800aab0       0x84 build\kernel\src\timer.o
                0x0800aab0                rt_timer_control
 .text.rt_timer_check
                0x0800ab34       0xb8 build\kernel\src\timer.o
                0x0800ab34                rt_timer_check
 .text.rt_system_timer_init
                0x0800abec       0x34 build\kernel\src\timer.o
                0x0800abec                rt_system_timer_init
 .text.rt_system_timer_thread_init
                0x0800ac20       0x10 build\kernel\src\timer.o
                0x0800ac20                rt_system_timer_thread_init
 .text.rt_hw_stack_init
                0x0800ac30       0x90 build\kernel\libcpu\arm\cortex-m4\cpuport.o
                0x0800ac30                rt_hw_stack_init
 .text.rt_hw_hard_fault_exception
                0x0800acc0       0xc4 build\kernel\libcpu\arm\cortex-m4\cpuport.o
                0x0800acc0                rt_hw_hard_fault_exception
 .text.dfs_init
                0x0800ad84       0x7c build\kernel\components\dfs\src\dfs.o
                0x0800ad84                dfs_init
 .text.dfs_lock
                0x0800ae00       0x48 build\kernel\components\dfs\src\dfs.o
                0x0800ae00                dfs_lock
 .text.dfs_unlock
                0x0800ae48       0x14 build\kernel\components\dfs\src\dfs.o
                0x0800ae48                dfs_unlock
 .text.fd_alloc
                0x0800ae5c      0x108 build\kernel\components\dfs\src\dfs.o
 .text.fd_new   0x0800af64       0x58 build\kernel\components\dfs\src\dfs.o
                0x0800af64                fd_new
 .text.fd_get   0x0800afbc       0x68 build\kernel\components\dfs\src\dfs.o
                0x0800afbc                fd_get
 .text.fd_put   0x0800b024       0x88 build\kernel\components\dfs\src\dfs.o
                0x0800b024                fd_put
 .text.fd_is_open
                0x0800b0ac       0xdc build\kernel\components\dfs\src\dfs.o
                0x0800b0ac                fd_is_open
 .text.dfs_subdir
                0x0800b188       0x50 build\kernel\components\dfs\src\dfs.o
                0x0800b188                dfs_subdir
 .text.dfs_normalize_path
                0x0800b1d8      0x208 build\kernel\components\dfs\src\dfs.o
                0x0800b1d8                dfs_normalize_path
 .text.dfs_fdtable_get
                0x0800b3e0       0x1c build\kernel\components\dfs\src\dfs.o
                0x0800b3e0                dfs_fdtable_get
 .text.list_fd  0x0800b3fc      0x128 build\kernel\components\dfs\src\dfs.o
                0x0800b3fc                list_fd
 .text.dfs_file_open
                0x0800b524      0x15c build\kernel\components\dfs\src\dfs_file.o
                0x0800b524                dfs_file_open
 .text.dfs_file_close
                0x0800b680       0x54 build\kernel\components\dfs\src\dfs_file.o
                0x0800b680                dfs_file_close
 .text.dfs_file_read
                0x0800b6d4       0x58 build\kernel\components\dfs\src\dfs_file.o
                0x0800b6d4                dfs_file_read
 .text.dfs_file_getdents
                0x0800b72c       0x48 build\kernel\components\dfs\src\dfs_file.o
                0x0800b72c                dfs_file_getdents
 .text.dfs_file_unlink
                0x0800b774       0xcc build\kernel\components\dfs\src\dfs_file.o
                0x0800b774                dfs_file_unlink
 .text.dfs_file_write
                0x0800b840       0x40 build\kernel\components\dfs\src\dfs_file.o
                0x0800b840                dfs_file_write
 .text.dfs_file_lseek
                0x0800b880       0x4c build\kernel\components\dfs\src\dfs_file.o
                0x0800b880                dfs_file_lseek
 .text.dfs_file_stat
                0x0800b8cc       0xf8 build\kernel\components\dfs\src\dfs_file.o
                0x0800b8cc                dfs_file_stat
 .text.dfs_file_rename
                0x0800b9c4       0xdc build\kernel\components\dfs\src\dfs_file.o
                0x0800b9c4                dfs_file_rename
 .text.ls       0x0800baa0      0x120 build\kernel\components\dfs\src\dfs_file.o
                0x0800baa0                ls
 .text.rm       0x0800bbc0       0x28 build\kernel\components\dfs\src\dfs_file.o
                0x0800bbc0                rm
 .text.cat      0x0800bbe8       0x74 build\kernel\components\dfs\src\dfs_file.o
                0x0800bbe8                cat
 .text.copyfile
                0x0800bc5c       0xe0 build\kernel\components\dfs\src\dfs_file.o
 .text.copydir  0x0800bd3c      0x18c build\kernel\components\dfs\src\dfs_file.o
 .text._get_path_lastname
                0x0800bec8       0x2c build\kernel\components\dfs\src\dfs_file.o
 .text.copy     0x0800bef4      0x15c build\kernel\components\dfs\src\dfs_file.o
                0x0800bef4                copy
 .text.dfs_register
                0x0800c050       0x9c build\kernel\components\dfs\src\dfs_fs.o
                0x0800c050                dfs_register
 .text.dfs_filesystem_lookup
                0x0800c0ec       0xc4 build\kernel\components\dfs\src\dfs_fs.o
                0x0800c0ec                dfs_filesystem_lookup
 .text.dfs_mount
                0x0800c1b0      0x224 build\kernel\components\dfs\src\dfs_fs.o
                0x0800c1b0                dfs_mount
 .text.dfs_mkfs
                0x0800c3d4       0xc0 build\kernel\components\dfs\src\dfs_fs.o
                0x0800c3d4                dfs_mkfs
 .text.dfs_statfs
                0x0800c494       0x40 build\kernel\components\dfs\src\dfs_fs.o
                0x0800c494                dfs_statfs
 .text.mkfs     0x0800c4d4       0x1c build\kernel\components\dfs\src\dfs_fs.o
                0x0800c4d4                mkfs
 .text.df       0x0800c4f0      0x190 build\kernel\components\dfs\src\dfs_fs.o
                0x0800c4f0                df
 .text.open     0x0800c680       0x6c build\kernel\components\dfs\src\dfs_posix.o
                0x0800c680                open
 .text.close    0x0800c6ec       0x54 build\kernel\components\dfs\src\dfs_posix.o
                0x0800c6ec                close
 .text.read     0x0800c740       0x5c build\kernel\components\dfs\src\dfs_posix.o
                0x0800c740                read
 .text.write    0x0800c79c       0x5c build\kernel\components\dfs\src\dfs_posix.o
                0x0800c79c                write
 .text.lseek    0x0800c7f8       0xb4 build\kernel\components\dfs\src\dfs_posix.o
                0x0800c7f8                lseek
 .text.rename   0x0800c8ac       0x30 build\kernel\components\dfs\src\dfs_posix.o
                0x0800c8ac                rename
 .text.unlink   0x0800c8dc       0x2c build\kernel\components\dfs\src\dfs_posix.o
                0x0800c8dc                unlink
 .text.mkdir    0x0800c908       0x78 build\kernel\components\dfs\src\dfs_posix.o
                0x0800c908                mkdir
 .text.opendir  0x0800c980       0x98 build\kernel\components\dfs\src\dfs_posix.o
                0x0800c980                opendir
 .text.readdir  0x0800ca18       0xbc build\kernel\components\dfs\src\dfs_posix.o
                0x0800ca18                readdir
 .text.rewinddir
                0x0800cad4       0x54 build\kernel\components\dfs\src\dfs_posix.o
                0x0800cad4                rewinddir
 .text.closedir
                0x0800cb28       0x60 build\kernel\components\dfs\src\dfs_posix.o
                0x0800cb28                closedir
 .text.chdir    0x0800cb88       0xac build\kernel\components\dfs\src\dfs_posix.o
                0x0800cb88                chdir
 .text.getcwd   0x0800cc34       0x2c build\kernel\components\dfs\src\dfs_posix.o
                0x0800cc34                getcwd
 .text.dfs_device_fs_mount
                0x0800cc60       0x1c build\kernel\components\dfs\filesystems\devfs\devfs.o
                0x0800cc60                dfs_device_fs_mount
 .text.dfs_device_fs_ioctl
                0x0800cc7c       0x60 build\kernel\components\dfs\filesystems\devfs\devfs.o
                0x0800cc7c                dfs_device_fs_ioctl
 .text.dfs_device_fs_read
                0x0800ccdc       0x68 build\kernel\components\dfs\filesystems\devfs\devfs.o
                0x0800ccdc                dfs_device_fs_read
 .text.dfs_device_fs_write
                0x0800cd44       0x68 build\kernel\components\dfs\filesystems\devfs\devfs.o
                0x0800cd44                dfs_device_fs_write
 .text.dfs_device_fs_close
                0x0800cdac       0x8c build\kernel\components\dfs\filesystems\devfs\devfs.o
                0x0800cdac                dfs_device_fs_close
 .text.dfs_device_fs_open
                0x0800ce38      0x130 build\kernel\components\dfs\filesystems\devfs\devfs.o
                0x0800ce38                dfs_device_fs_open
 .text.dfs_device_fs_stat
                0x0800cf68       0xe4 build\kernel\components\dfs\filesystems\devfs\devfs.o
                0x0800cf68                dfs_device_fs_stat
 .text.dfs_device_fs_getdents
                0x0800d04c       0xdc build\kernel\components\dfs\filesystems\devfs\devfs.o
                0x0800d04c                dfs_device_fs_getdents
 .text.dfs_device_fs_poll
                0x0800d128       0x1c build\kernel\components\dfs\filesystems\devfs\devfs.o
 .text.devfs_init
                0x0800d144       0x14 build\kernel\components\dfs\filesystems\devfs\devfs.o
                0x0800d144                devfs_init
 .text.elm_result_to_dfs
                0x0800d158       0xa0 build\kernel\components\dfs\filesystems\elmfat\dfs_elm.o
 .text.get_disk
                0x0800d1f8       0x40 build\kernel\components\dfs\filesystems\elmfat\dfs_elm.o
 .text.dfs_elm_mount
                0x0800d238      0x158 build\kernel\components\dfs\filesystems\elmfat\dfs_elm.o
                0x0800d238                dfs_elm_mount
 .text.dfs_elm_unmount
                0x0800d390       0xa0 build\kernel\components\dfs\filesystems\elmfat\dfs_elm.o
                0x0800d390                dfs_elm_unmount
 .text.dfs_elm_mkfs
                0x0800d430      0x140 build\kernel\components\dfs\filesystems\elmfat\dfs_elm.o
                0x0800d430                dfs_elm_mkfs
 .text.dfs_elm_statfs
                0x0800d570       0xb8 build\kernel\components\dfs\filesystems\elmfat\dfs_elm.o
                0x0800d570                dfs_elm_statfs
 .text.dfs_elm_open
                0x0800d628      0x1f8 build\kernel\components\dfs\filesystems\elmfat\dfs_elm.o
                0x0800d628                dfs_elm_open
 .text.dfs_elm_close
                0x0800d820       0x88 build\kernel\components\dfs\filesystems\elmfat\dfs_elm.o
                0x0800d820                dfs_elm_close
 .text.dfs_elm_ioctl
                0x0800d8a8       0x1c build\kernel\components\dfs\filesystems\elmfat\dfs_elm.o
                0x0800d8a8                dfs_elm_ioctl
 .text.dfs_elm_read
                0x0800d8c4       0x74 build\kernel\components\dfs\filesystems\elmfat\dfs_elm.o
                0x0800d8c4                dfs_elm_read
 .text.dfs_elm_write
                0x0800d938       0x7c build\kernel\components\dfs\filesystems\elmfat\dfs_elm.o
                0x0800d938                dfs_elm_write
 .text.dfs_elm_flush
                0x0800d9b4       0x44 build\kernel\components\dfs\filesystems\elmfat\dfs_elm.o
                0x0800d9b4                dfs_elm_flush
 .text.dfs_elm_lseek
                0x0800d9f8       0xbc build\kernel\components\dfs\filesystems\elmfat\dfs_elm.o
                0x0800d9f8                dfs_elm_lseek
 .text.dfs_elm_getdents
                0x0800dab4      0x1a0 build\kernel\components\dfs\filesystems\elmfat\dfs_elm.o
                0x0800dab4                dfs_elm_getdents
 .text.dfs_elm_unlink
                0x0800dc54       0x70 build\kernel\components\dfs\filesystems\elmfat\dfs_elm.o
                0x0800dc54                dfs_elm_unlink
 .text.dfs_elm_rename
                0x0800dcc4       0x78 build\kernel\components\dfs\filesystems\elmfat\dfs_elm.o
                0x0800dcc4                dfs_elm_rename
 .text.dfs_elm_stat
                0x0800dd3c      0x208 build\kernel\components\dfs\filesystems\elmfat\dfs_elm.o
                0x0800dd3c                dfs_elm_stat
 .text.elm_init
                0x0800df44       0x14 build\kernel\components\dfs\filesystems\elmfat\dfs_elm.o
                0x0800df44                elm_init
 .text.disk_initialize
                0x0800df58       0x18 build\kernel\components\dfs\filesystems\elmfat\dfs_elm.o
                0x0800df58                disk_initialize
 .text.disk_status
                0x0800df70       0x18 build\kernel\components\dfs\filesystems\elmfat\dfs_elm.o
                0x0800df70                disk_status
 .text.disk_read
                0x0800df88       0x44 build\kernel\components\dfs\filesystems\elmfat\dfs_elm.o
                0x0800df88                disk_read
 .text.disk_write
                0x0800dfcc       0x44 build\kernel\components\dfs\filesystems\elmfat\dfs_elm.o
                0x0800dfcc                disk_write
 .text.disk_ioctl
                0x0800e010       0xe4 build\kernel\components\dfs\filesystems\elmfat\dfs_elm.o
                0x0800e010                disk_ioctl
 .text.get_fattime
                0x0800e0f4       0x68 build\kernel\components\dfs\filesystems\elmfat\dfs_elm.o
                0x0800e0f4                get_fattime
 .text.ff_cre_syncobj
                0x0800e15c       0x48 build\kernel\components\dfs\filesystems\elmfat\dfs_elm.o
                0x0800e15c                ff_cre_syncobj
 .text.ff_del_syncobj
                0x0800e1a4       0x20 build\kernel\components\dfs\filesystems\elmfat\dfs_elm.o
                0x0800e1a4                ff_del_syncobj
 .text.ff_req_grant
                0x0800e1c4       0x28 build\kernel\components\dfs\filesystems\elmfat\dfs_elm.o
                0x0800e1c4                ff_req_grant
 .text.ff_rel_grant
                0x0800e1ec       0x18 build\kernel\components\dfs\filesystems\elmfat\dfs_elm.o
                0x0800e1ec                ff_rel_grant
 .text.ff_memalloc
                0x0800e204       0x18 build\kernel\components\dfs\filesystems\elmfat\dfs_elm.o
                0x0800e204                ff_memalloc
 .text.ff_memfree
                0x0800e21c       0x18 build\kernel\components\dfs\filesystems\elmfat\dfs_elm.o
                0x0800e21c                ff_memfree
 .text.ld_word  0x0800e234       0x30 build\kernel\components\dfs\filesystems\elmfat\ff.o
 .text.ld_dword
                0x0800e264       0x48 build\kernel\components\dfs\filesystems\elmfat\ff.o
 .text.st_word  0x0800e2ac       0x38 build\kernel\components\dfs\filesystems\elmfat\ff.o
 .text.st_dword
                0x0800e2e4       0x58 build\kernel\components\dfs\filesystems\elmfat\ff.o
 .text.mem_cpy  0x0800e33c       0x44 build\kernel\components\dfs\filesystems\elmfat\ff.o
 .text.mem_set  0x0800e380       0x34 build\kernel\components\dfs\filesystems\elmfat\ff.o
 .text.mem_cmp  0x0800e3b4       0x50 build\kernel\components\dfs\filesystems\elmfat\ff.o
 .text.chk_chr  0x0800e404       0x38 build\kernel\components\dfs\filesystems\elmfat\ff.o
 .text.lock_fs  0x0800e43c       0x1c build\kernel\components\dfs\filesystems\elmfat\ff.o
 .text.unlock_fs
                0x0800e458       0x38 build\kernel\components\dfs\filesystems\elmfat\ff.o
 .text.sync_window
                0x0800e490       0x88 build\kernel\components\dfs\filesystems\elmfat\ff.o
 .text.move_window
                0x0800e518       0x5c build\kernel\components\dfs\filesystems\elmfat\ff.o
 .text.sync_fs  0x0800e574       0xdc build\kernel\components\dfs\filesystems\elmfat\ff.o
 .text.clust2sect
                0x0800e650       0x40 build\kernel\components\dfs\filesystems\elmfat\ff.o
 .text.get_fat  0x0800e690      0x14c build\kernel\components\dfs\filesystems\elmfat\ff.o
 .text.put_fat  0x0800e7dc      0x1d0 build\kernel\components\dfs\filesystems\elmfat\ff.o
 .text.remove_chain
                0x0800e9ac       0xcc build\kernel\components\dfs\filesystems\elmfat\ff.o
 .text.create_chain
                0x0800ea78      0x130 build\kernel\components\dfs\filesystems\elmfat\ff.o
 .text.clmt_clust
                0x0800eba8       0x68 build\kernel\components\dfs\filesystems\elmfat\ff.o
 .text.dir_sdi  0x0800ec10       0xf8 build\kernel\components\dfs\filesystems\elmfat\ff.o
 .text.dir_next
                0x0800ed08      0x18c build\kernel\components\dfs\filesystems\elmfat\ff.o
 .text.dir_alloc
                0x0800ee94       0x90 build\kernel\components\dfs\filesystems\elmfat\ff.o
 .text.ld_clust
                0x0800ef24       0x40 build\kernel\components\dfs\filesystems\elmfat\ff.o
 .text.st_clust
                0x0800ef64       0x40 build\kernel\components\dfs\filesystems\elmfat\ff.o
 .text.cmp_lfn  0x0800efa4       0xe0 build\kernel\components\dfs\filesystems\elmfat\ff.o
 .text.pick_lfn
                0x0800f084       0xc8 build\kernel\components\dfs\filesystems\elmfat\ff.o
 .text.put_lfn  0x0800f14c       0xd0 build\kernel\components\dfs\filesystems\elmfat\ff.o
 .text.gen_numname
                0x0800f21c      0x11c build\kernel\components\dfs\filesystems\elmfat\ff.o
 .text.sum_sfn  0x0800f338       0x44 build\kernel\components\dfs\filesystems\elmfat\ff.o
 .text.dir_read
                0x0800f37c      0x150 build\kernel\components\dfs\filesystems\elmfat\ff.o
 .text.dir_find
                0x0800f4cc      0x180 build\kernel\components\dfs\filesystems\elmfat\ff.o
 .text.dir_register
                0x0800f64c      0x1f0 build\kernel\components\dfs\filesystems\elmfat\ff.o
 .text.dir_remove
                0x0800f83c       0x94 build\kernel\components\dfs\filesystems\elmfat\ff.o
 .text.get_fileinfo
                0x0800f8d0      0x1bc build\kernel\components\dfs\filesystems\elmfat\ff.o
 .text.create_name
                0x0800fa8c      0x370 build\kernel\components\dfs\filesystems\elmfat\ff.o
 .text.follow_path
                0x0800fdfc       0xe4 build\kernel\components\dfs\filesystems\elmfat\ff.o
 .text.get_ldnumber
                0x0800fee0       0x88 build\kernel\components\dfs\filesystems\elmfat\ff.o
 .text.check_fs
                0x0800ff68       0xac build\kernel\components\dfs\filesystems\elmfat\ff.o
 .text.find_volume
                0x08010014      0x4a4 build\kernel\components\dfs\filesystems\elmfat\ff.o
 .text.validate
                0x080104b8       0x7c build\kernel\components\dfs\filesystems\elmfat\ff.o
 .text.f_mount  0x08010534       0xc0 build\kernel\components\dfs\filesystems\elmfat\ff.o
                0x08010534                f_mount
 .text.f_open   0x080105f4      0x350 build\kernel\components\dfs\filesystems\elmfat\ff.o
                0x080105f4                f_open
 .text.f_read   0x08010944      0x2dc build\kernel\components\dfs\filesystems\elmfat\ff.o
                0x08010944                f_read
 .text.f_write  0x08010c20      0x348 build\kernel\components\dfs\filesystems\elmfat\ff.o
                0x08010c20                f_write
 .text.f_sync   0x08010f68      0x114 build\kernel\components\dfs\filesystems\elmfat\ff.o
                0x08010f68                f_sync
 .text.f_close  0x0801107c       0x4c build\kernel\components\dfs\filesystems\elmfat\ff.o
                0x0801107c                f_close
 .text.f_lseek  0x080110c8      0x4a8 build\kernel\components\dfs\filesystems\elmfat\ff.o
                0x080110c8                f_lseek
 .text.f_opendir
                0x08011570       0xec build\kernel\components\dfs\filesystems\elmfat\ff.o
                0x08011570                f_opendir
 .text.f_readdir
                0x0801165c       0xb0 build\kernel\components\dfs\filesystems\elmfat\ff.o
                0x0801165c                f_readdir
 .text.f_seekdir
                0x0801170c       0x60 build\kernel\components\dfs\filesystems\elmfat\ff.o
                0x0801170c                f_seekdir
 .text.f_stat   0x0801176c       0xac build\kernel\components\dfs\filesystems\elmfat\ff.o
                0x0801176c                f_stat
 .text.f_getfree
                0x08011818      0x178 build\kernel\components\dfs\filesystems\elmfat\ff.o
                0x08011818                f_getfree
 .text.f_unlink
                0x08011990      0x174 build\kernel\components\dfs\filesystems\elmfat\ff.o
                0x08011990                f_unlink
 .text.f_mkdir  0x08011b04      0x248 build\kernel\components\dfs\filesystems\elmfat\ff.o
                0x08011b04                f_mkdir
 .text.f_rename
                0x08011d4c      0x218 build\kernel\components\dfs\filesystems\elmfat\ff.o
                0x08011d4c                f_rename
 .text.f_mkfs   0x08011f64      0x858 build\kernel\components\dfs\filesystems\elmfat\ff.o
                0x08011f64                f_mkfs
 .text.elm_get_vol
                0x080127bc       0x40 build\kernel\components\dfs\filesystems\elmfat\ff.o
                0x080127bc                elm_get_vol
 .text.ff_convert
                0x080127fc       0x78 build\kernel\components\dfs\filesystems\elmfat\option\ccsbcs.o
                0x080127fc                ff_convert
 .text.ff_wtoupper
                0x08012874      0x114 build\kernel\components\dfs\filesystems\elmfat\option\ccsbcs.o
                0x08012874                ff_wtoupper
 .text.dfs_romfs_mount
                0x08012988       0x30 build\kernel\components\dfs\filesystems\romfs\dfs_romfs.o
                0x08012988                dfs_romfs_mount
 .text.dfs_romfs_unmount
                0x080129b8       0x18 build\kernel\components\dfs\filesystems\romfs\dfs_romfs.o
                0x080129b8                dfs_romfs_unmount
 .text.dfs_romfs_ioctl
                0x080129d0       0x1c build\kernel\components\dfs\filesystems\romfs\dfs_romfs.o
                0x080129d0                dfs_romfs_ioctl
 .text.check_dirent
                0x080129ec       0x38 build\kernel\components\dfs\filesystems\romfs\dfs_romfs.o
 .text.dfs_romfs_lookup
                0x08012a24      0x194 build\kernel\components\dfs\filesystems\romfs\dfs_romfs.o
                0x08012a24                dfs_romfs_lookup
 .text.dfs_romfs_read
                0x08012bb8       0x94 build\kernel\components\dfs\filesystems\romfs\dfs_romfs.o
                0x08012bb8                dfs_romfs_read
 .text.dfs_romfs_lseek
                0x08012c4c       0x30 build\kernel\components\dfs\filesystems\romfs\dfs_romfs.o
                0x08012c4c                dfs_romfs_lseek
 .text.dfs_romfs_close
                0x08012c7c       0x1c build\kernel\components\dfs\filesystems\romfs\dfs_romfs.o
                0x08012c7c                dfs_romfs_close
 .text.dfs_romfs_open
                0x08012c98       0xa0 build\kernel\components\dfs\filesystems\romfs\dfs_romfs.o
                0x08012c98                dfs_romfs_open
 .text.dfs_romfs_stat
                0x08012d38       0x7c build\kernel\components\dfs\filesystems\romfs\dfs_romfs.o
                0x08012d38                dfs_romfs_stat
 .text.dfs_romfs_getdents
                0x08012db4      0x10c build\kernel\components\dfs\filesystems\romfs\dfs_romfs.o
                0x08012db4                dfs_romfs_getdents
 .text.dfs_romfs_init
                0x08012ec0       0x14 build\kernel\components\dfs\filesystems\romfs\dfs_romfs.o
                0x08012ec0                dfs_romfs_init
 .text.finsh_get_prompt
                0x08012ed4       0xc0 build\kernel\components\finsh\shell.o
                0x08012ed4                finsh_get_prompt
 .text.finsh_set_prompt_mode
                0x08012f94       0x48 build\kernel\components\finsh\shell.o
                0x08012f94                finsh_set_prompt_mode
 .text.finsh_getchar
                0x08012fdc       0x58 build\kernel\components\finsh\shell.o
 .text.finsh_rx_ind
                0x08013034       0x3c build\kernel\components\finsh\shell.o
 .text.finsh_set_device
                0x08013070       0xd8 build\kernel\components\finsh\shell.o
                0x08013070                finsh_set_device
 .text.shell_auto_complete
                0x08013148       0x40 build\kernel\components\finsh\shell.o
 .text.shell_handle_history
                0x08013188       0x34 build\kernel\components\finsh\shell.o
 .text.shell_push_history
                0x080131bc      0x160 build\kernel\components\finsh\shell.o
 .text.finsh_thread_entry
                0x0801331c      0x5c0 build\kernel\components\finsh\shell.o
                0x0801331c                finsh_thread_entry
 .text.finsh_system_function_init
                0x080138dc       0x2c build\kernel\components\finsh\shell.o
                0x080138dc                finsh_system_function_init
 .text.finsh_system_var_init
                0x08013908       0x2c build\kernel\components\finsh\shell.o
                0x08013908                finsh_system_var_init
 .text.finsh_system_init
                0x08013934       0xc4 build\kernel\components\finsh\shell.o
                0x08013934                finsh_system_init
 .text.rt_list_isempty
                0x080139f8       0x24 build\kernel\components\finsh\cmd.o
 .text.rt_list_len
                0x08013a1c       0x38 build\kernel\components\finsh\cmd.o
 .text.hello    0x08013a54       0x14 build\kernel\components\finsh\cmd.o
                0x08013a54                hello
 .text.version  0x08013a68       0x10 build\kernel\components\finsh\cmd.o
                0x08013a68                version
 .text.object_name_maxlen
                0x08013a78       0x70 build\kernel\components\finsh\cmd.o
 .text.object_split
                0x08013ae8       0x28 build\kernel\components\finsh\cmd.o
 .text._list_thread
                0x08013b10      0x130 build\kernel\components\finsh\cmd.o
 .text.list_thread
                0x08013c40       0x24 build\kernel\components\finsh\cmd.o
                0x08013c40                list_thread
 .text.show_wait_queue
                0x08013c64       0x50 build\kernel\components\finsh\cmd.o
 .text._list_sem
                0x08013cb4       0xd4 build\kernel\components\finsh\cmd.o
 .text.list_sem
                0x08013d88       0x24 build\kernel\components\finsh\cmd.o
                0x08013d88                list_sem
 .text._list_event
                0x08013dac       0xc4 build\kernel\components\finsh\cmd.o
 .text.list_event
                0x08013e70       0x24 build\kernel\components\finsh\cmd.o
                0x08013e70                list_event
 .text._list_mutex
                0x08013e94       0x94 build\kernel\components\finsh\cmd.o
 .text.list_mutex
                0x08013f28       0x24 build\kernel\components\finsh\cmd.o
                0x08013f28                list_mutex
 .text._list_mailbox
                0x08013f4c       0xe4 build\kernel\components\finsh\cmd.o
 .text.list_mailbox
                0x08014030       0x24 build\kernel\components\finsh\cmd.o
                0x08014030                list_mailbox
 .text._list_msgqueue
                0x08014054       0xd4 build\kernel\components\finsh\cmd.o
 .text.list_msgqueue
                0x08014128       0x24 build\kernel\components\finsh\cmd.o
                0x08014128                list_msgqueue
 .text._list_memheap
                0x0801414c       0x84 build\kernel\components\finsh\cmd.o
 .text.list_memheap
                0x080141d0       0x24 build\kernel\components\finsh\cmd.o
                0x080141d0                list_memheap
 .text._list_timer
                0x080141f4       0xb0 build\kernel\components\finsh\cmd.o
 .text.list_timer
                0x080142a4       0x24 build\kernel\components\finsh\cmd.o
                0x080142a4                list_timer
 .text._list_device
                0x080142c8       0xa8 build\kernel\components\finsh\cmd.o
 .text.list_device
                0x08014370       0x24 build\kernel\components\finsh\cmd.o
                0x08014370                list_device
 .text.list     0x08014394       0x6c build\kernel\components\finsh\cmd.o
                0x08014394                list
 .text.msh_is_used
                0x08014400       0x10 build\kernel\components\finsh\msh.o
                0x08014400                msh_is_used
 .text.msh_help
                0x08014410       0x7c build\kernel\components\finsh\msh.o
                0x08014410                msh_help
 .text.msh_split
                0x0801448c      0x170 build\kernel\components\finsh\msh.o
 .text.msh_get_cmd
                0x080145fc       0x80 build\kernel\components\finsh\msh.o
 .text._msh_exec_cmd
                0x0801467c       0xd4 build\kernel\components\finsh\msh.o
 .text.msh_exec
                0x08014750       0xa8 build\kernel\components\finsh\msh.o
                0x08014750                msh_exec
 .text.str_common
                0x080147f8       0x4c build\kernel\components\finsh\msh.o
 .text.msh_auto_complete_path
                0x08014844      0x228 build\kernel\components\finsh\msh.o
                0x08014844                msh_auto_complete_path
 .text.msh_auto_complete
                0x08014a6c      0x104 build\kernel\components\finsh\msh.o
                0x08014a6c                msh_auto_complete
 .text.cmd_ls   0x08014b70       0x34 build\kernel\components\finsh\msh_cmd.o
                0x08014b70                cmd_ls
 .text.cmd_cp   0x08014ba4       0x44 build\kernel\components\finsh\msh_cmd.o
                0x08014ba4                cmd_cp
 .text.cmd_mv   0x08014be8      0x138 build\kernel\components\finsh\msh_cmd.o
                0x08014be8                cmd_mv
 .text.cmd_cat  0x08014d20       0x58 build\kernel\components\finsh\msh_cmd.o
                0x08014d20                cmd_cat
 .text.cmd_rm   0x08014d78       0x58 build\kernel\components\finsh\msh_cmd.o
                0x08014d78                cmd_rm
 .text.cmd_cd   0x08014dd0       0x58 build\kernel\components\finsh\msh_cmd.o
                0x08014dd0                cmd_cd
 .text.cmd_pwd  0x08014e28       0x24 build\kernel\components\finsh\msh_cmd.o
                0x08014e28                cmd_pwd
 .text.cmd_mkdir
                0x08014e4c       0x40 build\kernel\components\finsh\msh_cmd.o
                0x08014e4c                cmd_mkdir
 .text.cmd_mkfs
                0x08014e8c       0x90 build\kernel\components\finsh\msh_cmd.o
                0x08014e8c                cmd_mkfs
 .text.cmd_df   0x08014f1c       0x70 build\kernel\components\finsh\msh_cmd.o
                0x08014f1c                cmd_df
 .text.cmd_echo
                0x08014f8c       0x94 build\kernel\components\finsh\msh_cmd.o
                0x08014f8c                cmd_echo
 .text.cmd_ps   0x08015020       0x18 build\kernel\components\finsh\msh_cmd.o
                0x08015020                cmd_ps
 .text.cmd_time
                0x08015038       0x18 build\kernel\components\finsh\msh_cmd.o
                0x08015038                cmd_time
 .text.cmd_free
                0x08015050       0x18 build\kernel\components\finsh\msh_cmd.o
                0x08015050                cmd_free
 .text.msh_readline
                0x08015068       0xa4 build\kernel\components\finsh\msh_file.o
 .text.msh_exec_script
                0x0801510c      0x16c build\kernel\components\finsh\msh_file.o
                0x0801510c                msh_exec_script
 .text.libc_system_init
                0x08015278       0x3c build\kernel\components\libc\compilers\newlib\libc.o
                0x08015278                libc_system_init
 .text.libc_stdio_set_console
                0x080152b4      0x100 build\kernel\components\libc\compilers\newlib\stdio.o
                0x080152b4                libc_stdio_set_console
 .text._close_r
                0x080153b4       0x1c build\kernel\components\libc\compilers\newlib\syscalls.o
                0x080153b4                _close_r
 .text._fstat_r
                0x080153d0       0x24 build\kernel\components\libc\compilers\newlib\syscalls.o
                0x080153d0                _fstat_r
 .text._isatty_r
                0x080153f4       0x30 build\kernel\components\libc\compilers\newlib\syscalls.o
                0x080153f4                _isatty_r
 .text._lseek_r
                0x08015424       0x24 build\kernel\components\libc\compilers\newlib\syscalls.o
                0x08015424                _lseek_r
 .text._open_r  0x08015448       0x24 build\kernel\components\libc\compilers\newlib\syscalls.o
                0x08015448                _open_r
 .text._read_r  0x0801546c       0x24 build\kernel\components\libc\compilers\newlib\syscalls.o
                0x0801546c                _read_r
 .text._write_r
                0x08015490       0x24 build\kernel\components\libc\compilers\newlib\syscalls.o
                0x08015490                _write_r
 .text._malloc_r
                0x080154b4       0x28 build\kernel\components\libc\compilers\newlib\syscalls.o
                0x080154b4                _malloc_r
 .text._realloc_r