Archive member included to satisfy reference by file (symbol)

d:/software/env/tools/gnu_gcc/arm_gcc/mingw/bin/../lib/gcc/arm-none-eabi/5.4.1/../../../../arm-none-eabi/lib/armv7e-m/fpu\libc.a(lib_a-exit.o)
                              d:/software/env/tools/gnu_gcc/arm_gcc/mingw/bin/../lib/gcc/arm-none-eabi/5.4.1/../../../../arm-none-eabi/lib/armv7e-m/fpu/crt0.o (exit)
d:/software/env/tools/gnu_gcc/arm_gcc/mingw/bin/../lib/gcc/arm-none-eabi/5.4.1/../../../../arm-none-eabi/lib/armv7e-m/fpu\libc.a(lib_a-fclose.o)
                              build\kernel\components\libc\compilers\newlib\stdio.o (fclose)
d:/software/env/tools/gnu_gcc/arm_gcc/mingw/bin/../lib/gcc/arm-none-eabi/5.4.1/../../../../arm-none-eabi/lib/armv7e-m/fpu\libc.a(lib_a-fflush.o)
                              d:/software/env/tools/gnu_gcc/arm_gcc/mingw/bin/../lib/gcc/arm-none-eabi/5.4.1/../../../../arm-none-eabi/lib/armv7e-m/fpu\libc.a(lib_a-fclose.o) (__sflush_r)
d:/software/env/tools/gnu_gcc/arm_gcc/mingw/bin/../lib/gcc/arm-none-eabi/5.4.1/../../../../arm-none-eabi/lib/armv7e-m/fpu\libc.a(lib_a-fileno.o)
                              build\kernel\components\libc\compilers\newlib\stdio.o (fileno)
d:/software/env/tools/gnu_gcc/arm_gcc/mingw/bin/../lib/gcc/arm-none-eabi/5.4.1/../../../../arm-none-eabi/lib/armv7e-m/fpu\libc.a(lib_a-findfp.o)
                              d:/software/env/tools/gnu_gcc/arm_gcc/mingw/bin/../lib/gcc/arm-none-eabi/5.4.1/../../../../arm-none-eabi/lib/armv7e-m/fpu\libc.a(lib_a-fclose.o) (__sinit)
d:/software/env/tools/gnu_gcc/arm_gcc/mingw/bin/../lib/gcc/arm-none-eabi/5.4.1/../../../../arm-none-eabi/lib/armv7e-m/fpu\libc.a(lib_a-fopen.o)
                              build\kernel\components\libc\compilers\newlib\stdio.o (fopen)
d:/software/env/tools/gnu_gcc/arm_gcc/mingw/bin/../lib/gcc/arm-none-eabi/5.4.1/../../../../arm-none-eabi/lib/armv7e-m/fpu\libc.a(lib_a-fseek.o)
                              d:/software/env/tools/gnu_gcc/arm_gcc/mingw/bin/../lib/gcc/arm-none-eabi/5.4.1/../../../../arm-none-eabi/lib/armv7e-m/fpu\libc.a(lib_a-fopen.o) (_fseek_r)
d:/software/env/tools/gnu_gcc/arm_gcc/mingw/bin/../lib/gcc/arm-none-eabi/5.4.1/../../../../arm-none-eabi/lib/armv7e-m/fpu\libc.a(lib_a-fseeko.o)
                              d:/software/env/tools/gnu_gcc/arm_gcc/mingw/bin/../lib/gcc/arm-none-eabi/5.4.1/../../../../arm-none-eabi/lib/armv7e-m/fpu\libc.a(lib_a-fseek.o) (_fseeko_r)
d:/software/env/tools/gnu_gcc/arm_gcc/mingw/bin/../lib/gcc/arm-none-eabi/5.4.1/../../../../arm-none-eabi/lib/armv7e-m/fpu\libc.a(lib_a-fwalk.o)
                              d:/software/env/tools/gnu_gcc/arm_gcc/mingw/bin/../lib/gcc/arm-none-eabi/5.4.1/../../../../arm-none-eabi/lib/armv7e-m/fpu\libc.a(lib_a-findfp.o) (_fwalk)
d:/software/env/tools/gnu_gcc/arm_gcc/mingw/bin/../lib/gcc/arm-none-eabi/5.4.1/../../../../arm-none-eabi/lib/armv7e-m/fpu\libc.a(lib_a-impure.o)
                              build\kernel\components\libc\compilers\newlib\stdio.o (_global_impure_ptr)
d:/software/env/tools/gnu_gcc/arm_gcc/mingw/bin/../lib/gcc/arm-none-eabi/5.4.1/../../../../arm-none-eabi/lib/armv7e-m/fpu\libc.a(lib_a-lcltime.o)
                              build\kernel\components\dfs\filesystems\elmfat\dfs_elm.o (localtime)
d:/software/env/tools/gnu_gcc/arm_gcc/mingw/bin/../lib/gcc/arm-none-eabi/5.4.1/../../../../arm-none-eabi/lib/armv7e-m/fpu\libc.a(lib_a-lcltime_r.o)
                              d:/software/env/tools/gnu_gcc/arm_gcc/mingw/bin/../lib/gcc/arm-none-eabi/5.4.1/../../../../arm-none-eabi/lib/armv7e-m/fpu\libc.a(lib_a-lcltime.o) (localtime_r)
d:/software/env/tools/gnu_gcc/arm_gcc/mingw/bin/../lib/gcc/arm-none-eabi/5.4.1/../../../../arm-none-eabi/lib/armv7e-m/fpu\libc.a(lib_a-makebuf.o)
                              d:/software/env/tools/gnu_gcc/arm_gcc/mingw/bin/../lib/gcc/arm-none-eabi/5.4.1/../../../../arm-none-eabi/lib/armv7e-m/fpu\libc.a(lib_a-fseeko.o) (__smakebuf_r)
d:/software/env/tools/gnu_gcc/arm_gcc/mingw/bin/../lib/gcc/arm-none-eabi/5.4.1/../../../../arm-none-eabi/lib/armv7e-m/fpu\libc.a(lib_a-memcmp.o)
                              build\kernel\components\finsh\shell.o (memcmp)
d:/software/env/tools/gnu_gcc/arm_gcc/mingw/bin/../lib/gcc/arm-none-eabi/5.4.1/../../../../arm-none-eabi/lib/armv7e-m/fpu\libc.a(lib_a-memcpy.o)
                              build\kernel\components\dfs\filesystems\elmfat\dfs_elm.o (memcpy)
d:/software/env/tools/gnu_gcc/arm_gcc/mingw/bin/../lib/gcc/arm-none-eabi/5.4.1/../../../../arm-none-eabi/lib/armv7e-m/fpu\libc.a(lib_a-memset.o)
                              d:/software/env/tools/gnu_gcc/arm_gcc/mingw/bin/../lib/gcc/arm-none-eabi/5.4.1/../../../../arm-none-eabi/lib/armv7e-m/fpu/crt0.o (memset)
d:/software/env/tools/gnu_gcc/arm_gcc/mingw/bin/../lib/gcc/arm-none-eabi/5.4.1/../../../../arm-none-eabi/lib/armv7e-m/fpu\libc.a(lib_a-mktime.o)
                              build\kernel\components\dfs\filesystems\elmfat\dfs_elm.o (mktime)
[...]
Memory Configuration

Name             Origin             Length             Attributes
CODE             0x08000000         0x00100000         xr
DATA             0x20000000         0x00020000         rw
*default*        0x00000000         0xffffffff

Linker script and memory map

LOAD d:/software/env/tools/gnu_gcc/arm_gcc/mingw/bin/../lib/gcc/arm-none-eabi/5.4.1/armv7e-m/fpu/crti.o
LOAD d:/software/env/tools/gnu_gcc/arm_gcc/mingw/bin/../lib/gcc/arm-none-eabi/5.4.1/armv7e-m/fpu/crtbegin.o
LOAD d:/software/env/tools/gnu_gcc/arm_gcc/mingw/bin/../lib/gcc/arm-none-eabi/5.4.1/../../../../arm-none-eabi/lib/armv7e-m/fpu/crt0.o
LOAD build\applications\main.o
LOAD build\applications\mem_test.o
LOAD build\drivers\board.o
LOAD build\drivers\stm32f4xx_it.o
LOAD build\drivers\drv_sdcard.o
LOAD build\drivers\drv_sdram.o
LOAD build\drivers\drv_gpio.o
LOAD build\drivers\drv_usart.o
LOAD build\drivers\drv_romfs.o
LOAD build\Libraries\CMSIS\Device\ST\STM32F4xx\Source\Templates\system_stm32f4xx.o
LOAD build\Libraries\CMSIS\Device\ST\STM32F4xx\Source\Templates\gcc\startup_stm32f469xx.o
LOAD build\Libraries\STM32F4xx_HAL_Driver\Src\stm32f4xx_hal.o
LOAD build\Libraries\STM32F4xx_HAL_Driver\Src\stm32f4xx_hal_adc.o
LOAD build\Libraries\STM32F4xx_HAL_Driver\Src\stm32f4xx_hal_adc_ex.o
LOAD build\Libraries\STM32F4xx_HAL_Driver\Src\stm32f4xx_hal_can.o
LOAD build\Libraries\STM32F4xx_HAL_Driver\Src\stm32f4xx_hal_cec.o
LOAD build\Libraries\STM32F4xx_HAL_Driver\Src\stm32f4xx_hal_cortex.o
LOAD build\Libraries\STM32F4xx_HAL_Driver\Src\stm32f4xx_hal_crc.o
LOAD build\Libraries\STM32F4xx_HAL_Driver\Src\stm32f4xx_hal_cryp.o
LOAD build\Libraries\STM32F4xx_HAL_Driver\Src\stm32f4xx_hal_cryp_ex.o
LOAD build\Libraries\STM32F4xx_HAL_Driver\Src\stm32f4xx_hal_dac.o
LOAD build\Libraries\STM32F4xx_HAL_Driver\Src\stm32f4xx_hal_dac_ex.o
LOAD build\Libraries\STM32F4xx_HAL_Driver\Src\stm32f4xx_hal_dcmi.o
LOAD build\Libraries\STM32F4xx_HAL_Driver\Src\stm32f4xx_hal_dcmi_ex.o
LOAD build\Libraries\STM32F4xx_HAL_Driver\Src\stm32f4xx_hal_dfsdm.o
LOAD build\Libraries\STM32F4xx_HAL_Driver\Src\stm32f4xx_hal_dma.o
LOAD build\Libraries\STM32F4xx_HAL_Driver\Src\stm32f4xx_hal_dma2d.o
LOAD build\Libraries\STM32F4xx_HAL_Driver\Src\stm32f4xx_hal_dma_ex.o
LOAD build\Libraries\STM32F4xx_HAL_Driver\Src\stm32f4xx_hal_dsi.o
LOAD build\Libraries\STM32F4xx_HAL_Driver\Src\stm32f4xx_hal_eth.o
LOAD build\Libraries\STM32F4xx_HAL_Driver\Src\stm32f4xx_hal_flash.o
LOAD build\Libraries\STM32F4xx_HAL_Driver\Src\stm32f4xx_hal_flash_ex.o
LOAD build\Libraries\STM32F4xx_HAL_Driver\Src\stm32f4xx_hal_flash_ramfunc.o
LOAD build\Libraries\STM32F4xx_HAL_Driver\Src\stm32f4xx_hal_fmpi2c.o
LOAD build\Libraries\STM32F4xx_HAL_Driver\Src\stm32f4xx_hal_fmpi2c_ex.o
LOAD build\Libraries\STM32F4xx_HAL_Driver\Src\stm32f4xx_hal_gpio.o
LOAD build\Libraries\STM32F4xx_HAL_Driver\Src\stm32f4xx_hal_hash.o
LOAD build\Libraries\STM32F4xx_HAL_Driver\Src\stm32f4xx_hal_hash_ex.o
LOAD build\Libraries\STM32F4xx_HAL_Driver\Src\stm32f4xx_hal_hcd.o
LOAD build\Libraries\STM32F4xx_HAL_Driver\Src\stm32f4xx_hal_i2c.o
LOAD build\Libraries\STM32F4xx_HAL_Driver\Src\stm32f4xx_hal_i2c_ex.o
LOAD build\Libraries\STM32F4xx_HAL_Driver\Src\stm32f4xx_hal_i2s.o
LOAD build\Libraries\STM32F4xx_HAL_Driver\Src\stm32f4xx_hal_i2s_ex.o
LOAD build\Libraries\STM32F4xx_HAL_Driver\Src\stm32f4xx_hal_irda.o
LOAD build\Libraries\STM32F4xx_HAL_Driver\Src\stm32f4xx_hal_iwdg.o
LOAD build\Libraries\STM32F4xx_HAL_Driver\Src\stm32f4xx_hal_lptim.o
LOAD build\Libraries\STM32F4xx_HAL_Driver\Src\stm32f4xx_hal_ltdc.o
LOAD build\Libraries\STM32F4xx_HAL_Driver\Src\stm32f4xx_hal_ltdc_ex.o
LOAD build\Libraries\STM32F4xx_HAL_Driver\Src\stm32f4xx_hal_mmc.o
LOAD build\Libraries\STM32F4xx_HAL_Driver\Src\stm32f4xx_hal_nand.o
LOAD build\Libraries\STM32F4xx_HAL_Driver\Src\stm32f4xx_hal_nor.o
LOAD build\Libraries\STM32F4xx_HAL_Driver\Src\stm32f4xx_hal_pccard.o
LOAD build\Libraries\STM32F4xx_HAL_Driver\Src\stm32f4xx_hal_pcd.o
LOAD build\Libraries\STM32F4xx_HAL_Driver\Src\stm32f4xx_hal_pcd_ex.o
LOAD build\Libraries\STM32F4xx_HAL_Driver\Src\stm32f4xx_hal_pwr.o
LOAD build\Libraries\STM32F4xx_HAL_Driver\Src\stm32f4xx_hal_pwr_ex.o
LOAD build\Libraries\STM32F4xx_HAL_Driver\Src\stm32f4xx_hal_qspi.o
LOAD build\Libraries\STM32F4xx_HAL_Driver\Src\stm32f4xx_hal_rcc.o
LOAD build\Libraries\STM32F4xx_HAL_Driver\Src\stm32f4xx_hal_rcc_ex.o
LOAD build\Libraries\STM32F4xx_HAL_Driver\Src\stm32f4xx_hal_rng.o
LOAD build\Libraries\STM32F4xx_HAL_Driver\Src\stm32f4xx_hal_rtc.o
LOAD build\Libraries\STM32F4xx_HAL_Driver\Src\stm32f4xx_hal_rtc_ex.o
LOAD build\Libraries\STM32F4xx_HAL_Driver\Src\stm32f4xx_hal_sai.o
LOAD build\Libraries\STM32F4xx_HAL_Driver\Src\stm32f4xx_hal_sai_ex.o
LOAD build\Libraries\STM32F4xx_HAL_Driver\Src\stm32f4xx_hal_sd.o
LOAD build\Libraries\STM32F4xx_HAL_Driver\Src\stm32f4xx_hal_sdram.o
LOAD build\Libraries\STM32F4xx_HAL_Driver\Src\stm32f4xx_hal_smartcard.o
LOAD build\Libraries\STM32F4xx_HAL_Driver\Src\stm32f4xx_hal_spdifrx.o
LOAD build\Libraries\STM32F4xx_HAL_Driver\Src\stm32f4xx_hal_spi.o
LOAD build\Libraries\STM32F4xx_HAL_Driver\Src\stm32f4xx_hal_sram.o
LOAD build\Libraries\STM32F4xx_HAL_Driver\Src\stm32f4xx_hal_tim.o
LOAD build\Libraries\STM32F4xx_HAL_Driver\Src\stm32f4xx_hal_tim_ex.o
LOAD build\Libraries\STM32F4xx_HAL_Driver\Src\stm32f4xx_hal_uart.o
LOAD build\Libraries\STM32F4xx_HAL_Driver\Src\stm32f4xx_hal_usart.o
LOAD build\Libraries\STM32F4xx_HAL_Driver\Src\stm32f4xx_hal_wwdg.o
LOAD build\Libraries\STM32F4xx_HAL_Driver\Src\stm32f4xx_ll_adc.o
LOAD build\Libraries\STM32F4xx_HAL_Driver\Src\stm32f4xx_ll_crc.o
LOAD build\Libraries\STM32F4xx_HAL_Driver\Src\stm32f4xx_ll_dac.o
LOAD build\Libraries\STM32F4xx_HAL_Driver\Src\stm32f4xx_ll_dma.o
LOAD build\Libraries\STM32F4xx_HAL_Driver\Src\stm32f4xx_ll_dma2d.o
LOAD build\Libraries\STM32F4xx_HAL_Driver\Src\stm32f4xx_ll_exti.o
LOAD build\Libraries\STM32F4xx_HAL_Driver\Src\stm32f4xx_ll_fmc.o
LOAD build\Libraries\STM32F4xx_HAL_Driver\Src\stm32f4xx_ll_fsmc.o
LOAD build\Libraries\STM32F4xx_HAL_Driver\Src\stm32f4xx_ll_gpio.o
LOAD build\Libraries\STM32F4xx_HAL_Driver\Src\stm32f4xx_ll_i2c.o
LOAD build\Libraries\STM32F4xx_HAL_Driver\Src\stm32f4xx_ll_lptim.o
LOAD build\Libraries\STM32F4xx_HAL_Driver\Src\stm32f4xx_ll_pwr.o
LOAD build\Libraries\STM32F4xx_HAL_Driver\Src\stm32f4xx_ll_rcc.o
LOAD build\Libraries\STM32F4xx_HAL_Driver\Src\stm32f4xx_ll_rng.o
LOAD build\Libraries\STM32F4xx_HAL_Driver\Src\stm32f4xx_ll_rtc.o
LOAD build\Libraries\STM32F4xx_HAL_Driver\Src\stm32f4xx_ll_sdmmc.o
LOAD build\Libraries\STM32F4xx_HAL_Driver\Src\stm32f4xx_ll_spi.o
LOAD build\Libraries\STM32F4xx_HAL_Driver\Src\stm32f4xx_ll_tim.o
LOAD build\Libraries\STM32F4xx_HAL_Driver\Src\stm32f4xx_ll_usart.o
LOAD build\Libraries\STM32F4xx_HAL_Driver\Src\stm32f4xx_ll_usb.o
LOAD build\Libraries\STM32F4xx_HAL_Driver\Src\stm32f4xx_ll_utils.o
LOAD build\kernel\src\clock.o
LOAD build\kernel\src\components.o
LOAD build\kernel\src\device.o
LOAD build\kernel\src\idle.o
LOAD build\kernel\src\ipc.o
LOAD build\kernel\src\irq.o
LOAD build\kernel\src\kservice.o
LOAD build\kernel\src\memheap.o
LOAD build\kernel\src\object.o
LOAD build\kernel\src\scheduler.o
LOAD build\kernel\src\signal.o
LOAD build\kernel\src\thread.o
LOAD build\kernel\src\timer.o
LOAD build\kernel\libcpu\arm\cortex-m4\cpuport.o
LOAD build\kernel\libcpu\arm\cortex-m4\context_gcc.o
LOAD build\kernel\libcpu\arm\common\backtrace.o
LOAD build\kernel\libcpu\arm\common\div0.o
LOAD build\kernel\libcpu\arm\common\showmem.o
LOAD build\kernel\components\dfs\src\dfs.o
LOAD build\kernel\components\dfs\src\dfs_file.o
LOAD build\kernel\components\dfs\src\dfs_fs.o
LOAD build\kernel\components\dfs\src\dfs_posix.o
LOAD build\kernel\components\dfs\filesystems\devfs\devfs.o
LOAD build\kernel\components\dfs\filesystems\elmfat\dfs_elm.o
LOAD build\kernel\components\dfs\filesystems\elmfat\ff.o
LOAD build\kernel\components\dfs\filesystems\elmfat\option\ccsbcs.o
LOAD build\kernel\components\dfs\filesystems\romfs\dfs_romfs.o
LOAD build\kernel\components\dfs\filesystems\romfs\romfs.o
LOAD build\kernel\components\drivers\misc\pin.o
LOAD build\kernel\components\drivers\serial\serial.o
LOAD build\kernel\components\drivers\src\completion.o
LOAD build\kernel\components\drivers\src\dataqueue.o
LOAD build\kernel\components\drivers\src\pipe.o
LOAD build\kernel\components\drivers\src\ringbuffer.o
LOAD build\kernel\components\drivers\src\waitqueue.o
LOAD build\kernel\components\drivers\src\workqueue.o
LOAD build\kernel\components\finsh\shell.o
LOAD build\kernel\components\finsh\symbol.o
LOAD build\kernel\components\finsh\cmd.o
LOAD build\kernel\components\finsh\msh.o
LOAD build\kernel\components\finsh\msh_cmd.o
LOAD build\kernel\components\finsh\msh_file.o
LOAD build\kernel\components\libc\compilers\newlib\libc.o
LOAD build\kernel\components\libc\compilers\newlib\libc_syms.o
LOAD build\kernel\components\libc\compilers\newlib\stdio.o
LOAD build\kernel\components\libc\compilers\newlib\syscalls.o
LOAD build\kernel\components\libc\compilers\newlib\time.o
LOAD d:/software/env/tools/gnu_gcc/arm_gcc/mingw/bin/../lib/gcc/arm-none-eabi/5.4.1/../../../../arm-none-eabi/lib/armv7e-m/fpu\libc.a
LOAD d:/software/env/tools/gnu_gcc/arm_gcc/mingw/bin/../lib/gcc/arm-none-eabi/5.4.1/../../../../arm-none-eabi/lib/armv7e-m/fpu\libm.a
START GROUP
LOAD d:/software/env/tools/gnu_gcc/arm_gcc/mingw/bin/../lib/gcc/arm-none-eabi/5.4.1/armv7e-m/fpu\libgcc.a
LOAD d:/software/env/tools/gnu_gcc/arm_gcc/mingw/bin/../lib/gcc/arm-none-eabi/5.4.1/../../../../arm-none-eabi/lib/armv7e-m/fpu\libc.a
END GROUP
LOAD d:/software/env/tools/gnu_gcc/arm_gcc/mingw/bin/../lib/gcc/arm-none-eabi/5.4.1/armv7e-m/fpu/crtend.o
LOAD d:/software/env/tools/gnu_gcc/arm_gcc/mingw/bin/../lib/gcc/arm-none-eabi/5.4.1/armv7e-m/fpu/crtn.o
                0x00000200                _system_stack_size = 0x200

.text           0x08000000    0x22c0c
                0x08000000                . = ALIGN (0x4)
                0x08000000                _stext = .
 *(.isr_vector)
 .isr_vector    0x08000000      0x1b4 build\Libraries\CMSIS\Device\ST\STM32F4xx\Source\Templates\gcc\startup_stm32f469xx.o
                0x08000000                g_pfnVectors
                0x080001b4                . = ALIGN (0x4)
 *(.text)
 .text          0x080001b4      0x138 build\kernel\libcpu\arm\cortex-m4\context_gcc.o
                0x080001b4                rt_hw_interrupt_disable
                0x080001bc                rt_hw_interrupt_enable
                0x080001c2                rt_hw_context_switch_interrupt
                0x080001c2                rt_hw_context_switch
                0x080001e2                PendSV_Handler
                0x0800024e                rt_hw_context_switch_to
                0x08000296                rt_hw_interrupt_thread_switch
                0x0800029a                HardFault_Handler
 .text          0x080002ec      0x134 d:/software/env/tools/gnu_gcc/arm_gcc/mingw/bin/../lib/gcc/arm-none-eabi/5.4.1/../../../../arm-none-eabi/lib/armv7e-m/fpu\libc.a(lib_a-memcpy.o)
                0x080002ec                memcpy
 .text          0x08000420      0x2dc d:/software/env/tools/gnu_gcc/arm_gcc/mingw/bin/../lib/gcc/arm-none-eabi/5.4.1/../../../../arm-none-eabi/lib/armv7e-m/fpu\libc.a(lib_a-strcmp.o)
                0x08000428                strcmp
 *fill*         0x080006fc        0x4 00000000
 .text          0x08000700       0xdc d:/software/env/tools/gnu_gcc/arm_gcc/mingw/bin/../lib/gcc/arm-none-eabi/5.4.1/../../../../arm-none-eabi/lib/armv7e-m/fpu\libc.a(lib_a-strlen.o)
                0x08000700                strlen
 *fill*         0x080007dc        0x4 00000000
 .text          0x080007e0       0xa0 d:/software/env/tools/gnu_gcc/arm_gcc/mingw/bin/../lib/gcc/arm-none-eabi/5.4.1/../../../../arm-none-eabi/lib/armv7e-m/fpu\libc.a(lib_a-memchr.o)
                0x080007e0                memchr
 .text          0x08000880      0x370 d:/software/env/tools/gnu_gcc/arm_gcc/mingw/bin/../lib/gcc/arm-none-eabi/5.4.1/armv7e-m/fpu\libgcc.a(_arm_addsubdf3.o)
                0x08000880                __aeabi_drsub
                0x08000888                __aeabi_dsub
                0x08000888                __subdf3
                0x0800088c                __aeabi_dadd
                0x0800088c                __adddf3
                0x08000b04                __floatunsidf
                0x08000b04                __aeabi_ui2d
                0x08000b24                __floatsidf
                0x08000b24                __aeabi_i2d
                0x08000b48                __aeabi_f2d
                0x08000b48                __extendsfdf2
                0x08000b84                __floatundidf
                0x08000b84                __aeabi_ul2d
                0x08000b94                __floatdidf
                0x08000b94                __aeabi_l2d
 .text          0x08000bf0      0x424 d:/software/env/tools/gnu_gcc/arm_gcc/mingw/bin/../lib/gcc/arm-none-eabi/5.4.1/armv7e-m/fpu\libgcc.a(_arm_muldivdf3.o)
                0x08000bf0                __aeabi_dmul
                0x08000bf0                __muldf3
                0x08000e44                __divdf3
                0x08000e44                __aeabi_ddiv
 .text          0x08001014      0x110 d:/software/env/tools/gnu_gcc/arm_gcc/mingw/bin/../lib/gcc/arm-none-eabi/5.4.1/armv7e-m/fpu\libgcc.a(_arm_cmpdf2.o)
                0x08001014                __gtdf2
                0x08001014                __gedf2
                0x0800101c                __ltdf2
                0x0800101c                __ledf2
                0x08001024                __nedf2
                0x08001024                __eqdf2
                0x08001024                __cmpdf2
                0x080010a0                __aeabi_cdrcmple
                0x080010b0                __aeabi_cdcmpeq
                0x080010b0                __aeabi_cdcmple
                0x080010c0                __aeabi_dcmpeq
                0x080010d4                __aeabi_dcmplt
                0x080010e8                __aeabi_dcmple
                0x080010fc                __aeabi_dcmpge
                0x08001110                __aeabi_dcmpgt
 .text          0x08001124       0x2c d:/software/env/tools/gnu_gcc/arm_gcc/mingw/bin/../lib/gcc/arm-none-eabi/5.4.1/armv7e-m/fpu\libgcc.a(_arm_unorddf2.o)
                0x08001124                __unorddf2
                0x08001124                __aeabi_dcmpun
 .text          0x08001150       0x50 d:/software/env/tools/gnu_gcc/arm_gcc/mingw/bin/../lib/gcc/arm-none-eabi/5.4.1/armv7e-m/fpu\libgcc.a(_arm_fixdfsi.o)
                0x08001150                __aeabi_d2iz
                0x08001150                __fixdfsi
 .text          0x080011a0       0x30 d:/software/env/tools/gnu_gcc/arm_gcc/mingw/bin/../lib/gcc/arm-none-eabi/5.4.1/armv7e-m/fpu\libgcc.a(_aeabi_uldivmod.o)
                0x080011a0                __aeabi_uldivmod
 .text          0x080011d0      0x2e4 d:/software/env/tools/gnu_gcc/arm_gcc/mingw/bin/../lib/gcc/arm-none-eabi/5.4.1/armv7e-m/fpu\libgcc.a(_udivmoddi4.o)
                0x080011d0                __udivmoddi4
 .text          0x080014b4        0x4 d:/software/env/tools/gnu_gcc/arm_gcc/mingw/bin/../lib/gcc/arm-none-eabi/5.4.1/armv7e-m/fpu\libgcc.a(_dvmd_tls.o)
                0x080014b4                __aeabi_idiv0
                0x080014b4                __aeabi_ldiv0
 *(.text.*)
 .text.main     0x080014b8       0x50 build\applications\main.o
                0x080014b8                main
 .text.mem_test
                0x08001508      0x1e4 build\applications\mem_test.o
                0x08001508                mem_test
 .text.SystemClock_Config
                0x080016ec      0x10c build\drivers\board.o
 .text.SysTick_Handler
                0x080017f8       0x18 build\drivers\board.o
                0x080017f8                SysTick_Handler
 .text.HAL_InitTick
                0x08001810       0x38 build\drivers\board.o
                0x08001810                HAL_InitTick
 .text.HAL_Delay
                0x08001848       0x18 build\drivers\board.o
                0x08001848                HAL_Delay
 .text.HAL_MspInit
                0x08001860       0x64 build\drivers\board.o
                0x08001860                HAL_MspInit
 .text.rt_hw_board_init
                0x080018c4       0x30 build\drivers\board.o
                0x080018c4                rt_hw_board_init
 .text.NMI_Handler
                0x080018f4       0x10 build\drivers\stm32f4xx_it.o
                0x080018f4                NMI_Handler
 .text.MemManage_Handler
                0x08001904        0x8 build\drivers\stm32f4xx_it.o
                0x08001904                MemManage_Handler
 .text.BusFault_Handler
                0x0800190c        0x8 build\drivers\stm32f4xx_it.o
                0x0800190c                BusFault_Handler
 .text.UsageFault_Handler
                0x08001914        0x8 build\drivers\stm32f4xx_it.o
                0x08001914                UsageFault_Handler
 .text.SVC_Handler
                0x0800191c       0x10 build\drivers\stm32f4xx_it.o
                0x0800191c                SVC_Handler
 .text.sdcard_init
                0x0800192c       0x6c build\drivers\drv_sdcard.o
                0x0800192c                sdcard_init
 .text.HAL_SD_MspInit
                0x08001998       0xa4 build\drivers\drv_sdcard.o
                0x08001998                HAL_SD_MspInit
 .text.sdcard_read_blocks
                0x08001a3c       0x94 build\drivers\drv_sdcard.o
                0x08001a3c                sdcard_read_blocks
 .text.sdcard_write_blocks
                0x08001ad0       0x94 build\drivers\drv_sdcard.o
                0x08001ad0                sdcard_write_blocks
 .text.rt_sdcard_init
                0x08001b64       0x30 build\drivers\drv_sdcard.o
 .text.rt_sdcard_open
                0x08001b94       0x1c build\drivers\drv_sdcard.o
 .text.rt_sdcard_close
                0x08001bb0       0x18 build\drivers\drv_sdcard.o
 .text.rt_sdcard_read
                0x08001bc8       0x5c build\drivers\drv_sdcard.o
 .text.rt_sdcard_write
                0x08001c24       0x5c build\drivers\drv_sdcard.o
 .text.rt_sdcard_control
                0x08001c80       0x58 build\drivers\drv_sdcard.o
 .text.rt_hw_sdcard_init
                0x08001cd8       0x84 build\drivers\drv_sdcard.o
                0x08001cd8                rt_hw_sdcard_init
 .text.stm32_sdram_init_seq
                0x08001d5c      0x144 build\drivers\drv_sdram.o
 .text.stm32_sdram_init
                0x08001ea0      0x254 build\drivers\drv_sdram.o
 .text.rt_hw_sdram_init
                0x080020f4       0x30 build\drivers\drv_sdram.o
                0x080020f4                rt_hw_sdram_init
 .text.GPIOA_CLK_ENABLE
                0x08002124       0x34 build\drivers\drv_gpio.o
 .text.GPIOB_CLK_ENABLE
                0x08002158       0x34 build\drivers\drv_gpio.o
 .text.GPIOC_CLK_ENABLE
                0x0800218c       0x34 build\drivers\drv_gpio.o
 .text.GPIOD_CLK_ENABLE
                0x080021c0       0x34 build\drivers\drv_gpio.o
 .text.GPIOE_CLK_ENABLE
                0x080021f4       0x34 build\drivers\drv_gpio.o
 .text.GPIOF_CLK_ENABLE
                0x08002228       0x34 build\drivers\drv_gpio.o
 .text.GPIOG_CLK_ENABLE
                0x0800225c       0x34 build\drivers\drv_gpio.o
 .text.GPIOH_CLK_ENABLE
                0x08002290       0x34 build\drivers\drv_gpio.o
 .text.GPIOI_CLK_ENABLE
                0x080022c4       0x34 build\drivers\drv_gpio.o
 .text.GPIOJ_CLK_ENABLE
                0x080022f8       0x34 build\drivers\drv_gpio.o
 .text.GPIOK_CLK_ENABLE
                0x0800232c       0x34 build\drivers\drv_gpio.o
 .text.get_pin  0x08002360       0x40 build\drivers\drv_gpio.o
                0x08002360                get_pin
 .text.stm32_pin_write
                0x080023a0       0x3c build\drivers\drv_gpio.o
                0x080023a0                stm32_pin_write
 .text.stm32_pin_read
                0x080023dc       0x44 build\drivers\drv_gpio.o
                0x080023dc                stm32_pin_read
 .text.stm32_pin_mode
                0x08002420       0xa0 build\drivers\drv_gpio.o
                0x08002420                stm32_pin_mode
 .text.bit2bitno
                0x080024c0       0x40 build\drivers\drv_gpio.o
 .text.get_pin_irq_map
                0x08002500       0x34 build\drivers\drv_gpio.o
 .text.stm32_pin_attach_irq
                0x08002534      0x148 build\drivers\drv_gpio.o
                0x08002534                stm32_pin_attach_irq
 .text.stm32_pin_dettach_irq
                0x0800267c       0xd0 build\drivers\drv_gpio.o
                0x0800267c                stm32_pin_dettach_irq
 .text.stm32_pin_irq_enable
                0x0800274c      0x140 build\drivers\drv_gpio.o
                0x0800274c                stm32_pin_irq_enable
 .text.rt_hw_pin_init
                0x0800288c       0x24 build\drivers\drv_gpio.o
                0x0800288c                rt_hw_pin_init
 .text.pin_irq_hdr
                0x080028b0       0x54 build\drivers\drv_gpio.o
 .text.HAL_GPIO_EXTI_Callback
                0x08002904       0x24 build\drivers\drv_gpio.o
                0x08002904                HAL_GPIO_EXTI_Callback
 .text.EXTI0_IRQHandler
                0x08002928       0x18 build\drivers\drv_gpio.o
                0x08002928                EXTI0_IRQHandler
 .text.EXTI1_IRQHandler
                0x08002940       0x18 build\drivers\drv_gpio.o
                0x08002940                EXTI1_IRQHandler
 .text.EXTI2_IRQHandler
                0x08002958       0x18 build\drivers\drv_gpio.o
                0x08002958                EXTI2_IRQHandler
 .text.EXTI3_IRQHandler
                0x08002970       0x18 build\drivers\drv_gpio.o
                0x08002970                EXTI3_IRQHandler
 .text.EXTI4_IRQHandler
                0x08002988       0x18 build\drivers\drv_gpio.o
                0x08002988                EXTI4_IRQHandler
 .text.EXTI9_5_IRQHandler
                0x080029a0       0x34 build\drivers\drv_gpio.o
                0x080029a0                EXTI9_5_IRQHandler
 .text.EXTI15_10_IRQHandler
                0x080029d4       0x40 build\drivers\drv_gpio.o
                0x080029d4                EXTI15_10_IRQHandler
 .text.NVIC_EnableIRQ
                0x08002a14       0x34 build\drivers\drv_usart.o
 .text.NVIC_DisableIRQ
                0x08002a48       0x34 build\drivers\drv_usart.o
 .text.drv_configure
                0x08002a7c      0x108 build\drivers\drv_usart.o
 .text.drv_control
                0x08002b84       0x7c build\drivers\drv_usart.o
 .text.drv_putc
                0x08002c00       0x4c build\drivers\drv_usart.o
 .text.drv_getc
                0x08002c4c       0x50 build\drivers\drv_usart.o
 .text.USART3_IRQHandler
                0x08002c9c       0x50 build\drivers\drv_usart.o
                0x08002c9c                USART3_IRQHandler
 .text.USART6_IRQHandler
                0x08002cec       0x50 build\drivers\drv_usart.o
                0x08002cec                USART6_IRQHandler
 .text.HAL_UART_MspInit
                0x08002d3c      0x1c4 build\drivers\drv_usart.o
                0x08002d3c                HAL_UART_MspInit
 .text.hw_usart_init
                0x08002f00       0xac build\drivers\drv_usart.o
                0x08002f00                hw_usart_init
 .text.rt_hw_romfs_init
                0x08002fac       0x2c build\drivers\drv_romfs.o
                0x08002fac                rt_hw_romfs_init
 .text.SystemInit
                0x08002fd8       0x6c build\Libraries\CMSIS\Device\ST\STM32F4xx\Source\Templates\system_stm32f4xx.o
                0x08002fd8                SystemInit
 .text.Reset_Handler
                0x08003044       0x50 build\Libraries\CMSIS\Device\ST\STM32F4xx\Source\Templates\gcc\startup_stm32f469xx.o
                0x08003044                Reset_Handler
 .text.Default_Handler
                0x08003094        0x2 build\Libraries\CMSIS\Device\ST\STM32F4xx\Source\Templates\gcc\startup_stm32f469xx.o
                0x08003094                RTC_Alarm_IRQHandler
                0x08003094                HASH_RNG_IRQHandler
                0x08003094                TIM8_CC_IRQHandler
                0x08003094                DebugMon_Handler
                0x08003094                UART8_IRQHandler
                0x08003094                SPI4_IRQHandler
                0x08003094                TIM1_CC_IRQHandler
                0x08003094                DMA2_Stream5_IRQHandler
                0x08003094                DMA1_Stream5_IRQHandler
                0x08003094                PVD_IRQHandler
                0x08003094                SDIO_IRQHandler
                0x08003094                TAMP_STAMP_IRQHandler
                0x08003094                CAN2_RX1_IRQHandler
                0x08003094                TIM8_TRG_COM_TIM14_IRQHandler
                0x08003094                TIM1_UP_TIM10_IRQHandler
                0x08003094                TIM8_UP_TIM13_IRQHandler
                0x08003094                I2C3_ER_IRQHandler
                0x08003094                I2C2_EV_IRQHandler
                0x08003094                DMA1_Stream2_IRQHandler
                0x08003094                CAN1_RX0_IRQHandler
                0x08003094                FPU_IRQHandler
                0x08003094                OTG_HS_WKUP_IRQHandler
                0x08003094                LTDC_ER_IRQHandler
                0x08003094                CAN2_SCE_IRQHandler
                0x08003094                DMA2_Stream2_IRQHandler
                0x08003094                SPI1_IRQHandler
                0x08003094                TIM6_DAC_IRQHandler
                0x08003094                TIM1_BRK_TIM9_IRQHandler
                0x08003094                DCMI_IRQHandler
                0x08003094                CAN2_RX0_IRQHandler
                0x08003094                DMA2_Stream3_IRQHandler
                0x08003094                CAN1_RX1_IRQHandler
                0x08003094                UART5_IRQHandler
                0x08003094                DMA2_Stream0_IRQHandler
                0x08003094                TIM4_IRQHandler
                0x08003094                QUADSPI_IRQHandler
                0x08003094                I2C1_EV_IRQHandler
                0x08003094                DMA1_Stream6_IRQHandler
                0x08003094                DMA1_Stream1_IRQHandler
                0x08003094                UART4_IRQHandler
                0x08003094                TIM3_IRQHandler
                0x08003094                RCC_IRQHandler
                0x08003094                TIM8_BRK_TIM12_IRQHandler
                0x08003094                Default_Handler
                0x08003094                ADC_IRQHandler
                0x08003094                DMA1_Stream7_IRQHandler
                0x08003094                SPI5_IRQHandler
                0x08003094                TIM7_IRQHandler
                0x08003094                CAN2_TX_IRQHandler
                0x08003094                TIM5_IRQHandler
                0x08003094                DMA2_Stream7_IRQHandler
                0x08003094                I2C3_EV_IRQHandler
                0x08003094                RTC_WKUP_IRQHandler
                0x08003094                LTDC_IRQHandler
                0x08003094                ETH_WKUP_IRQHandler
                0x08003094                SPI2_IRQHandler
                0x08003094                OTG_HS_EP1_IN_IRQHandler
                0x08003094                DMA1_Stream0_IRQHandler
                0x08003094                CAN1_TX_IRQHandler
                0x08003094                DSI_IRQHandler
                0x08003094                ETH_IRQHandler
                0x08003094                OTG_HS_EP1_OUT_IRQHandler
                0x08003094                WWDG_IRQHandler
                0x08003094                SPI6_IRQHandler
                0x08003094                TIM2_IRQHandler
                0x08003094                OTG_FS_WKUP_IRQHandler
                0x08003094                TIM1_TRG_COM_TIM11_IRQHandler
                0x08003094                OTG_HS_IRQHandler
                0x08003094                DMA2D_IRQHandler
                0x08003094                UART7_IRQHandler
                0x08003094                USART2_IRQHandler
                0x08003094                I2C2_ER_IRQHandler
                0x08003094                DMA2_Stream1_IRQHandler
                0x08003094                CAN1_SCE_IRQHandler
                0x08003094                FLASH_IRQHandler
                0x08003094                DMA2_Stream4_IRQHandler
                0x08003094                USART1_IRQHandler
                0x08003094                OTG_FS_IRQHandler
                0x08003094                SPI3_IRQHandler
                0x08003094                DMA1_Stream4_IRQHandler
                0x08003094                I2C1_ER_IRQHandler
                0x08003094                FMC_IRQHandler
                0x08003094                DMA2_Stream6_IRQHandler
                0x08003094                SAI1_IRQHandler
                0x08003094                DMA1_Stream3_IRQHandler
 *fill*         0x08003096        0x2 00000000
 .text.HAL_Init
                0x08003098       0x44 build\Libraries\STM32F4xx_HAL_Driver\Src\stm32f4xx_hal.o
                0x08003098                HAL_Init
 .text.HAL_IncTick
                0x080030dc       0x1c build\Libraries\STM32F4xx_HAL_Driver\Src\stm32f4xx_hal.o
                0x080030dc                HAL_IncTick
 .text.HAL_GetTick
                0x080030f8       0x18 build\Libraries\STM32F4xx_HAL_Driver\Src\stm32f4xx_hal.o
                0x080030f8                HAL_GetTick
 .text.NVIC_SetPriorityGrouping
                0x08003110       0x48 build\Libraries\STM32F4xx_HAL_Driver\Src\stm32f4xx_hal_cortex.o
 .text.NVIC_GetPriorityGrouping
                0x08003158       0x1c build\Libraries\STM32F4xx_HAL_Driver\Src\stm32f4xx_hal_cortex.o
 .text.NVIC_EnableIRQ
                0x08003174       0x34 build\Libraries\STM32F4xx_HAL_Driver\Src\stm32f4xx_hal_cortex.o
 .text.NVIC_DisableIRQ
                0x080031a8       0x34 build\Libraries\STM32F4xx_HAL_Driver\Src\stm32f4xx_hal_cortex.o
 .text.NVIC_SetPriority
                0x080031dc       0x54 build\Libraries\STM32F4xx_HAL_Driver\Src\stm32f4xx_hal_cortex.o
 .text.NVIC_EncodePriority
                0x08003230       0x64 build\Libraries\STM32F4xx_HAL_Driver\Src\stm32f4xx_hal_cortex.o
 .text.SysTick_Config
                0x08003294       0x44 build\Libraries\STM32F4xx_HAL_Driver\Src\stm32f4xx_hal_cortex.o
 .text.HAL_NVIC_SetPriorityGrouping
                0x080032d8       0x18 build\Libraries\STM32F4xx_HAL_Driver\Src\stm32f4xx_hal_cortex.o
                0x080032d8                HAL_NVIC_SetPriorityGrouping
 .text.HAL_NVIC_SetPriority
                0x080032f0       0x38 build\Libraries\STM32F4xx_HAL_Driver\Src\stm32f4xx_hal_cortex.o
                0x080032f0                HAL_NVIC_SetPriority
 .text.HAL_NVIC_EnableIRQ
                0x08003328       0x1c build\Libraries\STM32F4xx_HAL_Driver\Src\stm32f4xx_hal_cortex.o
                0x08003328                HAL_NVIC_EnableIRQ
 .text.HAL_NVIC_DisableIRQ
                0x08003344       0x1c build\Libraries\STM32F4xx_HAL_Driver\Src\stm32f4xx_hal_cortex.o
                0x08003344                HAL_NVIC_DisableIRQ
 .text.HAL_SYSTICK_Config
                0x08003360       0x18 build\Libraries\STM32F4xx_HAL_Driver\Src\stm32f4xx_hal_cortex.o
                0x08003360                HAL_SYSTICK_Config
 .text.HAL_GPIO_Init
                0x08003378      0x354 build\Libraries\STM32F4xx_HAL_Driver\Src\stm32f4xx_hal_gpio.o
                0x08003378                HAL_GPIO_Init
 .text.HAL_GPIO_ReadPin
                0x080036cc       0x30 build\Libraries\STM32F4xx_HAL_Driver\Src\stm32f4xx_hal_gpio.o
                0x080036cc                HAL_GPIO_ReadPin
 .text.HAL_GPIO_WritePin
                0x080036fc       0x34 build\Libraries\STM32F4xx_HAL_Driver\Src\stm32f4xx_hal_gpio.o
                0x080036fc                HAL_GPIO_WritePin
 .text.HAL_GPIO_EXTI_IRQHandler
                0x08003730       0x30 build\Libraries\STM32F4xx_HAL_Driver\Src\stm32f4xx_hal_gpio.o
                0x08003730                HAL_GPIO_EXTI_IRQHandler
 .text.HAL_PWREx_EnableOverDrive
                0x08003760       0x9c build\Libraries\STM32F4xx_HAL_Driver\Src\stm32f4xx_hal_pwr_ex.o
                0x08003760                HAL_PWREx_EnableOverDrive
 .text.HAL_RCC_ClockConfig
                0x080037fc      0x1c4 build\Libraries\STM32F4xx_HAL_Driver\Src\stm32f4xx_hal_rcc.o
                0x080037fc                HAL_RCC_ClockConfig
 .text.HAL_RCC_GetSysClockFreq
                0x080039c0      0x1ac build\Libraries\STM32F4xx_HAL_Driver\Src\stm32f4xx_hal_rcc.o
                0x080039c0                HAL_RCC_GetSysClockFreq
 .text.HAL_RCC_GetHCLKFreq
                0x08003b6c       0x18 build\Libraries\STM32F4xx_HAL_Driver\Src\stm32f4xx_hal_rcc.o
                0x08003b6c                HAL_RCC_GetHCLKFreq
 .text.HAL_RCC_GetPCLK1Freq
                0x08003b84       0x28 build\Libraries\STM32F4xx_HAL_Driver\Src\stm32f4xx_hal_rcc.o
                0x08003b84                HAL_RCC_GetPCLK1Freq
 .text.HAL_RCC_GetPCLK2Freq
                0x08003bac       0x28 build\Libraries\STM32F4xx_HAL_Driver\Src\stm32f4xx_hal_rcc.o
                0x08003bac                HAL_RCC_GetPCLK2Freq
 .text.HAL_RCCEx_PeriphCLKConfig
                0x08003bd4      0x478 build\Libraries\STM32F4xx_HAL_Driver\Src\stm32f4xx_hal_rcc_ex.o
                0x08003bd4                HAL_RCCEx_PeriphCLKConfig
 .text.HAL_RCC_OscConfig
                0x0800404c      0x450 build\Libraries\STM32F4xx_HAL_Driver\Src\stm32f4xx_hal_rcc_ex.o
                0x0800404c                HAL_RCC_OscConfig
 .text.HAL_SD_Init
                0x0800449c       0x58 build\Libraries\STM32F4xx_HAL_Driver\Src\stm32f4xx_hal_sd.o
                0x0800449c                HAL_SD_Init
 .text.HAL_SD_InitCard
                0x080044f4       0xb8 build\Libraries\STM32F4xx_HAL_Driver\Src\stm32f4xx_hal_sd.o
                0x080044f4                HAL_SD_InitCard
 .text.HAL_SD_DeInit
                0x080045ac       0x40 build\Libraries\STM32F4xx_HAL_Driver\Src\stm32f4xx_hal_sd.o
                0x080045ac                HAL_SD_DeInit
 .text.HAL_SD_MspDeInit
                0x080045ec       0x14 build\Libraries\STM32F4xx_HAL_Driver\Src\stm32f4xx_hal_sd.o
                0x080045ec                HAL_SD_MspDeInit
 .text.HAL_SD_ReadBlocks
                0x08004600      0x32c build\Libraries\STM32F4xx_HAL_Driver\Src\stm32f4xx_hal_sd.o
                0x08004600                HAL_SD_ReadBlocks
 .text.HAL_SD_WriteBlocks
                0x0800492c      0x2d0 build\Libraries\STM32F4xx_HAL_Driver\Src\stm32f4xx_hal_sd.o
                0x0800492c                HAL_SD_WriteBlocks
 .text.HAL_SD_GetState
                0x08004bfc       0x1c build\Libraries\STM32F4xx_HAL_Driver\Src\stm32f4xx_hal_sd.o
                0x08004bfc                HAL_SD_GetState
 .text.HAL_SD_GetCardCSD
                0x08004c18      0x458 build\Libraries\STM32F4xx_HAL_Driver\Src\stm32f4xx_hal_sd.o
                0x08004c18                HAL_SD_GetCardCSD
 .text.HAL_SD_ConfigWideBusOperation
                0x08005070       0xf8 build\Libraries\STM32F4xx_HAL_Driver\Src\stm32f4xx_hal_sd.o
                0x08005070                HAL_SD_ConfigWideBusOperation
 .text.HAL_SD_GetCardState
                0x08005168       0x4c build\Libraries\STM32F4xx_HAL_Driver\Src\stm32f4xx_hal_sd.o
                0x08005168                HAL_SD_GetCardState
 .text.SD_InitCard
                0x080051b4      0x194 build\Libraries\STM32F4xx_HAL_Driver\Src\stm32f4xx_hal_sd.o
 .text.SD_PowerON
                0x08005348      0x150 build\Libraries\STM32F4xx_HAL_Driver\Src\stm32f4xx_hal_sd.o
 .text.SD_PowerOFF
                0x08005498       0x1c build\Libraries\STM32F4xx_HAL_Driver\Src\stm32f4xx_hal_sd.o
 .text.SD_SendStatus
                0x080054b4       0x54 build\Libraries\STM32F4xx_HAL_Driver\Src\stm32f4xx_hal_sd.o
 .text.SD_WideBus_Enable
                0x08005508       0x98 build\Libraries\STM32F4xx_HAL_Driver\Src\stm32f4xx_hal_sd.o
 .text.SD_WideBus_Disable
                0x080055a0       0x98 build\Libraries\STM32F4xx_HAL_Driver\Src\stm32f4xx_hal_sd.o
 .text.SD_FindSCR
                0x08005638      0x190 build\Libraries\STM32F4xx_HAL_Driver\Src\stm32f4xx_hal_sd.o
 .text.HAL_SDRAM_Init
                0x080057c8       0x68 build\Libraries\STM32F4xx_HAL_Driver\Src\stm32f4xx_hal_sdram.o
                0x080057c8                HAL_SDRAM_Init
 .text.HAL_SDRAM_MspInit
                0x08005830       0x14 build\Libraries\STM32F4xx_HAL_Driver\Src\stm32f4xx_hal_sdram.o
                0x08005830                HAL_SDRAM_MspInit
 .text.HAL_SDRAM_SendCommand
                0x08005844       0x58 build\Libraries\STM32F4xx_HAL_Driver\Src\stm32f4xx_hal_sdram.o
                0x08005844                HAL_SDRAM_SendCommand
 .text.HAL_SDRAM_ProgramRefreshRate
                0x0800589c       0x40 build\Libraries\STM32F4xx_HAL_Driver\Src\stm32f4xx_hal_sdram.o
                0x0800589c                HAL_SDRAM_ProgramRefreshRate
 .text.HAL_UART_Init
                0x080058dc       0x9c build\Libraries\STM32F4xx_HAL_Driver\Src\stm32f4xx_hal_uart.o
                0x080058dc                HAL_UART_Init
 .text.UART_SetConfig
                0x08005978      0x438 build\Libraries\STM32F4xx_HAL_Driver\Src\stm32f4xx_hal_uart.o
 .text.FMC_SDRAM_Init
                0x08005db0       0xe8 build\Libraries\STM32F4xx_HAL_Driver\Src\stm32f4xx_ll_fmc.o
                0x08005db0                FMC_SDRAM_Init
 .text.FMC_SDRAM_Timing_Init
                0x08005e98      0x100 build\Libraries\STM32F4xx_HAL_Driver\Src\stm32f4xx_ll_fmc.o
                0x08005e98                FMC_SDRAM_Timing_Init
 .text.FMC_SDRAM_SendCommand
                0x08005f98       0x78 build\Libraries\STM32F4xx_HAL_Driver\Src\stm32f4xx_ll_fmc.o
                0x08005f98                FMC_SDRAM_SendCommand
 .text.FMC_SDRAM_ProgramRefreshRate
                0x08006010       0x28 build\Libraries\STM32F4xx_HAL_Driver\Src\stm32f4xx_ll_fmc.o
                0x08006010                FMC_SDRAM_ProgramRefreshRate
 .text.SDIO_Init
                0x08006038       0x58 build\Libraries\STM32F4xx_HAL_Driver\Src\stm32f4xx_ll_sdmmc.o
                0x08006038                SDIO_Init
 .text.SDIO_ReadFIFO
                0x08006090       0x1c build\Libraries\STM32F4xx_HAL_Driver\Src\stm32f4xx_ll_sdmmc.o
                0x08006090                SDIO_ReadFIFO
 .text.SDIO_WriteFIFO
                0x080060ac       0x24 build\Libraries\STM32F4xx_HAL_Driver\Src\stm32f4xx_ll_sdmmc.o
                0x080060ac                SDIO_WriteFIFO
 .text.SDIO_PowerState_ON
                0x080060d0       0x1c build\Libraries\STM32F4xx_HAL_Driver\Src\stm32f4xx_ll_sdmmc.o
                0x080060d0                SDIO_PowerState_ON
 .text.SDIO_PowerState_OFF
                0x080060ec       0x1c build\Libraries\STM32F4xx_HAL_Driver\Src\stm32f4xx_ll_sdmmc.o
                0x080060ec                SDIO_PowerState_OFF
 .text.SDIO_GetPowerState
                0x08006108       0x1c build\Libraries\STM32F4xx_HAL_Driver\Src\stm32f4xx_ll_sdmmc.o
                0x08006108                SDIO_GetPowerState
 .text.SDIO_SendCommand
                0x08006124       0x54 build\Libraries\STM32F4xx_HAL_Driver\Src\stm32f4xx_ll_sdmmc.o
                0x08006124                SDIO_SendCommand
 .text.SDIO_GetCommandResponse
                0x08006178       0x1c build\Libraries\STM32F4xx_HAL_Driver\Src\stm32f4xx_ll_sdmmc.o
                0x08006178                SDIO_GetCommandResponse
 .text.SDIO_GetResponse
                0x08006194       0x2c build\Libraries\STM32F4xx_HAL_Driver\Src\stm32f4xx_ll_sdmmc.o
                0x08006194                SDIO_GetResponse
 .text.SDIO_ConfigData
                0x080061c0       0x58 build\Libraries\STM32F4xx_HAL_Driver\Src\stm32f4xx_ll_sdmmc.o
                0x080061c0                SDIO_ConfigData
 .text.SDMMC_CmdBlockLength
                0x08006218       0x48 build\Libraries\STM32F4xx_HAL_Driver\Src\stm32f4xx_ll_sdmmc.o
                0x08006218                SDMMC_CmdBlockLength
 .text.SDMMC_CmdReadSingleBlock
                0x08006260       0x48 build\Libraries\STM32F4xx_HAL_Driver\Src\stm32f4xx_ll_sdmmc.o
                0x08006260                SDMMC_CmdReadSingleBlock
 .text.SDMMC_CmdReadMultiBlock
                0x080062a8       0x48 build\Libraries\STM32F4xx_HAL_Driver\Src\stm32f4xx_ll_sdmmc.o
                0x080062a8                SDMMC_CmdReadMultiBlock
 .text.SDMMC_CmdWriteSingleBlock
                0x080062f0       0x48 build\Libraries\STM32F4xx_HAL_Driver\Src\stm32f4xx_ll_sdmmc.o
                0x080062f0                SDMMC_CmdWriteSingleBlock
 .text.SDMMC_CmdWriteMultiBlock
                0x08006338       0x48 build\Libraries\STM32F4xx_HAL_Driver\Src\stm32f4xx_ll_sdmmc.o
                0x08006338                SDMMC_CmdWriteMultiBlock
 .text.SDMMC_CmdStopTransfer
                0x08006380       0x48 build\Libraries\STM32F4xx_HAL_Driver\Src\stm32f4xx_ll_sdmmc.o
                0x08006380                SDMMC_CmdStopTransfer
 .text.SDMMC_CmdSelDesel
                0x080063c8       0x4c build\Libraries\STM32F4xx_HAL_Driver\Src\stm32f4xx_ll_sdmmc.o
                0x080063c8                SDMMC_CmdSelDesel
 .text.SDMMC_CmdGoIdleState
                0x08006414       0x40 build\Libraries\STM32F4xx_HAL_Driver\Src\stm32f4xx_ll_sdmmc.o
                0x08006414                SDMMC_CmdGoIdleState
 .text.SDMMC_CmdOperCond
                0x08006454       0x44 build\Libraries\STM32F4xx_HAL_Driver\Src\stm32f4xx_ll_sdmmc.o
                0x08006454                SDMMC_CmdOperCond
 .text.SDMMC_CmdAppCommand
                0x08006498       0x48 build\Libraries\STM32F4xx_HAL_Driver\Src\stm32f4xx_ll_sdmmc.o
                0x08006498                SDMMC_CmdAppCommand
 .text.SDMMC_CmdAppOperCommand
                0x080064e0       0x4c build\Libraries\STM32F4xx_HAL_Driver\Src\stm32f4xx_ll_sdmmc.o
                0x080064e0                SDMMC_CmdAppOperCommand
 .text.SDMMC_CmdBusWidth
                0x0800652c       0x48 build\Libraries\STM32F4xx_HAL_Driver\Src\stm32f4xx_ll_sdmmc.o
                0x0800652c                SDMMC_CmdBusWidth
 .text.SDMMC_CmdSendSCR
                0x08006574       0x48 build\Libraries\STM32F4xx_HAL_Driver\Src\stm32f4xx_ll_sdmmc.o
                0x08006574                SDMMC_CmdSendSCR
 .text.SDMMC_CmdSendCID
                0x080065bc       0x40 build\Libraries\STM32F4xx_HAL_Driver\Src\stm32f4xx_ll_sdmmc.o
                0x080065bc                SDMMC_CmdSendCID
 .text.SDMMC_CmdSendCSD
                0x080065fc       0x44 build\Libraries\STM32F4xx_HAL_Driver\Src\stm32f4xx_ll_sdmmc.o
                0x080065fc                SDMMC_CmdSendCSD
 .text.SDMMC_CmdSetRelAdd
                0x08006640       0x48 build\Libraries\STM32F4xx_HAL_Driver\Src\stm32f4xx_ll_sdmmc.o
                0x08006640                SDMMC_CmdSetRelAdd
 .text.SDMMC_CmdSendStatus
                0x08006688       0x48 build\Libraries\STM32F4xx_HAL_Driver\Src\stm32f4xx_ll_sdmmc.o
                0x08006688                SDMMC_CmdSendStatus
 .text.SDMMC_GetCmdError
                0x080066d0       0x54 build\Libraries\STM32F4xx_HAL_Driver\Src\stm32f4xx_ll_sdmmc.o
 .text.SDMMC_GetCmdResp1
                0x08006724      0x1cc build\Libraries\STM32F4xx_HAL_Driver\Src\stm32f4xx_ll_sdmmc.o
 .text.SDMMC_GetCmdResp2
                0x080068f0       0x80 build\Libraries\STM32F4xx_HAL_Driver\Src\stm32f4xx_ll_sdmmc.o
 .text.SDMMC_GetCmdResp3
                0x08006970       0x68 build\Libraries\STM32F4xx_HAL_Driver\Src\stm32f4xx_ll_sdmmc.o
 .text.SDMMC_GetCmdResp6
                0x080069d8       0xdc build\Libraries\STM32F4xx_HAL_Driver\Src\stm32f4xx_ll_sdmmc.o
 .text.SDMMC_GetCmdResp7
                0x08006ab4       0x74 build\Libraries\STM32F4xx_HAL_Driver\Src\stm32f4xx_ll_sdmmc.o
 .text.rt_tick_get
                0x08006b28       0x18 build\kernel\src\clock.o
                0x08006b28                rt_tick_get
 .text.rt_tick_increase
                0x08006b40       0x44 build\kernel\src\clock.o
                0x08006b40                rt_tick_increase
 .text.rti_start
                0x08006b84       0x10 build\kernel\src\components.o
 .text.rti_board_start
                0x08006b94       0x10 build\kernel\src\components.o
 .text.rti_board_end
                0x08006ba4       0x10 build\kernel\src\components.o
 .text.rti_end  0x08006bb4       0x10 build\kernel\src\components.o
 .text.rt_components_board_init
                0x08006bc4       0x30 build\kernel\src\components.o
                0x08006bc4                rt_components_board_init
 .text.rt_components_init
                0x08006bf4       0x30 build\kernel\src\components.o
                0x08006bf4                rt_components_init
 .text.entry    0x08006c24       0x14 build\kernel\src\components.o
                0x08006c24                entry
 .text.main_thread_entry
                0x08006c38       0x18 build\kernel\src\components.o
                0x08006c38                main_thread_entry
 .text.rt_application_init
                0x08006c50       0x4c build\kernel\src\components.o
                0x08006c50                rt_application_init
 .text.rtthread_startup
                0x08006c9c       0x30 build\kernel\src\components.o
                0x08006c9c                rtthread_startup
 .text.rt_device_register
                0x08006ccc       0x54 build\kernel\src\device.o
                0x08006ccc                rt_device_register
 .text.rt_device_find
                0x08006d20       0x90 build\kernel\src\device.o
                0x08006d20                rt_device_find
 .text.rt_device_open
                0x08006db0      0x120 build\kernel\src\device.o
                0x08006db0                rt_device_open
 .text.rt_device_close
                0x08006ed0       0x9c build\kernel\src\device.o
                0x08006ed0                rt_device_close
 .text.rt_device_read
                0x08006f6c       0x88 build\kernel\src\device.o
                0x08006f6c                rt_device_read
 .text.rt_device_write
                0x08006ff4       0x88 build\kernel\src\device.o
                0x08006ff4                rt_device_write
 .text.rt_device_control
                0x0800707c       0x68 build\kernel\src\device.o
                0x0800707c                rt_device_control
 .text.rt_device_set_rx_indicate
                0x080070e4       0x54 build\kernel\src\device.o
                0x080070e4                rt_device_set_rx_indicate
 .text.rt_list_remove
                0x08007138       0x38 build\kernel\src\idle.o
 .text._has_defunct_thread
                0x08007170       0x2c build\kernel\src\idle.o
 .text.rt_thread_idle_excute
                0x0800719c       0xc4 build\kernel\src\idle.o
                0x0800719c                rt_thread_idle_excute
 .text.rt_thread_idle_entry
                0x08007260       0x3c build\kernel\src\idle.o
 .text.rt_thread_idle_init
                0x0800729c       0x40 build\kernel\src\idle.o
                0x0800729c                rt_thread_idle_init
 .text.rt_list_init
                0x080072dc       0x24 build\kernel\src\ipc.o
 .text.rt_list_insert_before
                0x08007300       0x34 build\kernel\src\ipc.o
 .text.rt_list_isempty
                0x08007334       0x24 build\kernel\src\ipc.o
 .text.rt_ipc_object_init
                0x08007358       0x1c build\kernel\src\ipc.o
 .text.rt_ipc_list_suspend
                0x08007374       0x90 build\kernel\src\ipc.o
 .text.rt_ipc_list_resume
                0x08007404       0x20 build\kernel\src\ipc.o
 .text.rt_ipc_list_resume_all
                0x08007424       0x48 build\kernel\src\ipc.o
 .text.rt_sem_init
                0x0800746c       0x54 build\kernel\src\ipc.o
                0x0800746c                rt_sem_init
 .text.rt_sem_take
                0x080074c0      0x160 build\kernel\src\ipc.o
                0x080074c0                rt_sem_take
 .text.rt_sem_release
                0x08007620       0xa0 build\kernel\src\ipc.o
                0x08007620                rt_sem_release
 .text.rt_mutex_init
                0x080076c0       0x64 build\kernel\src\ipc.o
                0x080076c0                rt_mutex_init
 .text.rt_mutex_create
                0x08007724       0x88 build\kernel\src\ipc.o
                0x08007724                rt_mutex_create
 .text.rt_mutex_delete
                0x080077ac       0xac build\kernel\src\ipc.o
                0x080077ac                rt_mutex_delete
 .text.rt_mutex_take
                0x08007858      0x1d0 build\kernel\src\ipc.o
                0x08007858                rt_mutex_take
 .text.rt_mutex_release
                0x08007a28      0x190 build\kernel\src\ipc.o
                0x08007a28                rt_mutex_release
 .text.rt_interrupt_enter
                0x08007bb8       0x40 build\kernel\src\irq.o
                0x08007bb8                rt_interrupt_enter
 .text.rt_interrupt_leave
                0x08007bf8       0x40 build\kernel\src\irq.o
                0x08007bf8                rt_interrupt_leave
 .text.rt_interrupt_get_nest
                0x08007c38       0x18 build\kernel\src\irq.o
                0x08007c38                rt_interrupt_get_nest
 .text.rt_set_errno
                0x08007c50       0x40 build\kernel\src\kservice.o
                0x08007c50                rt_set_errno
 .text.rt_memset
                0x08007c90       0xb8 build\kernel\src\kservice.o
                0x08007c90                rt_memset
 .text.rt_memcpy
                0x08007d48       0xd4 build\kernel\src\kservice.o
                0x08007d48                rt_memcpy
 .text.rt_memmove
                0x08007e1c       0x84 build\kernel\src\kservice.o
                0x08007e1c                rt_memmove
 .text.rt_strncpy
                0x08007ea0       0x64 build\kernel\src\kservice.o
                0x08007ea0                rt_strncpy
 .text.rt_strncmp
                0x08007f04       0x4c build\kernel\src\kservice.o
                0x08007f04                rt_strncmp
 .text.rt_strlen
                0x08007f50       0x30 build\kernel\src\kservice.o
                0x08007f50                rt_strlen
 .text.rt_strdup
                0x08007f80       0x3c build\kernel\src\kservice.o
                0x08007f80                rt_strdup
 .text.rt_show_version
                0x08007fbc       0x44 build\kernel\src\kservice.o
                0x08007fbc                rt_show_version
 .text.divide   0x08008000       0x68 build\kernel\src\kservice.o
 .text.skip_atoi
                0x08008068       0x40 build\kernel\src\kservice.o
 .text.print_number
                0x080080a8      0x1d4 build\kernel\src\kservice.o
 .text.rt_vsnprintf
                0x0800827c      0x544 build\kernel\src\kservice.o
                0x0800827c                rt_vsnprintf
 .text.rt_snprintf
                0x080087c0       0x30 build\kernel\src\kservice.o
                0x080087c0                rt_snprintf
 .text.rt_console_get_device
                0x080087f0       0x18 build\kernel\src\kservice.o
                0x080087f0                rt_console_get_device
 .text.rt_console_set_device
                0x08008808       0x4c build\kernel\src\kservice.o
                0x08008808                rt_console_set_device
 .text.rt_hw_console_output
                0x08008854       0x14 build\kernel\src\kservice.o
                0x08008854                rt_hw_console_output
 .text.rt_kprintf
                0x08008868       0x84 build\kernel\src\kservice.o
                0x08008868                rt_kprintf
 .text.__rt_ffs
                0x080088ec       0x70 build\kernel\src\kservice.o
                0x080088ec                __rt_ffs
 .text.rt_assert_handler
                0x0800895c       0x4c build\kernel\src\kservice.o
                0x0800895c                rt_assert_handler
 .text.rt_memheap_init
                0x080089a8      0x144 build\kernel\src\memheap.o
                0x080089a8                rt_memheap_init
 .text.rt_memheap_alloc
                0x08008aec      0x1f8 build\kernel\src\memheap.o
                0x08008aec                rt_memheap_alloc
 .text.rt_memheap_realloc
                0x08008ce4      0x310 build\kernel\src\memheap.o
                0x08008ce4                rt_memheap_realloc
 .text.rt_memheap_free
                0x08008ff4      0x1b8 build\kernel\src\memheap.o
                0x08008ff4                rt_memheap_free
 .text.rt_system_heap_init
                0x080091ac       0x2c build\kernel\src\memheap.o
                0x080091ac                rt_system_heap_init
 .text.rt_malloc
                0x080091d8       0xc0 build\kernel\src\memheap.o
                0x080091d8                rt_malloc
 .text.rt_free  0x08009298       0x18 build\kernel\src\memheap.o
                0x08009298                rt_free
 .text.rt_realloc
                0x080092b0       0x9c build\kernel\src\memheap.o
                0x080092b0                rt_realloc
 .text.rt_calloc
                0x0800934c       0x38 build\kernel\src\memheap.o
                0x0800934c                rt_calloc
 .text.rt_list_insert_after
                0x08009384       0x34 build\kernel\src\object.o
 .text.rt_list_remove
                0x080093b8       0x38 build\kernel\src\object.o
 .text.rt_object_get_information
                0x080093f0       0x48 build\kernel\src\object.o
                0x080093f0                rt_object_get_information
 .text.rt_object_init
                0x08009438       0x84 build\kernel\src\object.o
                0x08009438                rt_object_init
 .text.rt_object_detach
                0x080094bc       0x5c build\kernel\src\object.o
                0x080094bc                rt_object_detach
 .text.rt_object_allocate
                0x08009518       0xcc build\kernel\src\object.o
                0x08009518                rt_object_allocate
 .text.rt_object_delete
                0x080095e4       0x7c build\kernel\src\object.o
                0x080095e4                rt_object_delete
 .text.rt_object_is_systemobject
                0x08009660       0x3c build\kernel\src\object.o
                0x08009660                rt_object_is_systemobject
 .text.rt_object_get_type
                0x0800969c       0x34 build\kernel\src\object.o
                0x0800969c                rt_object_get_type
 .text.rt_list_init
                0x080096d0       0x24 build\kernel\src\scheduler.o
 .text.rt_list_insert_before
                0x080096f4       0x34 build\kernel\src\scheduler.o
 .text.rt_list_remove
                0x08009728       0x38 build\kernel\src\scheduler.o
 .text.rt_list_isempty
                0x08009760       0x24 build\kernel\src\scheduler.o
 .text._rt_scheduler_stack_check
                0x08009784       0x98 build\kernel\src\scheduler.o
 .text.rt_system_scheduler_init
                0x0800981c       0x54 build\kernel\src\scheduler.o
                0x0800981c                rt_system_scheduler_init
 .text.rt_system_scheduler_start
                0x08009870       0x3c build\kernel\src\scheduler.o
                0x08009870                rt_system_scheduler_start
 .text.rt_schedule
                0x080098ac       0xd4 build\kernel\src\scheduler.o
                0x080098ac                rt_schedule
 .text.rt_schedule_insert_thread
                0x08009980       0x80 build\kernel\src\scheduler.o
                0x08009980                rt_schedule_insert_thread
 .text.rt_schedule_remove_thread
                0x08009a00       0x70 build\kernel\src\scheduler.o
                0x08009a00                rt_schedule_remove_thread
 .text.rt_enter_critical
                0x08009a70       0x2c build\kernel\src\scheduler.o
                0x08009a70                rt_enter_critical
 .text.rt_exit_critical
                0x08009a9c       0x48 build\kernel\src\scheduler.o
                0x08009a9c                rt_exit_critical
 .text.rt_list_init
                0x08009ae4       0x24 build\kernel\src\thread.o
 .text.rt_list_insert_after
                0x08009b08       0x34 build\kernel\src\thread.o
 .text.rt_list_insert_before
                0x08009b3c       0x34 build\kernel\src\thread.o
 .text.rt_list_remove
                0x08009b70       0x38 build\kernel\src\thread.o
 .text.rt_thread_exit
                0x08009ba8       0x6c build\kernel\src\thread.o
                0x08009ba8                rt_thread_exit
 .text._rt_thread_init
                0x08009c14       0xf8 build\kernel\src\thread.o
 .text.rt_thread_init
                0x08009d0c       0x6c build\kernel\src\thread.o
                0x08009d0c                rt_thread_init
 .text.rt_thread_self
                0x08009d78       0x18 build\kernel\src\thread.o
                0x08009d78                rt_thread_self
 .text.rt_thread_startup
                0x08009d90       0xa0 build\kernel\src\thread.o
                0x08009d90                rt_thread_startup
 .text.rt_thread_create
                0x08009e30       0x64 build\kernel\src\thread.o
                0x08009e30                rt_thread_create
 .text.rt_thread_delete
                0x08009e94       0xa8 build\kernel\src\thread.o
                0x08009e94                rt_thread_delete
 .text.rt_thread_yield
                0x08009f3c       0x74 build\kernel\src\thread.o
                0x08009f3c                rt_thread_yield
 .text.rt_thread_sleep
                0x08009fb0       0x90 build\kernel\src\thread.o
                0x08009fb0                rt_thread_sleep
 .text.rt_thread_delay
                0x0800a040       0x18 build\kernel\src\thread.o
                0x0800a040                rt_thread_delay
 .text.rt_thread_control
                0x0800a058       0xd4 build\kernel\src\thread.o
                0x0800a058                rt_thread_control
 .text.rt_thread_suspend
                0x0800a12c       0xa8 build\kernel\src\thread.o
                0x0800a12c                rt_thread_suspend
 .text.rt_thread_resume
                0x0800a1d4       0x98 build\kernel\src\thread.o
                0x0800a1d4                rt_thread_resume
 .text.rt_thread_timeout
                0x0800a26c       0x84 build\kernel\src\thread.o
                0x0800a26c                rt_thread_timeout
 .text.rt_list_init
                0x0800a2f0       0x24 build\kernel\src\timer.o
 .text.rt_list_insert_after
                0x0800a314       0x34 build\kernel\src\timer.o
 .text.rt_list_remove
                0x0800a348       0x38 build\kernel\src\timer.o
 .text.rt_list_isempty
                0x0800a380       0x24 build\kernel\src\timer.o
 .text._rt_timer_init
                0x0800a3a4       0x68 build\kernel\src\timer.o
 .text._rt_timer_remove
                0x0800a40c       0x34 build\kernel\src\timer.o
 .text.rt_timer_init
                0x0800a440       0x48 build\kernel\src\timer.o
                0x0800a440                rt_timer_init
 .text.rt_timer_detach
                0x0800a488       0x7c build\kernel\src\timer.o
                0x0800a488                rt_timer_detach
 .text.rt_timer_start
                0x0800a504      0x1fc build\kernel\src\timer.o
                0x0800a504                rt_timer_start
 .text.rt_timer_stop
                0x0800a700       0x94 build\kernel\src\timer.o
                0x0800a700                rt_timer_stop
 .text.rt_timer_control
                0x0800a794       0xa0 build\kernel\src\timer.o
                0x0800a794                rt_timer_control
 .text.rt_timer_check
                0x0800a834       0xb8 build\kernel\src\timer.o
                0x0800a834                rt_timer_check
 .text.rt_system_timer_init
                0x0800a8ec       0x34 build\kernel\src\timer.o
                0x0800a8ec                rt_system_timer_init
 .text.rt_system_timer_thread_init
                0x0800a920       0x10 build\kernel\src\timer.o
                0x0800a920                rt_system_timer_thread_init
 .text.rt_hw_stack_init
                0x0800a930       0x90 build\kernel\libcpu\arm\cortex-m4\cpuport.o
                0x0800a930                rt_hw_stack_init
 .text.usage_fault_track
                0x0800a9c0       0xc4 build\kernel\libcpu\arm\cortex-m4\cpuport.o
 .text.bus_fault_track
                0x0800aa84       0xcc build\kernel\libcpu\arm\cortex-m4\cpuport.o
 .text.mem_manage_fault_track
                0x0800ab50       0xb4 build\kernel\libcpu\arm\cortex-m4\cpuport.o
 .text.hard_fault_track
                0x0800ac04       0x78 build\kernel\libcpu\arm\cortex-m4\cpuport.o
 .text.rt_hw_hard_fault_exception
                0x0800ac7c      0x184 build\kernel\libcpu\arm\cortex-m4\cpuport.o
                0x0800ac7c                rt_hw_hard_fault_exception
 .text.dfs_init
                0x0800ae00       0x9c build\kernel\components\dfs\src\dfs.o
                0x0800ae00                dfs_init
 .text.dfs_lock
                0x0800ae9c       0x48 build\kernel\components\dfs\src\dfs.o
                0x0800ae9c                dfs_lock
 .text.dfs_unlock
                0x0800aee4       0x14 build\kernel\components\dfs\src\dfs.o
                0x0800aee4                dfs_unlock
 .text.fd_alloc
                0x0800aef8      0x108 build\kernel\components\dfs\src\dfs.o
 .text.fd_new   0x0800b000       0x58 build\kernel\components\dfs\src\dfs.o
                0x0800b000                fd_new
 .text.fd_get   0x0800b058       0x68 build\kernel\components\dfs\src\dfs.o
                0x0800b058                fd_get
 .text.fd_put   0x0800b0c0       0x88 build\kernel\components\dfs\src\dfs.o
                0x0800b0c0                fd_put
 .text.fd_is_open
                0x0800b148       0xec build\kernel\components\dfs\src\dfs.o
                0x0800b148                fd_is_open
 .text.dfs_subdir
                0x0800b234       0x50 build\kernel\components\dfs\src\dfs.o
                0x0800b234                dfs_subdir
 .text.dfs_normalize_path
                0x0800b284      0x208 build\kernel\components\dfs\src\dfs.o
                0x0800b284                dfs_normalize_path
 .text.dfs_fdtable_get
                0x0800b48c       0x1c build\kernel\components\dfs\src\dfs.o
                0x0800b48c                dfs_fdtable_get
 .text.list_fd  0x0800b4a8      0x12c build\kernel\components\dfs\src\dfs.o
                0x0800b4a8                list_fd
 .text.dfs_file_open
                0x0800b5d4      0x15c build\kernel\components\dfs\src\dfs_file.o
                0x0800b5d4                dfs_file_open
 .text.dfs_file_close
                0x0800b730       0x54 build\kernel\components\dfs\src\dfs_file.o
                0x0800b730                dfs_file_close
 .text.dfs_file_read
                0x0800b784       0x58 build\kernel\components\dfs\src\dfs_file.o
                0x0800b784                dfs_file_read
 .text.dfs_file_getdents
                0x0800b7dc       0x48 build\kernel\components\dfs\src\dfs_file.o
                0x0800b7dc                dfs_file_getdents
 .text.dfs_file_unlink
                0x0800b824       0xcc build\kernel\components\dfs\src\dfs_file.o
                0x0800b824                dfs_file_unlink
 .text.dfs_file_write
                0x0800b8f0       0x40 build\kernel\components\dfs\src\dfs_file.o
                0x0800b8f0                dfs_file_write
 .text.dfs_file_lseek
                0x0800b930       0x4c build\kernel\components\dfs\src\dfs_file.o
                0x0800b930                dfs_file_lseek
 .text.dfs_file_stat
                0x0800b97c       0xf8 build\kernel\components\dfs\src\dfs_file.o
                0x0800b97c                dfs_file_stat
 .text.dfs_file_rename
                0x0800ba74       0xdc build\kernel\components\dfs\src\dfs_file.o
                0x0800ba74                dfs_file_rename
 .text.ls       0x0800bb50      0x120 build\kernel\components\dfs\src\dfs_file.o
                0x0800bb50                ls
 .text.rm       0x0800bc70       0x28 build\kernel\components\dfs\src\dfs_file.o
                0x0800bc70                rm
 .text.cat      0x0800bc98       0x74 build\kernel\components\dfs\src\dfs_file.o
                0x0800bc98                cat
 .text.copyfile
                0x0800bd0c       0xe0 build\kernel\components\dfs\src\dfs_file.o
 .text.copydir  0x0800bdec      0x18c build\kernel\components\dfs\src\dfs_file.o
 .text._get_path_lastname
                0x0800bf78       0x2c build\kernel\components\dfs\src\dfs_file.o
 .text.copy     0x0800bfa4      0x15c build\kernel\components\dfs\src\dfs_file.o
                0x0800bfa4                copy
 .text.dfs_register
                0x0800c100       0x9c build\kernel\components\dfs\src\dfs_fs.o
                0x0800c100                dfs_register
 .text.dfs_filesystem_lookup
                0x0800c19c       0xc4 build\kernel\components\dfs\src\dfs_fs.o
                0x0800c19c                dfs_filesystem_lookup
 .text.dfs_mount
                0x0800c260      0x224 build\kernel\components\dfs\src\dfs_fs.o
                0x0800c260                dfs_mount
 .text.dfs_mkfs
                0x0800c484       0xb4 build\kernel\components\dfs\src\dfs_fs.o
                0x0800c484                dfs_mkfs
 .text.dfs_statfs
                0x0800c538       0x40 build\kernel\components\dfs\src\dfs_fs.o
                0x0800c538                dfs_statfs
 .text.mkfs     0x0800c578       0x1c build\kernel\components\dfs\src\dfs_fs.o
                0x0800c578                mkfs
 .text.df       0x0800c594      0x190 build\kernel\components\dfs\src\dfs_fs.o
                0x0800c594                df
 .text.open     0x0800c724       0x6c build\kernel\components\dfs\src\dfs_posix.o
                0x0800c724                open
 .text.close    0x0800c790       0x54 build\kernel\components\dfs\src\dfs_posix.o
                0x0800c790                close
 .text.read     0x0800c7e4       0x5c build\kernel\components\dfs\src\dfs_posix.o
                0x0800c7e4                read
 .text.write    0x0800c840       0x5c build\kernel\components\dfs\src\dfs_posix.o
                0x0800c840                write
 .text.lseek    0x0800c89c       0xb4 build\kernel\components\dfs\src\dfs_posix.o
                0x0800c89c                lseek
 .text.rename   0x0800c950       0x30 build\kernel\components\dfs\src\dfs_posix.o
                0x0800c950                rename
 .text.unlink   0x0800c980       0x2c build\kernel\components\dfs\src\dfs_posix.o
                0x0800c980                unlink
 .text.mkdir    0x0800c9ac       0x78 build\kernel\components\dfs\src\dfs_posix.o
                0x0800c9ac                mkdir
 .text.opendir  0x0800ca24       0x98 build\kernel\components\dfs\src\dfs_posix.o
                0x0800ca24                opendir
 .text.readdir  0x0800cabc       0xbc build\kernel\components\dfs\src\dfs_posix.o
                0x0800cabc                readdir
 .text.rewinddir
                0x0800cb78       0x54 build\kernel\components\dfs\src\dfs_posix.o
                0x0800cb78                rewinddir
 .text.closedir
                0x0800cbcc       0x60 build\kernel\components\dfs\src\dfs_posix.o
                0x0800cbcc                closedir
 .text.chdir    0x0800cc2c       0xac build\kernel\components\dfs\src\dfs_posix.o
                0x0800cc2c                chdir
 .text.getcwd   0x0800ccd8       0x2c build\kernel\components\dfs\src\dfs_posix.o
                0x0800ccd8                getcwd
 .text.dfs_device_fs_mount
                0x0800cd04       0x1c build\kernel\components\dfs\filesystems\devfs\devfs.o
                0x0800cd04                dfs_device_fs_mount
 .text.dfs_device_fs_ioctl
                0x0800cd20       0x60 build\kernel\components\dfs\filesystems\devfs\devfs.o
                0x0800cd20                dfs_device_fs_ioctl
 .text.dfs_device_fs_read
                0x0800cd80       0x68 build\kernel\components\dfs\filesystems\devfs\devfs.o
                0x0800cd80                dfs_device_fs_read
 .text.dfs_device_fs_write
                0x0800cde8       0x68 build\kernel\components\dfs\filesystems\devfs\devfs.o
                0x0800cde8                dfs_device_fs_write
 .text.dfs_device_fs_close
                0x0800ce50       0x8c build\kernel\components\dfs\filesystems\devfs\devfs.o
                0x0800ce50                dfs_device_fs_close
 .text.dfs_device_fs_open
                0x0800cedc      0x130 build\kernel\components\dfs\filesystems\devfs\devfs.o
                0x0800cedc                dfs_device_fs_open
 .text.dfs_device_fs_stat
                0x0800d00c       0xe4 build\kernel\components\dfs\filesystems\devfs\devfs.o
                0x0800d00c                dfs_device_fs_stat
 .text.dfs_device_fs_getdents
                0x0800d0f0       0xdc build\kernel\components\dfs\filesystems\devfs\devfs.o
                0x0800d0f0                dfs_device_fs_getdents
 .text.dfs_device_fs_poll
                0x0800d1cc       0x1c build\kernel\components\dfs\filesystems\devfs\devfs.o
 .text.devfs_init
                0x0800d1e8       0x14 build\kernel\components\dfs\filesystems\devfs\devfs.o
                0x0800d1e8                devfs_init
 .text.elm_result_to_dfs
                0x0800d1fc       0xa0 build\kernel\components\dfs\filesystems\elmfat\dfs_elm.o
 .text.get_disk
                0x0800d29c       0x40 build\kernel\components\dfs\filesystems\elmfat\dfs_elm.o
 .text.dfs_elm_mount
                0x0800d2dc      0x158 build\kernel\components\dfs\filesystems\elmfat\dfs_elm.o
                0x0800d2dc                dfs_elm_mount
 .text.dfs_elm_unmount
                0x0800d434       0xa0 build\kernel\components\dfs\filesystems\elmfat\dfs_elm.o
                0x0800d434                dfs_elm_unmount
 .text.dfs_elm_mkfs
                0x0800d4d4      0x14c build\kernel\components\dfs\filesystems\elmfat\dfs_elm.o
                0x0800d4d4                dfs_elm_mkfs
 .text.dfs_elm_statfs
                0x0800d620       0xb8 build\kernel\components\dfs\filesystems\elmfat\dfs_elm.o
                0x0800d620                dfs_elm_statfs
 .text.dfs_elm_open
                0x0800d6d8      0x1f8 build\kernel\components\dfs\filesystems\elmfat\dfs_elm.o
                0x0800d6d8                dfs_elm_open
 .text.dfs_elm_close
                0x0800d8d0       0x88 build\kernel\components\dfs\filesystems\elmfat\dfs_elm.o
                0x0800d8d0                dfs_elm_close
 .text.dfs_elm_ioctl
                0x0800d958       0x1c build\kernel\components\dfs\filesystems\elmfat\dfs_elm.o
                0x0800d958                dfs_elm_ioctl
 .text.dfs_elm_read
                0x0800d974       0x74 build\kernel\components\dfs\filesystems\elmfat\dfs_elm.o
                0x0800d974                dfs_elm_read
 .text.dfs_elm_write
                0x0800d9e8       0x7c build\kernel\components\dfs\filesystems\elmfat\dfs_elm.o
                0x0800d9e8                dfs_elm_write
 .text.dfs_elm_flush
                0x0800da64       0x44 build\kernel\components\dfs\filesystems\elmfat\dfs_elm.o
                0x0800da64                dfs_elm_flush
 .text.dfs_elm_lseek
                0x0800daa8       0xbc build\kernel\components\dfs\filesystems\elmfat\dfs_elm.o
                0x0800daa8                dfs_elm_lseek
 .text.dfs_elm_getdents
                0x0800db64      0x1a0 build\kernel\components\dfs\filesystems\elmfat\dfs_elm.o
                0x0800db64                dfs_elm_getdents
 .text.dfs_elm_unlink
                0x0800dd04       0x70 build\kernel\components\dfs\filesystems\elmfat\dfs_elm.o
                0x0800dd04                dfs_elm_unlink
 .text.dfs_elm_rename
                0x0800dd74       0x78 build\kernel\components\dfs\filesystems\elmfat\dfs_elm.o
                0x0800dd74                dfs_elm_rename
 .text.dfs_elm_stat
                0x0800ddec      0x208 build\kernel\components\dfs\filesystems\elmfat\dfs_elm.o
                0x0800ddec                dfs_elm_stat
 .text.elm_init
                0x0800dff4       0x14 build\kernel\components\dfs\filesystems\elmfat\dfs_elm.o
                0x0800dff4                elm_init
 .text.disk_initialize
                0x0800e008       0x18 build\kernel\components\dfs\filesystems\elmfat\dfs_elm.o
                0x0800e008                disk_initialize
 .text.disk_status
                0x0800e020       0x18 build\kernel\components\dfs\filesystems\elmfat\dfs_elm.o
                0x0800e020                disk_status
 .text.disk_read
                0x0800e038       0x44 build\kernel\components\dfs\filesystems\elmfat\dfs_elm.o
                0x0800e038                disk_read
 .text.disk_write
                0x0800e07c       0x44 build\kernel\components\dfs\filesystems\elmfat\dfs_elm.o
                0x0800e07c                disk_write
 .text.disk_ioctl
                0x0800e0c0       0xe4 build\kernel\components\dfs\filesystems\elmfat\dfs_elm.o
                0x0800e0c0                disk_ioctl
 .text.get_fattime
                0x0800e1a4       0x68 build\kernel\components\dfs\filesystems\elmfat\dfs_elm.o
                0x0800e1a4                get_fattime
 .text.ff_cre_syncobj
                0x0800e20c       0x48 build\kernel\components\dfs\filesystems\elmfat\dfs_elm.o
                0x0800e20c                ff_cre_syncobj
 .text.ff_del_syncobj
                0x0800e254       0x20 build\kernel\components\dfs\filesystems\elmfat\dfs_elm.o
                0x0800e254                ff_del_syncobj
 .text.ff_req_grant
                0x0800e274       0x28 build\kernel\components\dfs\filesystems\elmfat\dfs_elm.o
                0x0800e274                ff_req_grant
 .text.ff_rel_grant
                0x0800e29c       0x18 build\kernel\components\dfs\filesystems\elmfat\dfs_elm.o
                0x0800e29c                ff_rel_grant
 .text.ff_memalloc
                0x0800e2b4       0x18 build\kernel\components\dfs\filesystems\elmfat\dfs_elm.o
                0x0800e2b4                ff_memalloc
 .text.ff_memfree
                0x0800e2cc       0x18 build\kernel\components\dfs\filesystems\elmfat\dfs_elm.o
                0x0800e2cc                ff_memfree
 .text.ld_word  0x0800e2e4       0x30 build\kernel\components\dfs\filesystems\elmfat\ff.o
 .text.ld_dword
                0x0800e314       0x48 build\kernel\components\dfs\filesystems\elmfat\ff.o
 .text.st_word  0x0800e35c       0x38 build\kernel\components\dfs\filesystems\elmfat\ff.o
 .text.st_dword
                0x0800e394       0x58 build\kernel\components\dfs\filesystems\elmfat\ff.o
 .text.mem_cpy  0x0800e3ec       0x44 build\kernel\components\dfs\filesystems\elmfat\ff.o
 .text.mem_set  0x0800e430       0x34 build\kernel\components\dfs\filesystems\elmfat\ff.o
 .text.mem_cmp  0x0800e464       0x50 build\kernel\components\dfs\filesystems\elmfat\ff.o
 .text.chk_chr  0x0800e4b4       0x38 build\kernel\components\dfs\filesystems\elmfat\ff.o
 .text.lock_fs  0x0800e4ec       0x1c build\kernel\components\dfs\filesystems\elmfat\ff.o
 .text.unlock_fs
                0x0800e508       0x38 build\kernel\components\dfs\filesystems\elmfat\ff.o
 .text.sync_window
                0x0800e540       0x88 build\kernel\components\dfs\filesystems\elmfat\ff.o
 .text.move_window
                0x0800e5c8       0x5c build\kernel\components\dfs\filesystems\elmfat\ff.o
 .text.sync_fs  0x0800e624       0xdc build\kernel\components\dfs\filesystems\elmfat\ff.o
 .text.clust2sect
                0x0800e700       0x40 build\kernel\components\dfs\filesystems\elmfat\ff.o
 .text.get_fat  0x0800e740      0x14c build\kernel\components\dfs\filesystems\elmfat\ff.o
 .text.put_fat  0x0800e88c      0x1d0 build\kernel\components\dfs\filesystems\elmfat\ff.o
 .text.remove_chain
                0x0800ea5c       0xcc build\kernel\components\dfs\filesystems\elmfat\ff.o
 .text.create_chain
                0x0800eb28      0x130 build\kernel\components\dfs\filesystems\elmfat\ff.o
 .text.clmt_clust
                0x0800ec58       0x68 build\kernel\components\dfs\filesystems\elmfat\ff.o
 .text.dir_sdi  0x0800ecc0       0xf8 build\kernel\components\dfs\filesystems\elmfat\ff.o
 .text.dir_next
                0x0800edb8      0x18c build\kernel\components\dfs\filesystems\elmfat\ff.o
 .text.dir_alloc
                0x0800ef44       0x90 build\kernel\components\dfs\filesystems\elmfat\ff.o
 .text.ld_clust
                0x0800efd4       0x40 build\kernel\components\dfs\filesystems\elmfat\ff.o
 .text.st_clust
                0x0800f014       0x40 build\kernel\components\dfs\filesystems\elmfat\ff.o
 .text.cmp_lfn  0x0800f054       0xe0 build\kernel\components\dfs\filesystems\elmfat\ff.o
 .text.pick_lfn
                0x0800f134       0xc8 build\kernel\components\dfs\filesystems\elmfat\ff.o
 .text.put_lfn  0x0800f1fc       0xd0 build\kernel\components\dfs\filesystems\elmfat\ff.o
 .text.gen_numname
                0x0800f2cc      0x11c build\kernel\components\dfs\filesystems\elmfat\ff.o
 .text.sum_sfn  0x0800f3e8       0x44 build\kernel\components\dfs\filesystems\elmfat\ff.o
 .text.dir_read
                0x0800f42c      0x150 build\kernel\components\dfs\filesystems\elmfat\ff.o
 .text.dir_find
                0x0800f57c      0x180 build\kernel\components\dfs\filesystems\elmfat\ff.o
 .text.dir_register
                0x0800f6fc      0x1f0 build\kernel\components\dfs\filesystems\elmfat\ff.o
 .text.dir_remove
                0x0800f8ec       0x94 build\kernel\components\dfs\filesystems\elmfat\ff.o
 .text.get_fileinfo
                0x0800f980      0x1bc build\kernel\components\dfs\filesystems\elmfat\ff.o
 .text.create_name
                0x0800fb3c      0x370 build\kernel\components\dfs\filesystems\elmfat\ff.o
 .text.follow_path
                0x0800feac       0xe4 build\kernel\components\dfs\filesystems\elmfat\ff.o
 .text.get_ldnumber
                0x0800ff90       0x88 build\kernel\components\dfs\filesystems\elmfat\ff.o
 .text.check_fs
                0x08010018       0xac build\kernel\components\dfs\filesystems\elmfat\ff.o
 .text.find_volume
                0x080100c4      0x4a4 build\kernel\components\dfs\filesystems\elmfat\ff.o
 .text.validate
                0x08010568       0x7c build\kernel\components\dfs\filesystems\elmfat\ff.o
 .text.f_mount  0x080105e4       0xc0 build\kernel\components\dfs\filesystems\elmfat\ff.o
                0x080105e4                f_mount
 .text.f_open   0x080106a4      0x350 build\kernel\components\dfs\filesystems\elmfat\ff.o
                0x080106a4                f_open
 .text.f_read   0x080109f4      0x2dc build\kernel\components\dfs\filesystems\elmfat\ff.o
                0x080109f4                f_read
 .text.f_write  0x08010cd0      0x348 build\kernel\components\dfs\filesystems\elmfat\ff.o
                0x08010cd0                f_write
 .text.f_sync   0x08011018      0x114 build\kernel\components\dfs\filesystems\elmfat\ff.o
                0x08011018                f_sync
 .text.f_close  0x0801112c       0x4c build\kernel\components\dfs\filesystems\elmfat\ff.o
                0x0801112c                f_close
 .text.f_lseek  0x08011178      0x4a8 build\kernel\components\dfs\filesystems\elmfat\ff.o
                0x08011178                f_lseek
 .text.f_opendir
                0x08011620       0xec build\kernel\components\dfs\filesystems\elmfat\ff.o
                0x08011620                f_opendir
 .text.f_readdir
                0x0801170c       0xb0 build\kernel\components\dfs\filesystems\elmfat\ff.o
                0x0801170c                f_readdir
 .text.f_seekdir
                0x080117bc       0x60 build\kernel\components\dfs\filesystems\elmfat\ff.o
                0x080117bc                f_seekdir
 .text.f_stat   0x0801181c       0xac build\kernel\components\dfs\filesystems\elmfat\ff.o
                0x0801181c                f_stat
 .text.f_getfree
                0x080118c8      0x178 build\kernel\components\dfs\filesystems\elmfat\ff.o
                0x080118c8                f_getfree
 .text.f_unlink
                0x08011a40      0x174 build\kernel\components\dfs\filesystems\elmfat\ff.o
                0x08011a40                f_unlink
 .text.f_mkdir  0x08011bb4      0x248 build\kernel\components\dfs\filesystems\elmfat\ff.o
                0x08011bb4                f_mkdir
 .text.f_rename
                0x08011dfc      0x218 build\kernel\components\dfs\filesystems\elmfat\ff.o
                0x08011dfc                f_rename
 .text.f_mkfs   0x08012014      0x858 build\kernel\components\dfs\filesystems\elmfat\ff.o
                0x08012014                f_mkfs
 .text.elm_get_vol
                0x0801286c       0x40 build\kernel\components\dfs\filesystems\elmfat\ff.o
                0x0801286c                elm_get_vol
 .text.ff_convert
                0x080128ac       0x78 build\kernel\components\dfs\filesystems\elmfat\option\ccsbcs.o
                0x080128ac                ff_convert
 .text.ff_wtoupper
                0x08012924      0x114 build\kernel\components\dfs\filesystems\elmfat\option\ccsbcs.o
                0x08012924                ff_wtoupper
 .text.dfs_romfs_mount
                0x08012a38       0x30 build\kernel\components\dfs\filesystems\romfs\dfs_romfs.o
                0x08012a38                dfs_romfs_mount
 .text.dfs_romfs_unmount
                0x08012a68       0x18 build\kernel\components\dfs\filesystems\romfs\dfs_romfs.o
                0x08012a68                dfs_romfs_unmount
 .text.dfs_romfs_ioctl
                0x08012a80       0x1c build\kernel\components\dfs\filesystems\romfs\dfs_romfs.o
                0x08012a80                dfs_romfs_ioctl
 .text.check_dirent
                0x08012a9c       0x38 build\kernel\components\dfs\filesystems\romfs\dfs_romfs.o
 .text.dfs_romfs_lookup
                0x08012ad4      0x194 build\kernel\components\dfs\filesystems\romfs\dfs_romfs.o
                0x08012ad4                dfs_romfs_lookup
 .text.dfs_romfs_read
                0x08012c68       0x94 build\kernel\components\dfs\filesystems\romfs\dfs_romfs.o
                0x08012c68                dfs_romfs_read
 .text.dfs_romfs_lseek
                0x08012cfc       0x30 build\kernel\components\dfs\filesystems\romfs\dfs_romfs.o
                0x08012cfc                dfs_romfs_lseek
 .text.dfs_romfs_close
                0x08012d2c       0x1c build\kernel\components\dfs\filesystems\romfs\dfs_romfs.o
                0x08012d2c                dfs_romfs_close
 .text.dfs_romfs_open
                0x08012d48       0xa0 build\kernel\components\dfs\filesystems\romfs\dfs_romfs.o
                0x08012d48                dfs_romfs_open
 .text.dfs_romfs_stat
                0x08012de8       0x7c build\kernel\components\dfs\filesystems\romfs\dfs_romfs.o
                0x08012de8                dfs_romfs_stat
 .text.dfs_romfs_getdents
                0x08012e64      0x10c build\kernel\components\dfs\filesystems\romfs\dfs_romfs.o
                0x08012e64                dfs_romfs_getdents
 .text.dfs_romfs_init
                0x08012f70       0x14 build\kernel\components\dfs\filesystems\romfs\dfs_romfs.o
                0x08012f70                dfs_romfs_init
 .text._pin_read
                0x08012f84       0x60 build\kernel\components\drivers\misc\pin.o
 .text._pin_write
                0x08012fe4       0x5c build\kernel\components\drivers\misc\pin.o
 .text._pin_control
                0x08013040       0x58 build\kernel\components\drivers\misc\pin.o
 .text.rt_device_pin_register
                0x08013098       0x74 build\kernel\components\drivers\misc\pin.o
                0x08013098                rt_device_pin_register
 .text.rt_pin_mode
                0x0801310c       0x40 build\kernel\components\drivers\misc\pin.o
                0x0801310c                rt_pin_mode
 .text.rt_pin_write
                0x0801314c       0x40 build\kernel\components\drivers\misc\pin.o
                0x0801314c                rt_pin_write
 .text.rt_pin_read
                0x0801318c       0x3c build\kernel\components\drivers\misc\pin.o
                0x0801318c                rt_pin_read
 .text._serial_poll_rx
                0x080131c8       0x74 build\kernel\components\drivers\serial\serial.o
 .text._serial_poll_tx
                0x0801323c       0x7c build\kernel\components\drivers\serial\serial.o
 .text._serial_int_rx
                0x080132b8       0xd8 build\kernel\components\drivers\serial\serial.o
 .text._serial_int_tx
                0x08013390       0x90 build\kernel\components\drivers\serial\serial.o
 .text._serial_fifo_calc_recved_len
                0x08013420       0x88 build\kernel\components\drivers\serial\serial.o
 .text.rt_dma_calc_recved_len
                0x080134a8       0x18 build\kernel\components\drivers\serial\serial.o
 .text.rt_dma_recv_update_get_index
                0x080134c0       0xa4 build\kernel\components\drivers\serial\serial.o
 .text.rt_dma_recv_update_put_index
                0x08013564      0x10c build\kernel\components\drivers\serial\serial.o
 .text._serial_dma_rx
                0x08013670      0x198 build\kernel\components\drivers\serial\serial.o
 .text._serial_dma_tx
                0x08013808       0x70 build\kernel\components\drivers\serial\serial.o
 .text.rt_serial_init
                0x08013878       0x5c build\kernel\components\drivers\serial\serial.o
 .text.rt_serial_open
                0x080138d4      0x35c build\kernel\components\drivers\serial\serial.o
 .text.rt_serial_close
                0x08013c30      0x1a8 build\kernel\components\drivers\serial\serial.o
 .text.rt_serial_read
                0x08013dd8       0x84 build\kernel\components\drivers\serial\serial.o
 .text.rt_serial_write
                0x08013e5c       0x84 build\kernel\components\drivers\serial\serial.o
 .text.rt_serial_control
                0x08013ee0       0xd0 build\kernel\components\drivers\serial\serial.o
 .text.rt_hw_serial_register
                0x08013fb0       0x9c build\kernel\components\drivers\serial\serial.o
                0x08013fb0                rt_hw_serial_register
 .text.rt_hw_serial_isr
                0x0801404c      0x260 build\kernel\components\drivers\serial\serial.o
                0x0801404c                rt_hw_serial_isr
 .text.rt_list_init
                0x080142ac       0x24 build\kernel\components\drivers\src\completion.o
 .text.rt_list_insert_before
                0x080142d0       0x34 build\kernel\components\drivers\src\completion.o
 .text.rt_list_isempty
                0x08014304       0x24 build\kernel\components\drivers\src\completion.o
 .text.rt_completion_init
                0x08014328       0x44 build\kernel\components\drivers\src\completion.o
                0x08014328                rt_completion_init
 .text.rt_completion_wait
                0x0801436c       0xfc build\kernel\components\drivers\src\completion.o
                0x0801436c                rt_completion_wait
 .text.rt_completion_done
                0x08014468       0x70 build\kernel\components\drivers\src\completion.o
                0x08014468                rt_completion_done
 .text.rt_list_init
                0x080144d8       0x24 build\kernel\components\drivers\src\dataqueue.o
 .text.rt_list_insert_before
                0x080144fc       0x34 build\kernel\components\drivers\src\dataqueue.o
 .text.rt_list_isempty
                0x08014530       0x24 build\kernel\components\drivers\src\dataqueue.o
 .text.rt_data_queue_init
                0x08014554       0x84 build\kernel\components\drivers\src\dataqueue.o
                0x08014554                rt_data_queue_init
 .text.rt_data_queue_push
                0x080145d8      0x190 build\kernel\components\drivers\src\dataqueue.o
                0x080145d8                rt_data_queue_push
 .text.rt_data_queue_pop
                0x08014768      0x1e4 build\kernel\components\drivers\src\dataqueue.o
                0x08014768                rt_data_queue_pop
 .text.rt_data_queue_peak
                0x0801494c       0xa0 build\kernel\components\drivers\src\dataqueue.o
                0x0801494c                rt_data_queue_peak
 .text.finsh_get_prompt
                0x080149ec       0xc0 build\kernel\components\finsh\shell.o
                0x080149ec                finsh_get_prompt
 .text.finsh_set_prompt_mode
                0x08014aac       0x48 build\kernel\components\finsh\shell.o
                0x08014aac                finsh_set_prompt_mode
 .text.finsh_getchar
                0x08014af4       0x58 build\kernel\components\finsh\shell.o
 .text.finsh_rx_ind
                0x08014b4c       0x3c build\kernel\components\finsh\shell.o
 .text.finsh_set_device
                0x08014b88       0xd8 build\kernel\components\finsh\shell.o
                0x08014b88                finsh_set_device
 .text.shell_auto_complete
                0x08014c60       0x40 build\kernel\components\finsh\shell.o
 .text.shell_handle_history
                0x08014ca0       0x34 build\kernel\components\finsh\shell.o
 .text.shell_push_history
                0x08014cd4      0x160 build\kernel\components\finsh\shell.o
 .text.finsh_thread_entry
                0x08014e34      0x5c0 build\kernel\components\finsh\shell.o
                0x08014e34                finsh_thread_entry
 .text.finsh_system_function_init
                0x080153f4       0x2c build\kernel\components\finsh\shell.o
                0x080153f4                finsh_system_function_init
 .text.finsh_system_var_init
                0x08015420       0x2c build\kernel\components\finsh\shell.o
                0x08015420                finsh_system_var_init
 .text.finsh_system_init
                0x0801544c       0xac build\kernel\components\finsh\shell.o
                0x0801544c                finsh_system_init
 .text.rt_list_isempty
                0x080154f8       0x24 build\kernel\components\finsh\cmd.o
 .text.rt_list_len
                0x0801551c       0x38 build\kernel\components\finsh\cmd.o
 .text.hello    0x08015554       0x14 build\kernel\components\finsh\cmd.o
                0x08015554                hello
 .text.version  0x08015568       0x10 build\kernel\components\finsh\cmd.o
                0x08015568                version
 .text.object_name_maxlen
                0x08015578       0x70 build\kernel\components\finsh\cmd.o
 .text.object_split
                0x080155e8       0x28 build\kernel\components\finsh\cmd.o
 .text._list_thread
                0x08015610      0x130 build\kernel\components\finsh\cmd.o
 .text.list_thread
                0x08015740       0x24 build\kernel\components\finsh\cmd.o
                0x08015740                list_thread
 .text.show_wait_queue
                0x08015764       0x50 build\kernel\components\finsh\cmd.o
 .text._list_sem
                0x080157b4       0xd4 build\kernel\components\finsh\cmd.o
 .text.list_sem
                0x08015888       0x24 build\kernel\components\finsh\cmd.o
                0x08015888                list_sem
 .text._list_event
                0x080158ac       0xc4 build\kernel\components\finsh\cmd.o
 .text.list_event
                0x08015970       0x24 build\kernel\components\finsh\cmd.o
                0x08015970                list_event
 .text._list_mutex
                0x08015994       0x94 build\kernel\components\finsh\cmd.o
 .text.list_mutex
                0x08015a28       0x24 build\kernel\components\finsh\cmd.o
                0x08015a28                list_mutex
 .text._list_mailbox
                0x08015a4c       0xe4 build\kernel\components\finsh\cmd.o
 .text.list_mailbox
                0x08015b30       0x24 build\kernel\components\finsh\cmd.o
                0x08015b30                list_mailbox
 .text._list_msgqueue
                0x08015b54       0xd4 build\kernel\components\finsh\cmd.o
 .text.list_msgqueue
                0x08015c28       0x24 build\kernel\components\finsh\cmd.o
                0x08015c28                list_msgqueue
 .text._list_memheap
                0x08015c4c       0x84 build\kernel\components\finsh\cmd.o
 .text.list_memheap
                0x08015cd0       0x24 build\kernel\components\finsh\cmd.o
                0x08015cd0                list_memheap
 .text._list_timer
                0x08015cf4       0xb0 build\kernel\components\finsh\cmd.o
 .text.list_timer
                0x08015da4       0x24 build\kernel\components\finsh\cmd.o
                0x08015da4                list_timer
 .text._list_device
                0x08015dc8       0xa8 build\kernel\components\finsh\cmd.o
 .text.list_device
                0x08015e70       0x24 build\kernel\components\finsh\cmd.o
                0x08015e70                list_device
 .text.list     0x08015e94       0x6c build\kernel\components\finsh\cmd.o
                0x08015e94                list
 .text.msh_is_used
                0x08015f00       0x10 build\kernel\components\finsh\msh.o
                0x08015f00                msh_is_used
 .text.msh_help
                0x08015f10       0x7c build\kernel\components\finsh\msh.o
                0x08015f10                msh_help
 .text.msh_split
                0x08015f8c      0x170 build\kernel\components\finsh\msh.o
 .text.msh_get_cmd
                0x080160fc       0x80 build\kernel\components\finsh\msh.o
 .text._msh_exec_cmd
                0x0801617c       0xd4 build\kernel\components\finsh\msh.o
 .text.msh_exec
                0x08016250       0x98 build\kernel\components\finsh\msh.o
                0x08016250                msh_exec
 .text.str_common
                0x080162e8       0x4c build\kernel\components\finsh\msh.o
 .text.msh_auto_complete_path
                0x08016334      0x228 build\kernel\components\finsh\msh.o
                0x08016334                msh_auto_complete_path
 .text.msh_auto_complete
                0x0801655c      0x104 build\kernel\components\finsh\msh.o
                0x0801655c                msh_auto_complete
 .text.cmd_ls   0x08016660       0x34 build\kernel\components\finsh\msh_cmd.o
                0x08016660                cmd_ls
 .text.cmd_cp   0x08016694       0x44 build\kernel\components\finsh\msh_cmd.o
                0x08016694                cmd_cp
 .text.cmd_mv   0x080166d8      0x138 build\kernel\components\finsh\msh_cmd.o
                0x080166d8                cmd_mv
 .text.cmd_cat  0x08016810       0x58 build\kernel\components\finsh\msh_cmd.o
                0x08016810                cmd_cat